Archive member included to satisfy reference by file (symbol)

c:/program files (x86)/atmel/studio/7.0/toolchain/avr8/avr8-gnu-toolchain/bin/../lib/gcc/avr/4.9.2/avr6\libgcc.a(_divmodhi4.o)
                              PNEWELS.o (__divmodhi4)
c:/program files (x86)/atmel/studio/7.0/toolchain/avr8/avr8-gnu-toolchain/bin/../lib/gcc/avr/4.9.2/avr6\libgcc.a(_udivmodsi4.o)
                              ASF USART/hal/drivers/usart_megarf.o (__udivmodsi4)
c:/program files (x86)/atmel/studio/7.0/toolchain/avr8/avr8-gnu-toolchain/bin/../lib/gcc/avr/4.9.2/avr6\libgcc.a(_exit.o)
                              C:/Program Files (x86)/Atmel/Studio/7.0/Packs/atmel/ATmega_DFP/1.0.98/gcc/dev/atmega2564rfr2/avr6/crtatmega2564rfr2.o (exit)
c:/program files (x86)/atmel/studio/7.0/toolchain/avr8/avr8-gnu-toolchain/bin/../lib/gcc/avr/4.9.2/avr6\libgcc.a(_tablejump2.o)
                              ASF TWI/twi_megarf.o (__tablejump2__)
c:/program files (x86)/atmel/studio/7.0/toolchain/avr8/avr8-gnu-toolchain/bin/../lib/gcc/avr/4.9.2/avr6\libgcc.a(_copy_data.o)
                              appIb.o (__do_copy_data)
c:/program files (x86)/atmel/studio/7.0/toolchain/avr8/avr8-gnu-toolchain/bin/../lib/gcc/avr/4.9.2/avr6\libgcc.a(_clear_bss.o)
                              appCommand.o (__do_clear_bss)
c:/program files (x86)/atmel/studio/7.0/toolchain/avr8/avr8-gnu-toolchain/bin/../lib/gcc/avr/4.9.2/avr6\libgcc.a(_umulhisi3.o)
                              UserApp/appPNEWELS_time/src/appPNEWELSTime2.o (__umulhisi3)
c:/program files (x86)/atmel/studio/7.0/toolchain/avr8/avr8-gnu-toolchain/bin/../lib/gcc/avr/4.9.2/avr6\libgcc.a(_usmulhisi3.o)
                              PNEWELS.o (__usmulhisi3)
c:/program files (x86)/atmel/studio/7.0/toolchain/avr8/avr8-gnu-toolchain/bin/../lib/gcc/avr/4.9.2/avr6\libgcc.a(_mulshisi3.o)
                              PNEWELS.o (__mulshisi3)
c:/program files (x86)/atmel/studio/7.0/toolchain/avr8/avr8-gnu-toolchain/bin/../lib/gcc/avr/4.9.2/avr6\libgcc.a(_udivmodhi4.o)
                              c:/program files (x86)/atmel/studio/7.0/toolchain/avr8/avr8-gnu-toolchain/bin/../lib/gcc/avr/4.9.2/avr6\libgcc.a(_divmodhi4.o) (__udivmodhi4)
c:/program files (x86)/atmel/studio/7.0/toolchain/avr8/avr8-gnu-toolchain/bin/../lib/gcc/avr/4.9.2/avr6\libgcc.a(_muluhisi3.o)
                              c:/program files (x86)/atmel/studio/7.0/toolchain/avr8/avr8-gnu-toolchain/bin/../lib/gcc/avr/4.9.2/avr6\libgcc.a(_mulshisi3.o) (__muluhisi3)
c:/program files (x86)/atmel/studio/7.0/toolchain/avr8/avr8-gnu-toolchain/bin/../lib/gcc/avr/4.9.2/../../../../avr/lib/avr6\libc.a(rand.o)
                              LwMesh/nwk/src/nwkTx.o (rand)
c:/program files (x86)/atmel/studio/7.0/toolchain/avr8/avr8-gnu-toolchain/bin/../lib/gcc/avr/4.9.2/../../../../avr/lib/avr6\libc.a(memcmp.o)
                              PNEWELS.o (memcmp)
c:/program files (x86)/atmel/studio/7.0/toolchain/avr8/avr8-gnu-toolchain/bin/../lib/gcc/avr/4.9.2/../../../../avr/lib/avr6\libc.a(memcpy.o)
                              appCommand.o (memcpy)
c:/program files (x86)/atmel/studio/7.0/toolchain/avr8/avr8-gnu-toolchain/bin/../lib/gcc/avr/4.9.2/../../../../avr/lib/avr6\libc.a(memset.o)
                              appCommand.o (memset)
c:/program files (x86)/atmel/studio/7.0/toolchain/avr8/avr8-gnu-toolchain/bin/../lib/gcc/avr/4.9.2/avr6\libgcc.a(_divmodsi4.o)
                              c:/program files (x86)/atmel/studio/7.0/toolchain/avr8/avr8-gnu-toolchain/bin/../lib/gcc/avr/4.9.2/../../../../avr/lib/avr6\libc.a(rand.o) (__divmodsi4)
c:/program files (x86)/atmel/studio/7.0/toolchain/avr8/avr8-gnu-toolchain/bin/../lib/gcc/avr/4.9.2/avr6\libgcc.a(_negsi2.o)
                              c:/program files (x86)/atmel/studio/7.0/toolchain/avr8/avr8-gnu-toolchain/bin/../lib/gcc/avr/4.9.2/avr6\libgcc.a(_divmodsi4.o) (__negsi2)

Allocating common symbols
Common symbol       size              file

batt_max            0x1               appIb.o
LED_flag            0x1               appIb.o
current_state_emergency_light
                    0x1               ASF USART/hal/drivers/usart_megarf.o
INPUT_LED_DRV1      0x3               appIb.o
reset_cache         0x1               appIb.o
PNEWELS_Buffer      0x28              appIb.o
wps_send_flag       0x1               appIb.o
data_update_flag    0x1               appIb.o
OUT_LED_CH0         0x3               appIb.o
error_timer_wps     0xd               appIb.o
WPS_BTN             0x3               appIb.o
device_address      0x2               appCommand.o
TEMP_ALRT           0x3               appIb.o
factory_command     0x1               appIb.o
nwkIb               0x38              LwMesh/nwk/src/nwk.o
flag                0x1               appIb.o
config_state        0x1               appIb.o
button              0x1               appIb.o
battery_option_flag
                    0x1               appIb.o
reset_option_flag   0x1               appIb.o
INPUT_LED_CH2       0x3               appIb.o
[...]
Memory Configuration

Name             Origin             Length             Attributes
text             0x00000000         0x00100000         xr
data             0x00800200         0x0000fe00         rw !x
eeprom           0x00810000         0x00010000         rw !x
fuse             0x00820000         0x00000400         rw !x
lock             0x00830000         0x00000400         rw !x
signature        0x00840000         0x00000400         rw !x
user_signatures  0x00850000         0x00000400         rw !x
*default*        0x00000000         0xffffffff

Linker script and memory map

Address of section .data set to 0x800200
LOAD C:/Program Files (x86)/Atmel/Studio/7.0/Packs/atmel/ATmega_DFP/1.0.98/gcc/dev/atmega2564rfr2/avr6/crtatmega2564rfr2.o
LOAD appCommand.o
LOAD appEeprom.o
LOAD appGpio.o
LOAD appIb.o
LOAD appNwk.o
LOAD appVerify.o
LOAD ASF TWI/twi_megarf.o
LOAD ASF USART/hal/drivers/usart_megarf.o
LOAD device.o
LOAD PNE EXT INT/hal/drivers/ext_int_megarf.o
LOAD PNE GPIO/hal/drivers/gpio.o
LOAD LwMesh/hal/atmega256rfr2/src/hal.o
LOAD LwMesh/hal/atmega256rfr2/src/halTimer.o
LOAD LwMesh/nwk/src/nwk.o
LOAD LwMesh/nwk/src/nwkDataReq.o
LOAD LwMesh/nwk/src/nwkFrame.o
LOAD LwMesh/nwk/src/nwkGroup.o
LOAD LwMesh/nwk/src/nwkRoute.o
LOAD LwMesh/nwk/src/nwkRouteDiscovery.o
LOAD LwMesh/nwk/src/nwkRx.o
LOAD LwMesh/nwk/src/nwkSecurity.o
LOAD LwMesh/nwk/src/nwkTx.o
LOAD LwMesh/phy/atmegarfr2/src/phy.o
LOAD LwMesh/sys/src/sys.o
LOAD LwMesh/sys/src/sysEncrypt.o
LOAD LwMesh/sys/src/sysTimer.o
LOAD PNEWELS.o
LOAD PNEWELSDebug.o
LOAD PNEWELSFactoryInit.o
LOAD PNEWELSRFInit.o
LOAD PNEWELSWps.o
LOAD pne_appDelay.o
LOAD pne_appGpio.o
LOAD pne_appTwi.o
LOAD PNE_Factory.o
LOAD pne_rf_processor.o
LOAD UserApp/appPNEWELS_time/src/appPNEWELSTime2.o
LOAD UserApp/appPNEWELS_time/src/appPNEWELS_time.o
LOAD UserApp/battery/appBattery.o
LOAD UserApp/crc/crc.o
LOAD UserApp/signature/pnesign.o
START GROUP
LOAD c:/program files (x86)/atmel/studio/7.0/toolchain/avr8/avr8-gnu-toolchain/bin/../lib/gcc/avr/4.9.2/../../../../avr/lib/avr6\libm.a
END GROUP
START GROUP
LOAD c:/program files (x86)/atmel/studio/7.0/toolchain/avr8/avr8-gnu-toolchain/bin/../lib/gcc/avr/4.9.2/avr6\libgcc.a
LOAD c:/program files (x86)/atmel/studio/7.0/toolchain/avr8/avr8-gnu-toolchain/bin/../lib/gcc/avr/4.9.2/../../../../avr/lib/avr6\libm.a
LOAD c:/program files (x86)/atmel/studio/7.0/toolchain/avr8/avr8-gnu-toolchain/bin/../lib/gcc/avr/4.9.2/../../../../avr/lib/avr6\libc.a
LOAD C:/Program Files (x86)/Atmel/Studio/7.0/Packs/atmel/ATmega_DFP/1.0.98/gcc/dev/atmega2564rfr2/avr6\libatmega2564rfr2.a
END GROUP

.hash
 *(.hash)

.dynsym
 *(.dynsym)

.dynstr
 *(.dynstr)

.gnu.version
 *(.gnu.version)

.gnu.version_d
 *(.gnu.version_d)

.gnu.version_r
 *(.gnu.version_r)

.rel.init
 *(.rel.init)

.rela.init
 *(.rela.init)

.rel.text
 *(.rel.text)
 *(.rel.text.*)
 *(.rel.gnu.linkonce.t*)

.rela.text
 *(.rela.text)
 *(.rela.text.*)
 *(.rela.gnu.linkonce.t*)

.rel.fini
 *(.rel.fini)

.rela.fini
 *(.rela.fini)

.rel.rodata
 *(.rel.rodata)
 *(.rel.rodata.*)
 *(.rel.gnu.linkonce.r*)

.rela.rodata
 *(.rela.rodata)
 *(.rela.rodata.*)
 *(.rela.gnu.linkonce.r*)

.rel.data
 *(.rel.data)
 *(.rel.data.*)
 *(.rel.gnu.linkonce.d*)

.rela.data
 *(.rela.data)
 *(.rela.data.*)
 *(.rela.gnu.linkonce.d*)

.rel.ctors
 *(.rel.ctors)

.rela.ctors
 *(.rela.ctors)

.rel.dtors
 *(.rel.dtors)

.rela.dtors
 *(.rela.dtors)

.rel.got
 *(.rel.got)

.rela.got
 *(.rela.got)

.rel.bss
 *(.rel.bss)

.rela.bss
 *(.rela.bss)

.rel.plt
 *(.rel.plt)

.rela.plt
 *(.rela.plt)

.text           0x00000000     0x9d56
 *(.vectors)
 .vectors       0x00000000      0x134 C:/Program Files (x86)/Atmel/Studio/7.0/Packs/atmel/ATmega_DFP/1.0.98/gcc/dev/atmega2564rfr2/avr6/crtatmega2564rfr2.o
                0x00000000                __vector_default
                0x00000000                __vectors
 *(.vectors)
 *(.progmem.gcc*)
 .progmem.gcc_sw_table.__vector_39
                0x00000134      0x192 ASF TWI/twi_megarf.o
 .progmem.gcc_sw_table.optionSelect
                0x000002c6       0x12 PNE_Factory.o
 .progmem.gcc_sw_table.testMode
                0x000002d8       0x14 PNE_Factory.o
 .progmem.gcc_sw_table.resetFlag
                0x000002ec       0x10 PNE_Factory.o
 .progmem.gcc_sw_table.factory_mode
                0x000002fc       0x12 PNE_Factory.o
 .progmem.gcc_sw_table.error_to_rf
                0x0000030e       0x18 pne_rf_processor.o
                0x00000326                . = ALIGN (0x2)
                0x00000326                __trampolines_start = .
 *(.trampolines)
 .trampolines   0x00000326        0x0 linker stubs
 *(.trampolines*)
                0x00000326                __trampolines_end = .
 *(.progmem*)
                0x00000326                . = ALIGN (0x2)
 *(.jumptables)
 *(.jumptables*)
 *(.lowtext)
 *(.lowtext*)
                0x00000326                __ctors_start = .
 *(.ctors)
                0x00000326                __ctors_end = .
                0x00000326                __dtors_start = .
 *(.dtors)
                0x00000326                __dtors_end = .
 SORT(*)(.ctors)
 SORT(*)(.dtors)
 *(.init0)
 .init0         0x00000326        0x0 C:/Program Files (x86)/Atmel/Studio/7.0/Packs/atmel/ATmega_DFP/1.0.98/gcc/dev/atmega2564rfr2/avr6/crtatmega2564rfr2.o
                0x00000326                __init
 *(.init0)
 *(.init1)
 *(.init1)
 *(.init2)
 .init2         0x00000326       0x10 C:/Program Files (x86)/Atmel/Studio/7.0/Packs/atmel/ATmega_DFP/1.0.98/gcc/dev/atmega2564rfr2/avr6/crtatmega2564rfr2.o
 *(.init2)
 *(.init3)
 *(.init3)
 *(.init4)
 .init4         0x00000336       0x1a c:/program files (x86)/atmel/studio/7.0/toolchain/avr8/avr8-gnu-toolchain/bin/../lib/gcc/avr/4.9.2/avr6\libgcc.a(_copy_data.o)
                0x00000336                __do_copy_data
 .init4         0x00000350       0x10 c:/program files (x86)/atmel/studio/7.0/toolchain/avr8/avr8-gnu-toolchain/bin/../lib/gcc/avr/4.9.2/avr6\libgcc.a(_clear_bss.o)
                0x00000350                __do_clear_bss
 *(.init4)
 *(.init5)
 *(.init5)
 *(.init6)
 *(.init6)
 *(.init7)
 *(.init7)
 *(.init8)
 *(.init8)
 *(.init9)
 .init9         0x00000360        0x6 C:/Program Files (x86)/Atmel/Studio/7.0/Packs/atmel/ATmega_DFP/1.0.98/gcc/dev/atmega2564rfr2/avr6/crtatmega2564rfr2.o
 *(.init9)
 *(.text)
 .text          0x00000366        0x2 C:/Program Files (x86)/Atmel/Studio/7.0/Packs/atmel/ATmega_DFP/1.0.98/gcc/dev/atmega2564rfr2/avr6/crtatmega2564rfr2.o
                0x00000366                __vector_38
                0x00000366                __vector_22
                0x00000366                __vector_63
                0x00000366                __vector_28
                0x00000366                __vector_67
                0x00000366                __vector_32
                0x00000366                __vector_75
                0x00000366                __vector_71
                0x00000366                __vector_34
                0x00000366                __vector_62
                0x00000366                __vector_24
                0x00000366                __vector_12
                0x00000366                __vector_55
                0x00000366                __vector_69
                0x00000366                __vector_46
                0x00000366                __bad_interrupt
                0x00000366                __vector_72
                0x00000366                __vector_31
                0x00000366                __vector_35
                0x00000366                __vector_74
                0x00000366                __vector_68
                0x00000366                __vector_30
                0x00000366                __vector_73
                0x00000366                __vector_45
                0x00000366                __vector_25
                0x00000366                __vector_61
                0x00000366                __vector_11
                0x00000366                __vector_54
                0x00000366                __vector_13
                0x00000366                __vector_17
                0x00000366                __vector_19
                0x00000366                __vector_56
                0x00000366                __vector_49
                0x00000366                __vector_41
                0x00000366                __vector_64
                0x00000366                __vector_43
                0x00000366                __vector_27
                0x00000366                __vector_33
                0x00000366                __vector_76
                0x00000366                __vector_47
                0x00000366                __vector_52
                0x00000366                __vector_37
                0x00000366                __vector_44
                0x00000366                __vector_51
                0x00000366                __vector_21
                0x00000366                __vector_66
                0x00000366                __vector_58
                0x00000366                __vector_70
                0x00000366                __vector_29
                0x00000366                __vector_60
                0x00000366                __vector_40
                0x00000366                __vector_26
                0x00000366                __vector_48
                0x00000366                __vector_14
                0x00000366                __vector_57
                0x00000366                __vector_53
                0x00000366                __vector_50
                0x00000366                __vector_16
                0x00000366                __vector_59
                0x00000366                __vector_18
                0x00000366                __vector_20
                0x00000366                __vector_65
                0x00000368                . = ALIGN (0x2)
 *(.text.*)
 .text.APP_EepromReadByte
                0x00000368        0xe appEeprom.o
                0x00000368                APP_EepromReadByte
 .text.APP_EepromRead
                0x00000376       0x3e appEeprom.o
                0x00000376                APP_EepromRead
 .text.APP_IbLoadSettings
                0x000003b4      0x156 appIb.o
                0x000003b4                APP_IbLoadSettings
 .text.APP_IbLoadSettings_WPS
                0x0000050a       0x78 appIb.o
                0x0000050a                APP_IbLoadSettings_WPS
 .text.appNwkDataConf
                0x00000582       0x88 appNwk.o
 .text.appNwkDataInd
                0x0000060a        0xe appNwk.o
 .text.APP_NwkInit
                0x00000618       0x86 appNwk.o
                0x00000618                APP_NwkInit
 .text.APP_NwkGetBuffer
                0x0000069e       0x5e appNwk.o
                0x0000069e                APP_NwkGetBuffer
 .text.APP_NwkSendBuffer
                0x000006fc       0x1e appNwk.o
                0x000006fc                APP_NwkSendBuffer
 .text.pneVerify_received
                0x0000071a       0x40 appVerify.o
                0x0000071a                pneVerify_received
 .text.twi_master_bus_reset
                0x0000075a       0x12 ASF TWI/twi_megarf.o
 .text.twi_master_write
                0x0000076c       0x58 ASF TWI/twi_megarf.o
                0x0000076c                twi_master_write
 .text.twi_master_read
                0x000007c4       0x6a ASF TWI/twi_megarf.o
                0x000007c4                twi_master_read
 .text.twi_master_init
                0x0000082e       0x26 ASF TWI/twi_megarf.o
                0x0000082e                twi_master_init
 .text.__vector_39
                0x00000854      0x3a4 ASF TWI/twi_megarf.o
                0x00000854                __vector_39
 .text.usart_putchar
                0x00000bf8       0x3c ASF USART/hal/drivers/usart_megarf.o
                0x00000bf8                usart_putchar
 .text.usart_set_baudrate
                0x00000c34       0xf0 ASF USART/hal/drivers/usart_megarf.o
                0x00000c34                usart_set_baudrate
 .text.usart_init_rs232
                0x00000d24       0x7c ASF USART/hal/drivers/usart_megarf.o
                0x00000d24                usart_init_rs232
 .text.__vector_36
                0x00000da0       0x54 ASF USART/hal/drivers/usart_megarf.o
                0x00000da0                __vector_36
 .text.appUpdateTimerHandler
                0x00000df4       0x12 device.o
 .text.WDT_Init
                0x00000e06       0x1c device.o
                0x00000e06                WDT_Init
 .text.main     0x00000e22       0x56 device.o
                0x00000e22                main
 .text.__vector_1
                0x00000e78       0x5a PNE EXT INT/hal/drivers/ext_int_megarf.o
                0x00000e78                __vector_1
 .text.__vector_2
                0x00000ed2       0x5a PNE EXT INT/hal/drivers/ext_int_megarf.o
                0x00000ed2                __vector_2
 .text.__vector_3
                0x00000f2c       0x5a PNE EXT INT/hal/drivers/ext_int_megarf.o
                0x00000f2c                __vector_3
 .text.__vector_4
                0x00000f86       0x5a PNE EXT INT/hal/drivers/ext_int_megarf.o
                0x00000f86                __vector_4
 .text.__vector_5
                0x00000fe0       0x5a PNE EXT INT/hal/drivers/ext_int_megarf.o
                0x00000fe0                __vector_5
 .text.__vector_6
                0x0000103a       0x5a PNE EXT INT/hal/drivers/ext_int_megarf.o
                0x0000103a                __vector_6
 .text.__vector_7
                0x00001094       0x5a PNE EXT INT/hal/drivers/ext_int_megarf.o
                0x00001094                __vector_7
 .text.__vector_8
                0x000010ee       0x5a PNE EXT INT/hal/drivers/ext_int_megarf.o
                0x000010ee                __vector_8
 .text.__vector_9
                0x00001148       0x5a PNE EXT INT/hal/drivers/ext_int_megarf.o
                0x00001148                __vector_9
 .text.__vector_10
                0x000011a2       0x5a PNE EXT INT/hal/drivers/ext_int_megarf.o
                0x000011a2                __vector_10
 .text.ext_int_pcint_clear_flag
                0x000011fc        0xc PNE EXT INT/hal/drivers/ext_int_megarf.o
                0x000011fc                ext_int_pcint_clear_flag
 .text.ext_int_pcint_enable
                0x00001208       0x3e PNE EXT INT/hal/drivers/ext_int_megarf.o
                0x00001208                ext_int_pcint_enable
 .text.ext_int_pcint_disable
                0x00001246       0x2c PNE EXT INT/hal/drivers/ext_int_megarf.o
                0x00001246                ext_int_pcint_disable
 .text.ext_int_pcint_init
                0x00001272       0x2c PNE EXT INT/hal/drivers/ext_int_megarf.o
                0x00001272                ext_int_pcint_init
 .text.ext_int_set_interrupt_callback
                0x0000129e       0x90 PNE EXT INT/hal/drivers/ext_int_megarf.o
                0x0000129e                ext_int_set_interrupt_callback
 .text.gpio_set
                0x0000132e       0x88 PNE GPIO/hal/drivers/gpio.o
                0x0000132e                gpio_set
 .text.gpio_clr
                0x000013b6       0x92 PNE GPIO/hal/drivers/gpio.o
                0x000013b6                gpio_clr
 .text.gpio_toggle
                0x00001448       0x88 PNE GPIO/hal/drivers/gpio.o
                0x00001448                gpio_toggle
 .text.gpio_in  0x000014d0       0xbc PNE GPIO/hal/drivers/gpio.o
                0x000014d0                gpio_in
 .text.gpio_out
                0x0000158c       0x88 PNE GPIO/hal/drivers/gpio.o
                0x0000158c                gpio_out
 .text.gpio_pullup
                0x00001614       0x88 PNE GPIO/hal/drivers/gpio.o
                0x00001614                gpio_pullup
 .text.gpio_read
                0x0000169c       0x78 PNE GPIO/hal/drivers/gpio.o
                0x0000169c                gpio_read
 .text.HAL_Init
                0x00001714       0x28 LwMesh/hal/atmega256rfr2/src/hal.o
                0x00001714                HAL_Init
 .text.HAL_Delay
                0x0000173c        0x6 LwMesh/hal/atmega256rfr2/src/hal.o
                0x0000173c                HAL_Delay
 .text.HAL_TimerInit
                0x00001742       0x2a LwMesh/hal/atmega256rfr2/src/halTimer.o
                0x00001742                HAL_TimerInit
 .text.HAL_TimerDelay
                0x0000176c       0x44 LwMesh/hal/atmega256rfr2/src/halTimer.o
                0x0000176c                HAL_TimerDelay
 .text.__vector_42
                0x000017b0       0x22 LwMesh/hal/atmega256rfr2/src/halTimer.o
                0x000017b0                __vector_42
 .text.NWK_Init
                0x000017d2       0x2e LwMesh/nwk/src/nwk.o
                0x000017d2                NWK_Init
 .text.NWK_SetAddr
                0x00001800        0xc LwMesh/nwk/src/nwk.o
                0x00001800                NWK_SetAddr
 .text.NWK_SetPanId
                0x0000180c        0xc LwMesh/nwk/src/nwk.o
                0x0000180c                NWK_SetPanId
 .text.NWK_OpenEndpoint
                0x00001818       0x12 LwMesh/nwk/src/nwk.o
                0x00001818                NWK_OpenEndpoint
 .text.NWK_TaskHandler
                0x0000182a        0xa LwMesh/nwk/src/nwk.o
                0x0000182a                NWK_TaskHandler
 .text.nwkDataReqTxConf
                0x00001834       0x46 LwMesh/nwk/src/nwkDataReq.o
 .text.nwkDataReqInit
                0x0000187a        0xa LwMesh/nwk/src/nwkDataReq.o
                0x0000187a                nwkDataReqInit
 .text.NWK_DataReq
                0x00001884       0x48 LwMesh/nwk/src/nwkDataReq.o
                0x00001884                NWK_DataReq
 .text.nwkDataReqTaskHandler
                0x000018cc      0x156 LwMesh/nwk/src/nwkDataReq.o
                0x000018cc                nwkDataReqTaskHandler
 .text.nwkFrameInit
                0x00001a22       0x16 LwMesh/nwk/src/nwkFrame.o
                0x00001a22                nwkFrameInit
 .text.nwkFrameAlloc
                0x00001a38       0x72 LwMesh/nwk/src/nwkFrame.o
                0x00001a38                nwkFrameAlloc
 .text.nwkFrameFree
                0x00001aaa       0x14 LwMesh/nwk/src/nwkFrame.o
                0x00001aaa                nwkFrameFree
 .text.nwkFrameNext
                0x00001abe       0x44 LwMesh/nwk/src/nwkFrame.o
                0x00001abe                nwkFrameNext
 .text.nwkFrameCommandInit
                0x00001b02       0x28 LwMesh/nwk/src/nwkFrame.o
                0x00001b02                nwkFrameCommandInit
 .text.nwkRxServiceDataInd
                0x00001b2a       0x26 LwMesh/nwk/src/nwkRx.o
 .text.nwkRxDuplicateRejectionTimerHandler
                0x00001b50       0x2e LwMesh/nwk/src/nwkRx.o
 .text.nwkRxInit
                0x00001b7e       0x3a LwMesh/nwk/src/nwkRx.o
                0x00001b7e                nwkRxInit
 .text.PHY_DataInd
                0x00001bb8       0x56 LwMesh/nwk/src/nwkRx.o
                0x00001bb8                PHY_DataInd
 .text.nwkRxDecryptConf
                0x00001c0e       0x14 LwMesh/nwk/src/nwkRx.o
                0x00001c0e                nwkRxDecryptConf
 .text.nwkRxTaskHandler
                0x00001c22      0x45c LwMesh/nwk/src/nwkRx.o
                0x00001c22                nwkRxTaskHandler
 .text.nwkSecurityInit
                0x0000207e        0xe LwMesh/nwk/src/nwkSecurity.o
                0x0000207e                nwkSecurityInit
 .text.NWK_SetSecurityKey
                0x0000208c       0x12 LwMesh/nwk/src/nwkSecurity.o
                0x0000208c                NWK_SetSecurityKey
 .text.nwkSecurityProcess
                0x0000209e       0x1e LwMesh/nwk/src/nwkSecurity.o
                0x0000209e                nwkSecurityProcess
 .text.SYS_EncryptConf
                0x000020bc       0x7c LwMesh/nwk/src/nwkSecurity.o
                0x000020bc                SYS_EncryptConf
 .text.nwkSecurityTaskHandler
                0x00002138      0x1de LwMesh/nwk/src/nwkSecurity.o
                0x00002138                nwkSecurityTaskHandler
 .text.nwkTxDelayTimerHandler
                0x00002316       0x58 LwMesh/nwk/src/nwkTx.o
 .text.nwkTxAckWaitTimerHandler
                0x0000236e       0x64 LwMesh/nwk/src/nwkTx.o
 .text.nwkTxInit
                0x000023d2       0x46 LwMesh/nwk/src/nwkTx.o
                0x000023d2                nwkTxInit
 .text.nwkTxFrame
                0x00002418       0xaa LwMesh/nwk/src/nwkTx.o
                0x00002418                nwkTxFrame
 .text.nwkTxBroadcastFrame
                0x000024c2       0x8a LwMesh/nwk/src/nwkTx.o
                0x000024c2                nwkTxBroadcastFrame
 .text.nwkTxAckReceived
                0x0000254c       0x48 LwMesh/nwk/src/nwkTx.o
                0x0000254c                nwkTxAckReceived
 .text.nwkTxEncryptConf
                0x00002594        0x8 LwMesh/nwk/src/nwkTx.o
                0x00002594                nwkTxEncryptConf
 .text.PHY_DataConf
                0x0000259c       0x46 LwMesh/nwk/src/nwkTx.o
                0x0000259c                PHY_DataConf
 .text.nwkTxTaskHandler
                0x000025e2      0x13e LwMesh/nwk/src/nwkTx.o
                0x000025e2                nwkTxTaskHandler
 .text.phySetChannel
                0x00002720       0x3c LwMesh/phy/atmegarfr2/src/phy.o
 .text.phyTrxSetState
                0x0000275c       0x24 LwMesh/phy/atmegarfr2/src/phy.o
 .text.phySetRxState
                0x00002780       0x18 LwMesh/phy/atmegarfr2/src/phy.o
 .text.PHY_SetRxState
                0x00002798        0x8 LwMesh/phy/atmegarfr2/src/phy.o
                0x00002798                PHY_SetRxState
 .text.PHY_SetChannel
                0x000027a0        0x8 LwMesh/phy/atmegarfr2/src/phy.o
                0x000027a0                PHY_SetChannel
 .text.PHY_SetPanId
                0x000027a8       0x24 LwMesh/phy/atmegarfr2/src/phy.o
                0x000027a8                PHY_SetPanId
 .text.PHY_SetShortAddr
                0x000027cc       0x24 LwMesh/phy/atmegarfr2/src/phy.o
                0x000027cc                PHY_SetShortAddr
 .text.PHY_DataReq
                0x000027f0       0x54 LwMesh/phy/atmegarfr2/src/phy.o
                0x000027f0                PHY_DataReq
 .text.PHY_RandomReq
                0x00002844       0x68 LwMesh/phy/atmegarfr2/src/phy.o
                0x00002844                PHY_RandomReq
 .text.PHY_Init
                0x000028ac       0x34 LwMesh/phy/atmegarfr2/src/phy.o
                0x000028ac                PHY_Init
 .text.PHY_EncryptReq
                0x000028e0       0x5e LwMesh/phy/atmegarfr2/src/phy.o
                0x000028e0                PHY_EncryptReq
 .text.PHY_TaskHandler
                0x0000293e       0xf6 LwMesh/phy/atmegarfr2/src/phy.o
                0x0000293e                PHY_TaskHandler
 .text.SYS_Init
                0x00002a34       0x12 LwMesh/sys/src/sys.o
                0x00002a34                SYS_Init
 .text.SYS_TaskHandler
                0x00002a46        0xa LwMesh/sys/src/sys.o
                0x00002a46                SYS_TaskHandler
 .text.SYS_EncryptReq
                0x00002a50        0x6 LwMesh/sys/src/sysEncrypt.o
                0x00002a50                SYS_EncryptReq
 .text.placeTimer
                0x00002a56       0xc8 LwMesh/sys/src/sysTimer.o
 .text.SYS_TimerInit
                0x00002b1e        0xa LwMesh/sys/src/sysTimer.o
                0x00002b1e                SYS_TimerInit
 .text.SYS_TimerStop
                0x00002b28       0x7a LwMesh/sys/src/sysTimer.o
                0x00002b28                SYS_TimerStop
 .text.SYS_TimerStarted
                0x00002ba2       0x34 LwMesh/sys/src/sysTimer.o
                0x00002ba2                SYS_TimerStarted
 .text.SYS_TimerStart
                0x00002bd6       0x16 LwMesh/sys/src/sysTimer.o
                0x00002bd6                SYS_TimerStart
 .text.SYS_TimerTaskHandler
                0x00002bec       0xd6 LwMesh/sys/src/sysTimer.o
                0x00002bec                SYS_TimerTaskHandler
 .text.errorTimerStatusHandler
                0x00002cc2       0x1c PNEWELS.o
 .text.appLEDIntervalTimerHandler
                0x00002cde        0x8 PNEWELS.o
 .text.appWPSActivationTimerHandler
                0x00002ce6       0x4e PNEWELS.o
 .text.appWPSRequestTimerHandler
                0x00002d34        0xa PNEWELS.o
 .text.errorTimerWpsHandler
                0x00002d3e       0x10 PNEWELS.o
 .text.appLEDTimerHandler
                0x00002d4e      0x10c PNEWELS.o
 .text.PNEWELSGpioInit
                0x00002e5a      0x270 PNEWELS.o
                0x00002e5a                PNEWELSGpioInit
 .text.pneOperationMode
                0x000030ca      0x68e PNEWELS.o
                0x000030ca                pneOperationMode
 .text.pneOutgoingData
                0x00003758       0x26 PNEWELS.o
                0x00003758                pneOutgoingData
 .text.manual_btn_handler
                0x0000377e       0x3c PNEWELS.o
                0x0000377e                manual_btn_handler
 .text.manual_btn_isr
                0x000037ba        0xa PNEWELS.o
 .text.pneGetStatus
                0x000037c4      0x24e PNEWELS.o
                0x000037c4                pneGetStatus
 .text.PNEWELSTaskHandler
                0x00003a12        0x8 PNEWELS.o
                0x00003a12                PNEWELSTaskHandler
 .text.pneIncomingData
                0x00003a1a      0x600 PNEWELS.o
                0x00003a1a                pneIncomingData
 .text.getUID   0x0000401a       0x34 PNEWELS.o
                0x0000401a                getUID
 .text.PNEWELSAppInit
                0x0000404e      0x17e PNEWELS.o
                0x0000404e                PNEWELSAppInit
 .text.systemFlag_check
                0x000041cc       0x2c PNEWELSFactoryInit.o
                0x000041cc                systemFlag_check
 .text.write_factory_default
                0x000041f8       0x18 PNEWELSFactoryInit.o
                0x000041f8                write_factory_default
 .text.factory_initialization
                0x00004210       0x8a PNEWELSFactoryInit.o
                0x00004210                factory_initialization
 .text.rf_init  0x0000429a       0x38 PNEWELSRFInit.o
                0x0000429a                rf_init
 .text.pne_delayms
                0x000042d2       0x28 pne_appDelay.o
                0x000042d2                pne_delayms
 .text.pne_APP_TwiInit
                0x000042fa       0x54 pne_appTwi.o
                0x000042fa                pne_APP_TwiInit
 .text.pne_APP_TwiSend
                0x0000434e       0xae pne_appTwi.o
                0x0000434e                pne_APP_TwiSend
 .text.pne_APP_TwiReceive
                0x000043fc       0xb0 pne_appTwi.o
                0x000043fc                pne_APP_TwiReceive
 .text.PNEWELSE2promWrite
                0x000044ac       0x56 pne_appTwi.o
                0x000044ac                PNEWELSE2promWrite
 .text.PNEWELSE2promRead
                0x00004502       0x58 pne_appTwi.o
                0x00004502                PNEWELSE2promRead
 .text.PNEWELSTemperatureRead
                0x0000455a       0x5c pne_appTwi.o
                0x0000455a                PNEWELSTemperatureRead
 .text.clre2prom
                0x000045b6       0x38 pne_appTwi.o
                0x000045b6                clre2prom
 .text.memoryCounter_init
                0x000045ee       0x2c pne_appTwi.o
                0x000045ee                memoryCounter_init
 .text.memoryCounter_save
                0x0000461a        0x8 pne_appTwi.o
                0x0000461a                memoryCounter_save
 .text.store    0x00004622      0x974 pne_appTwi.o
                0x00004622                store
 .text.send_usart_char
                0x00004f96       0x30 PNE_Factory.o
                0x00004f96                send_usart_char
 .text.pnewels_get_usart
                0x00004fc6       0x78 PNE_Factory.o
                0x00004fc6                pnewels_get_usart
 .text.int_to_ascii
                0x0000503e       0x38 PNE_Factory.o
                0x0000503e                int_to_ascii
 .text.optionSelect
                0x00005076       0x50 PNE_Factory.o
                0x00005076                optionSelect
 .text.configSelect
                0x000050c6       0x38 PNE_Factory.o
                0x000050c6                configSelect
 .text.send_usart_const_char
                0x000050fe       0x30 PNE_Factory.o
                0x000050fe                send_usart_const_char
 .text.send_operation_info
                0x0000512e       0x14 PNE_Factory.o
                0x0000512e                send_operation_info
 .text.config_read_input
                0x00005142      0x10c PNE_Factory.o
                0x00005142                config_read_input
 .text.pneConfiguration
                0x0000524e       0xa2 PNE_Factory.o
                0x0000524e                pneConfiguration
 .text.resetSelect
                0x000052f0       0x46 PNE_Factory.o
                0x000052f0                resetSelect
 .text.testMode
                0x00005336      0xc0a PNE_Factory.o
                0x00005336                testMode
 .text.dump_eeprom
                0x00005f40       0x56 PNE_Factory.o
                0x00005f40                dump_eeprom
 .text.readE2prom
                0x00005f96        0xe PNE_Factory.o
                0x00005f96                readE2prom
 .text.pneDisplayInfo
                0x00005fa4      0x194 PNE_Factory.o
                0x00005fa4                pneDisplayInfo
 .text.resetFlag
                0x00006138      0x108 PNE_Factory.o
                0x00006138                resetFlag
 .text.dump_log_file
                0x00006240       0x5c PNE_Factory.o
                0x00006240                dump_log_file
 .text.erase_memory
                0x0000629c        0xc PNE_Factory.o
                0x0000629c                erase_memory
 .text.writeE2prom
                0x000062a8       0x1c PNE_Factory.o
                0x000062a8                writeE2prom
 .text.battery_config
                0x000062c4       0xf0 PNE_Factory.o
                0x000062c4                battery_config
 .text.batterySelect
                0x000063b4       0x3a PNE_Factory.o
                0x000063b4                batterySelect
 .text.factory_mode
                0x000063ee      0x112 PNE_Factory.o
                0x000063ee                factory_mode
 .text.packet_data
                0x00006500      0x224 pne_rf_processor.o
                0x00006500                packet_data
 .text.reboot_to_rf
                0x00006724        0x2 pne_rf_processor.o
                0x00006724                reboot_to_rf
 .text.WPS_pairing
                0x00006726       0x48 pne_rf_processor.o
                0x00006726                WPS_pairing
 .text.send_to_rf
                0x0000676e      0x148 pne_rf_processor.o
                0x0000676e                send_to_rf
 .text.status_send_to_rf
                0x000068b6       0x4c pne_rf_processor.o
                0x000068b6                status_send_to_rf
 .text.emergency_on_to_rf
                0x00006902       0x14 pne_rf_processor.o
                0x00006902                emergency_on_to_rf
 .text.emergency_off_to_rf
                0x00006916       0x12 pne_rf_processor.o
                0x00006916                emergency_off_to_rf
 .text.eeprom_to_rf
                0x00006928       0x56 pne_rf_processor.o
                0x00006928                eeprom_to_rf
 .text.error_to_rf
                0x0000697e      0x106 pne_rf_processor.o
                0x0000697e                error_to_rf
 .text.pend_to_rf
                0x00006a84       0x26 pne_rf_processor.o
                0x00006a84                pend_to_rf
 .text.time_to_rf
                0x00006aaa       0x10 pne_rf_processor.o
                0x00006aaa                time_to_rf
 .text.clr_rom_to_rf
                0x00006aba       0x12 pne_rf_processor.o
                0x00006aba                clr_rom_to_rf
 .text.info_to_rf
                0x00006acc       0x48 pne_rf_processor.o
                0x00006acc                info_to_rf
 .text.change_id_to_rf
                0x00006b14       0x68 pne_rf_processor.o
                0x00006b14                change_id_to_rf
 .text.battery_threshold_to_rf
                0x00006b7c       0x2c pne_rf_processor.o
                0x00006b7c                battery_threshold_to_rf
 .text.last_1_log
                0x00006ba8       0x98 pne_rf_processor.o
                0x00006ba8                last_1_log
 .text.last_2_log
                0x00006c40       0x98 pne_rf_processor.o
                0x00006c40                last_2_log
 .text.test_completed
                0x00006cd8       0xe6 pne_rf_processor.o
                0x00006cd8                test_completed
 .text.dump_log_to_rf
                0x00006dbe       0x58 pne_rf_processor.o
                0x00006dbe                dump_log_to_rf
 .text.stress_test
                0x00006e16       0x4a pne_rf_processor.o
                0x00006e16                stress_test
 .text.request_to_RF
                0x00006e60       0x24 pne_rf_processor.o
                0x00006e60                request_to_RF
 .text.WPS_OK_Alert
                0x00006e84        0x8 pne_rf_processor.o
                0x00006e84                WPS_OK_Alert
 .text.crc_verify
                0x00006e8c       0x58 pne_rf_processor.o
                0x00006e8c                crc_verify
 .text.ascii_to_hex
                0x00006ee4       0x26 pne_rf_processor.o
                0x00006ee4                ascii_to_hex
 .text.fatal_error_to_rf
                0x00006f0a       0x5c pne_rf_processor.o
                0x00006f0a                fatal_error_to_rf
 .text.__vector_23
                0x00006f66       0x5c UserApp/appPNEWELS_time/src/appPNEWELSTime2.o
                0x00006f66                __vector_23
 .text.__vector_15
                0x00006fc2       0x4a UserApp/appPNEWELS_time/src/appPNEWELSTime2.o
                0x00006fc2                __vector_15
 .text.timer2_init
                0x0000700c       0x44 UserApp/appPNEWELS_time/src/appPNEWELSTime2.o
                0x0000700c                timer2_init
 .text.set_timestamp
                0x00007050       0x12 UserApp/appPNEWELS_time/src/appPNEWELSTime2.o
                0x00007050                set_timestamp
 .text.get_timestamp
                0x00007062       0x12 UserApp/appPNEWELS_time/src/appPNEWELSTime2.o
                0x00007062                get_timestamp
 .text.pneBatteryAverage_init
                0x00007074       0x54 UserApp/battery/appBattery.o
                0x00007074                pneBatteryAverage_init
 .text.pneBatteryAverage
                0x000070c8       0x72 UserApp/battery/appBattery.o
                0x000070c8                pneBatteryAverage
 .text.reflect  0x0000713a       0x7e UserApp/crc/crc.o
 .text.crcInit  0x000071b8       0x3a UserApp/crc/crc.o
                0x000071b8                crcInit
 .text.crcFast  0x000071f2       0x6e UserApp/crc/crc.o
                0x000071f2                crcFast
 .text.md5_process
                0x00007260     0x231c UserApp/signature/pnesign.o
 .text.md5_starts
                0x0000957c       0x54 UserApp/signature/pnesign.o
                0x0000957c                md5_starts
 .text.md5_update
                0x000095d0      0x116 UserApp/signature/pnesign.o
                0x000095d0                md5_update
 .text.md5_finish
                0x000096e6      0x188 UserApp/signature/pnesign.o
                0x000096e6                md5_finish
 .text.md5      0x0000986e       0x72 UserApp/signature/pnesign.o
                0x0000986e                md5
 .text.md5_hmac_starts
                0x000098e0      0x120 UserApp/signature/pnesign.o
                0x000098e0                md5_hmac_starts
 .text.md5_hmac_finish
                0x00009a00       0x7a UserApp/signature/pnesign.o
                0x00009a00                md5_hmac_finish
 .text.md5_hmac
                0x00009a7a       0x72 UserApp/signature/pnesign.o
                0x00009a7a                md5_hmac
 .text.pnesign  0x00009aec       0x5e UserApp/signature/pnesign.o
                0x00009aec                pnesign
 .text.libgcc.div
                0x00009b4a       0x26 c:/program files (x86)/atmel/studio/7.0/toolchain/avr8/avr8-gnu-toolchain/bin/../lib/gcc/avr/4.9.2/avr6\libgcc.a(_divmodhi4.o)
                0x00009b4a                _div
                0x00009b4a                __divmodhi4
 .text.libgcc.div
                0x00009b70       0x44 c:/program files (x86)/atmel/studio/7.0/toolchain/avr8/avr8-gnu-toolchain/bin/../lib/gcc/avr/4.9.2/avr6\libgcc.a(_udivmodsi4.o)
                0x00009b70                __udivmodsi4
 .text.libgcc   0x00009bb4       0x10 c:/program files (x86)/atmel/studio/7.0/toolchain/avr8/avr8-gnu-toolchain/bin/../lib/gcc/avr/4.9.2/avr6\libgcc.a(_tablejump2.o)
                0x00009bb4                __tablejump2__
 .text.libgcc.mul
                0x00009bc4       0x1e c:/program files (x86)/atmel/studio/7.0/toolchain/avr8/avr8-gnu-toolchain/bin/../lib/gcc/avr/4.9.2/avr6\libgcc.a(_umulhisi3.o)
                0x00009bc4                __umulhisi3
 .text.libgcc.mul
                0x00009be2        0xc c:/program files (x86)/atmel/studio/7.0/toolchain/avr8/avr8-gnu-toolchain/bin/../lib/gcc/avr/4.9.2/avr6\libgcc.a(_usmulhisi3.o)
                0x00009be2                __usmulhisi3
                0x00009be4                __usmulhisi3_tail
 .text.libgcc.mul
                0x00009bee        0xc c:/program files (x86)/atmel/studio/7.0/toolchain/avr8/avr8-gnu-toolchain/bin/../lib/gcc/avr/4.9.2/avr6\libgcc.a(_mulshisi3.o)
                0x00009bee                __mulshisi3
                0x00009bf2                __mulohisi3
 .text.libgcc.div
                0x00009bfa       0x28 c:/program files (x86)/atmel/studio/7.0/toolchain/avr8/avr8-gnu-toolchain/bin/../lib/gcc/avr/4.9.2/avr6\libgcc.a(_udivmodhi4.o)
                0x00009bfa                __udivmodhi4
 .text.libgcc.mul
                0x00009c22       0x14 c:/program files (x86)/atmel/studio/7.0/toolchain/avr8/avr8-gnu-toolchain/bin/../lib/gcc/avr/4.9.2/avr6\libgcc.a(_muluhisi3.o)
                0x00009c22                __muluhisi3
 .text.avr-libc
                0x00009c36       0xaa c:/program files (x86)/atmel/studio/7.0/toolchain/avr8/avr8-gnu-toolchain/bin/../lib/gcc/avr/4.9.2/../../../../avr/lib/avr6\libc.a(rand.o)
                0x00009cc2                rand_r
                0x00009cc4                rand
                0x00009cca                srand
 .text.avr-libc
                0x00009ce0       0x1a c:/program files (x86)/atmel/studio/7.0/toolchain/avr8/avr8-gnu-toolchain/bin/../lib/gcc/avr/4.9.2/../../../../avr/lib/avr6\libc.a(memcmp.o)
                0x00009ce0                memcmp
 .text.avr-libc
                0x00009cfa       0x12 c:/program files (x86)/atmel/studio/7.0/toolchain/avr8/avr8-gnu-toolchain/bin/../lib/gcc/avr/4.9.2/../../../../avr/lib/avr6\libc.a(memcpy.o)
                0x00009cfa                memcpy
 .text.avr-libc
                0x00009d0c        0xe c:/program files (x86)/atmel/studio/7.0/toolchain/avr8/avr8-gnu-toolchain/bin/../lib/gcc/avr/4.9.2/../../../../avr/lib/avr6\libc.a(memset.o)
                0x00009d0c                memset
 .text.libgcc.div
                0x00009d1a       0x28 c:/program files (x86)/atmel/studio/7.0/toolchain/avr8/avr8-gnu-toolchain/bin/../lib/gcc/avr/4.9.2/avr6\libgcc.a(_divmodsi4.o)
                0x00009d1a                __divmodsi4
 .text.libgcc.div
                0x00009d42       0x10 c:/program files (x86)/atmel/studio/7.0/toolchain/avr8/avr8-gnu-toolchain/bin/../lib/gcc/avr/4.9.2/avr6\libgcc.a(_negsi2.o)
                0x00009d42                __negsi2
                0x00009d52                . = ALIGN (0x2)
 *(.fini9)
 .fini9         0x00009d52        0x0 c:/program files (x86)/atmel/studio/7.0/toolchain/avr8/avr8-gnu-toolchain/bin/../lib/gcc/avr/4.9.2/avr6\libgcc.a(_exit.o)
                0x00009d52                _exit
                0x00009d52                exit
 *(.fini9)
 *(.fini8)
 *(.fini8)
 *(.fini7)
 *(.fini7)
 *(.fini6)
 *(.fini6)
 *(.fini5)
 *(.fini5)
 *(.fini4)
 *(.fini4)
 *(.fini3)
 *(.fini3)
 *(.fini2)
 *(.fini2)
 *(.fini1)
 *(.fini1)
 *(.fini0)
 .fini0         0x00009d52        0x4 c:/program files (x86)/atmel/studio/7.0/toolchain/avr8/avr8-gnu-toolchain/bin/../lib/gcc/avr/4.9.2/avr6\libgcc.a(_exit.o)
 *(.fini0)
                0x00009d56                _etext = .

.data           0x00800200      0x76a load address 0x00009d56
                0x00800200                PROVIDE (__data_start, .)
 *(.data)
 .data          0x00800200        0x4 c:/program files (x86)/atmel/studio/7.0/toolchain/avr8/avr8-gnu-toolchain/bin/../lib/gcc/avr/4.9.2/../../../../avr/lib/avr6\libc.a(rand.o)
 *(.data*)
 .data.USART_SERIAL_OPTIONS.3249
                0x00800204        0x7 PNEWELS.o
 *(.rodata)
 *(.rodata*)
 .rodata.str1.1
                0x0080020b       0x1d appIb.o
 .rodata.str1.1
                0x00800228       0x11 appNwk.o
 .rodata.str1.1
                0x00800239        0x7 appVerify.o
 .rodata.str1.1
                0x00800240       0xbd PNEWELS.o
                                 0xc2 (size before relaxing)
 .rodata.str1.1
                0x008002fd      0x520 PNE_Factory.o
                                0x548 (size before relaxing)
 .rodata.batteryMAX_display
                0x0080081d       0x16 PNE_Factory.o
 .rodata.batteryLOW_display
                0x00800833       0x16 PNE_Factory.o
 .rodata.devicePAN_display
                0x00800849        0xe PNE_Factory.o
 .rodata.deviceCH_display
                0x00800857        0xf PNE_Factory.o
 .rodata.deviceADDR_display
                0x00800866        0xf PNE_Factory.o
 .rodata.str1.1
                0x00800875       0xb4 pne_rf_processor.o
                                0x103 (size before relaxing)
 .rodata.md5_padding
                0x00800929       0x40 UserApp/signature/pnesign.o
 *(.gnu.linkonce.d*)
                0x0080096a                . = ALIGN (0x2)
 *fill*         0x00800969        0x1 
                0x0080096a                _edata = .
                0x0080096a                PROVIDE (__data_end, .)

.bss            0x0080096a     0x19c0
                0x0080096a                PROVIDE (__bss_start, .)
 *(.bss)
 *(.bss*)
 .bss.appNwkBuffer
                0x0080096a      0xa14 appNwk.o
 .bss.twi_mode  0x0080137e        0x1 ASF TWI/twi_megarf.o
 .bss.twi_master_busy
                0x0080137f        0x1 ASF TWI/twi_megarf.o
 .bss.slave_transfer
                0x00801380        0x7 ASF TWI/twi_megarf.o
 .bss.master_transfer
                0x00801387        0x8 ASF TWI/twi_megarf.o
 .bss.appUpdateTimer
                0x0080138f        0xd device.o
 .bss.ext_int_pcint1_callback
                0x0080139c        0x2 PNE EXT INT/hal/drivers/ext_int_megarf.o
 .bss.ext_int_pcint0_callback
                0x0080139e        0x2 PNE EXT INT/hal/drivers/ext_int_megarf.o
 .bss.ext_int_int7_callback
                0x008013a0        0x2 PNE EXT INT/hal/drivers/ext_int_megarf.o
 .bss.ext_int_int6_callback
                0x008013a2        0x2 PNE EXT INT/hal/drivers/ext_int_megarf.o
 .bss.ext_int_int5_callback
                0x008013a4        0x2 PNE EXT INT/hal/drivers/ext_int_megarf.o
 .bss.ext_int_int4_callback
                0x008013a6        0x2 PNE EXT INT/hal/drivers/ext_int_megarf.o
 .bss.ext_int_int3_callback
                0x008013a8        0x2 PNE EXT INT/hal/drivers/ext_int_megarf.o
 .bss.ext_int_int2_callback
                0x008013aa        0x2 PNE EXT INT/hal/drivers/ext_int_megarf.o
 .bss.ext_int_int1_callback
                0x008013ac        0x2 PNE EXT INT/hal/drivers/ext_int_megarf.o
 .bss.ext_int_int0_callback
                0x008013ae        0x2 PNE EXT INT/hal/drivers/ext_int_megarf.o
 .bss.nwkDataReqQueue
                0x008013b0        0x2 LwMesh/nwk/src/nwkDataReq.o
 .bss.nwkFrameFrames
                0x008013b2      0xab4 LwMesh/nwk/src/nwkFrame.o
 .bss.nwkRxDuplicateRejectionTimer
                0x00801e66        0xd LwMesh/nwk/src/nwkRx.o
 .bss.nwkRxAckControl
                0x00801e73        0x1 LwMesh/nwk/src/nwkRx.o
 .bss.nwkRxDuplicateRejectionTable
                0x00801e74       0x32 LwMesh/nwk/src/nwkRx.o
 .bss.nwkSecurityVector
                0x00801ea6       0x10 LwMesh/nwk/src/nwkSecurity.o
 .bss.nwkSecurityEncrypt
                0x00801eb6        0x1 LwMesh/nwk/src/nwkSecurity.o
 .bss.nwkSecurityOffset
                0x00801eb7        0x1 LwMesh/nwk/src/nwkSecurity.o
 .bss.nwkSecuritySize
                0x00801eb8        0x1 LwMesh/nwk/src/nwkSecurity.o
 .bss.nwkSecurityActiveFrame
                0x00801eb9        0x2 LwMesh/nwk/src/nwkSecurity.o
 .bss.nwkSecurityActiveFrames
                0x00801ebb        0x1 LwMesh/nwk/src/nwkSecurity.o
 .bss.nwkTxDelayTimer
                0x00801ebc        0xd LwMesh/nwk/src/nwkTx.o
 .bss.nwkTxAckWaitTimer
                0x00801ec9        0xd LwMesh/nwk/src/nwkTx.o
 .bss.nwkTxPhyActiveFrame
                0x00801ed6        0x2 LwMesh/nwk/src/nwkTx.o
 .bss.phyBand   0x00801ed8        0x1 LwMesh/phy/atmegarfr2/src/phy.o
 .bss.phyChannel
                0x00801ed9        0x1 LwMesh/phy/atmegarfr2/src/phy.o
 .bss.phyRxState
                0x00801eda        0x1 LwMesh/phy/atmegarfr2/src/phy.o
 .bss.phyRxBuffer
                0x00801edb       0x80 LwMesh/phy/atmegarfr2/src/phy.o
 .bss.phyState  0x00801f5b        0x1 LwMesh/phy/atmegarfr2/src/phy.o
 .bss.timers    0x00801f5c        0x2 LwMesh/sys/src/sysTimer.o
 .bss.UID       0x00801f5e       0x10 PNEWELS.o
                0x00801f5e                UID
 .bss.data_to_rf
                0x00801f6e       0x64 pne_rf_processor.o
                0x00801f6e                data_to_rf
 .bss.data_pack_3
                0x00801fd2        0x1 pne_rf_processor.o
                0x00801fd2                data_pack_3
 .bss.data_pack_2
                0x00801fd3        0x1 pne_rf_processor.o
                0x00801fd3                data_pack_2
 .bss.data_pack_1
                0x00801fd4        0x1 pne_rf_processor.o
                0x00801fd4                data_pack_1
 .bss.count     0x00801fd5        0x1 UserApp/appPNEWELS_time/src/appPNEWELSTime2.o
                0x00801fd5                count
 .bss.timestamp_internal
                0x00801fd6        0x4 UserApp/appPNEWELS_time/src/appPNEWELSTime2.o
                0x00801fd6                timestamp_internal
 *(COMMON)
 COMMON         0x00801fda      0x10d appIb.o
                0x00801fda                batt_max
                0x00801fdb                LED_flag
                0x00801fdc                INPUT_LED_DRV1
                0x00801fdf                reset_cache
                0x00801fe0                PNEWELS_Buffer
                0x00802008                wps_send_flag
                0x00802009                data_update_flag
                0x0080200a                OUT_LED_CH0
                0x0080200d                error_timer_wps
                0x0080201a                WPS_BTN
                0x0080201d                TEMP_ALRT
                0x00802020                factory_command
                0x00802021                flag
                0x00802022                config_state
                0x00802023                button
                0x00802024                battery_option_flag
                0x00802025                reset_option_flag
                0x00802026                INPUT_LED_CH2
                0x00802029                STATUS_LED_1
                0x0080202c                wps_flag
                0x0080202d                EMER_LIGHT_EN
                0x00802030                reboot_countdown
                0x00802032                error_count_wps
                0x00802033                INPUT_LED_DRV2
                0x00802036                operation_seq
                0x00802037                option_select
                0x00802038                error_timer_status
                0x00802045                count_usart
                0x00802046                debouncing_delay
                0x00802047                countdown
                0x00802049                initialize_flag
                0x0080204a                error_count_status
                0x0080204b                STATUS_LED_2
                0x0080204e                appLEDIntervalTimer
                0x0080205b                configuration_flag
                0x0080205c                address_low
                0x0080205d                CHARGING_DISABLE
                0x00802060                address_high
                0x00802061                rf_flag
                0x00802062                commamd
                0x0080206f                status_report_flag
                0x00802070                FACTORY_BTN
                0x00802073                installation_flag
                0x00802074                appLEDTimer
                0x00802081                MANUAL_BTN
                0x00802084                INPUT_LED_DRV0
                0x00802087                config_waiting_input
                0x00802088                appIb
                0x008020b2                reset_state
                0x008020b3                battery_low_once
                0x008020b4                usart_state
                0x008020b5                appWPSActivationTimer
                0x008020c2                WPS_STATUS
                0x008020c3                VCHARGE_STAT
                0x008020c6                appWPSRequestTimer
                0x008020d3                INPUT_LED_CH1
                0x008020d6                do_once
                0x008020d7                batt_low
                0x008020d8                AC_STAT
                0x008020db                factory_state
                0x008020dc                device_flag
                0x008020dd                battery_state
                0x008020de                OUT_LED_CH1
                0x008020e1                interrupt_flag
                0x008020e2                battery_cache
                0x008020e3                config_command
                0x008020e4                OUT_LED_CH2
 COMMON         0x008020e7        0x3 ASF USART/hal/drivers/usart_megarf.o
                0x008020e7                current_state_emergency_light
                0x008020e8                memory_address_incr
 COMMON         0x008020ea        0x1 LwMesh/hal/atmega256rfr2/src/halTimer.o
                0x008020ea                halTimerIrqCount
 COMMON         0x008020eb       0x38 LwMesh/nwk/src/nwk.o
                0x008020eb                nwkIb
 COMMON         0x00802123        0x7 PNEWELS.o
                0x00802123                battery_average
                0x00802128                signatureVerify
                0x00802129                battery_counter
 COMMON         0x0080212a      0x200 UserApp/crc/crc.o
                0x0080212a                crcTable
                0x0080232a                PROVIDE (__bss_end, .)
                0x00009d56                __data_load_start = LOADADDR (.data)
                0x0000a4c0                __data_load_end = (__data_load_start + SIZEOF (.data))

.noinit         0x0080232a        0x0
                0x0080232a                PROVIDE (__noinit_start, .)
 *(.noinit*)
                0x0080232a                PROVIDE (__noinit_end, .)
                0x0080232a                _end = .
                0x0080232a                PROVIDE (__heap_start, .)

.eeprom         0x00810000        0x0
 *(.eeprom*)
                0x00810000                __eeprom_end = .

.fuse           0x00820000        0x3
 *(.fuse)
 .fuse          0x00820000        0x3 device.o
                0x00820000                __fuse
 *(.lfuse)
 *(.hfuse)
 *(.efuse)

.lock
 *(.lock*)

.signature
 *(.signature*)

.user_signatures
 *(.user_signatures*)

.stab
 *(.stab)

.stabstr
 *(.stabstr)

.stab.excl
 *(.stab.excl)

.stab.exclstr
 *(.stab.exclstr)

.stab.index
 *(.stab.index)

.stab.indexstr
 *(.stab.indexstr)

.comment        0x00000000       0x60
 *(.comment)
 .comment       0x00000000       0x30 appEeprom.o
                                 0x31 (size before relaxing)
 .comment       0x00000030       0x31 appIb.o
 .comment       0x00000030       0x31 appNwk.o
 .comment       0x00000030       0x31 appVerify.o
 .comment       0x00000030       0x30 ASF TWI/twi_megarf.o
                                 0x31 (size before relaxing)
 .comment       0x00000060       0x31 ASF USART/hal/drivers/usart_megarf.o
 .comment       0x00000060       0x31 device.o
 .comment       0x00000060       0x31 PNE EXT INT/hal/drivers/ext_int_megarf.o
 .comment       0x00000060       0x31 PNE GPIO/hal/drivers/gpio.o
 .comment       0x00000060       0x31 LwMesh/hal/atmega256rfr2/src/hal.o
 .comment       0x00000060       0x31 LwMesh/hal/atmega256rfr2/src/halTimer.o
 .comment       0x00000060       0x31 LwMesh/nwk/src/nwk.o
 .comment       0x00000060       0x31 LwMesh/nwk/src/nwkDataReq.o
 .comment       0x00000060       0x31 LwMesh/nwk/src/nwkFrame.o
 .comment       0x00000060       0x31 LwMesh/nwk/src/nwkRx.o
 .comment       0x00000060       0x31 LwMesh/nwk/src/nwkSecurity.o
 .comment       0x00000060       0x31 LwMesh/nwk/src/nwkTx.o
 .comment       0x00000060       0x31 LwMesh/phy/atmegarfr2/src/phy.o
 .comment       0x00000060       0x31 LwMesh/sys/src/sys.o
 .comment       0x00000060       0x31 LwMesh/sys/src/sysEncrypt.o
 .comment       0x00000060       0x31 LwMesh/sys/src/sysTimer.o
 .comment       0x00000060       0x31 PNEWELS.o
 .comment       0x00000060       0x31 PNEWELSFactoryInit.o
 .comment       0x00000060       0x31 PNEWELSRFInit.o
 .comment       0x00000060       0x31 pne_appDelay.o
 .comment       0x00000060       0x31 pne_appTwi.o
 .comment       0x00000060       0x31 PNE_Factory.o
 .comment       0x00000060       0x31 pne_rf_processor.o
 .comment       0x00000060       0x31 UserApp/appPNEWELS_time/src/appPNEWELSTime2.o
 .comment       0x00000060       0x31 UserApp/battery/appBattery.o
 .comment       0x00000060       0x31 UserApp/crc/crc.o
 .comment       0x00000060       0x31 UserApp/signature/pnesign.o
 .comment       0x00000060       0x31 c:/program files (x86)/atmel/studio/7.0/toolchain/avr8/avr8-gnu-toolchain/bin/../lib/gcc/avr/4.9.2/../../../../avr/lib/avr6\libc.a(rand.o)

.note.gnu.avr.deviceinfo
                0x00000000       0x44
 .note.gnu.avr.deviceinfo
                0x00000000       0x44 C:/Program Files (x86)/Atmel/Studio/7.0/Packs/atmel/ATmega_DFP/1.0.98/gcc/dev/atmega2564rfr2/avr6/crtatmega2564rfr2.o

.note.gnu.build-id
 *(.note.gnu.build-id)

.debug
 *(.debug)

.line
 *(.line)

.debug_srcinfo
 *(.debug_srcinfo)

.debug_sfnames
 *(.debug_sfnames)

.debug_aranges  0x00000000      0xa78
 *(.debug_aranges)
 .debug_aranges
                0x00000000       0x38 appEeprom.o
 .debug_aranges
                0x00000038       0x30 appIb.o
 .debug_aranges
                0x00000068       0x40 appNwk.o
 .debug_aranges
                0x000000a8       0x28 appVerify.o
 .debug_aranges
                0x000000d0       0x70 ASF TWI/twi_megarf.o
 .debug_aranges
                0x00000140       0x48 ASF USART/hal/drivers/usart_megarf.o
 .debug_aranges
                0x00000188       0x30 device.o
 .debug_aranges
                0x000001b8       0xb8 PNE EXT INT/hal/drivers/ext_int_megarf.o
 .debug_aranges
                0x00000270       0x58 PNE GPIO/hal/drivers/gpio.o
 .debug_aranges
                0x000002c8       0x28 LwMesh/hal/atmega256rfr2/src/hal.o
 .debug_aranges
                0x000002f0       0x30 LwMesh/hal/atmega256rfr2/src/halTimer.o
 .debug_aranges
                0x00000320       0x70 LwMesh/nwk/src/nwk.o
 .debug_aranges
                0x00000390       0x38 LwMesh/nwk/src/nwkDataReq.o
 .debug_aranges
                0x000003c8       0x40 LwMesh/nwk/src/nwkFrame.o
 .debug_aranges
                0x00000408       0x50 LwMesh/nwk/src/nwkRx.o
 .debug_aranges
                0x00000458       0x40 LwMesh/nwk/src/nwkSecurity.o
 .debug_aranges
                0x00000498       0x68 LwMesh/nwk/src/nwkTx.o
 .debug_aranges
                0x00000500       0x98 LwMesh/phy/atmegarfr2/src/phy.o
 .debug_aranges
                0x00000598       0x28 LwMesh/sys/src/sys.o
 .debug_aranges
                0x000005c0       0x20 LwMesh/sys/src/sysEncrypt.o
 .debug_aranges
                0x000005e0       0x48 LwMesh/sys/src/sysTimer.o
 .debug_aranges
                0x00000628       0xa0 PNEWELS.o
 .debug_aranges
                0x000006c8       0x30 PNEWELSFactoryInit.o
 .debug_aranges
                0x000006f8       0x20 PNEWELSRFInit.o
 .debug_aranges
                0x00000718       0x20 pne_appDelay.o
 .debug_aranges
                0x00000738       0x68 pne_appTwi.o
 .debug_aranges
                0x000007a0       0xc8 PNE_Factory.o
 .debug_aranges
                0x00000868       0xf0 pne_rf_processor.o
 .debug_aranges
                0x00000958       0x50 UserApp/appPNEWELS_time/src/appPNEWELSTime2.o
 .debug_aranges
                0x000009a8       0x28 UserApp/battery/appBattery.o
 .debug_aranges
                0x000009d0       0x38 UserApp/crc/crc.o
 .debug_aranges
                0x00000a08       0x70 UserApp/signature/pnesign.o

.debug_pubnames
 *(.debug_pubnames)

.debug_info     0x00000000    0x15cca
 *(.debug_info .gnu.linkonce.wi.*)
 .debug_info    0x00000000      0x230 appEeprom.o
 .debug_info    0x00000230      0xf21 appIb.o
 .debug_info    0x00001151      0xd28 appNwk.o
 .debug_info    0x00001e79      0x65d appVerify.o
 .debug_info    0x000024d6      0xad8 ASF TWI/twi_megarf.o
 .debug_info    0x00002fae      0xb51 ASF USART/hal/drivers/usart_megarf.o
 .debug_info    0x00003aff      0x9f0 device.o
 .debug_info    0x000044ef      0x674 PNE EXT INT/hal/drivers/ext_int_megarf.o
 .debug_info    0x00004b63      0x3b6 PNE GPIO/hal/drivers/gpio.o
 .debug_info    0x00004f19      0x128 LwMesh/hal/atmega256rfr2/src/hal.o
 .debug_info    0x00005041       0xe4 LwMesh/hal/atmega256rfr2/src/halTimer.o
 .debug_info    0x00005125      0x519 LwMesh/nwk/src/nwk.o
 .debug_info    0x0000563e      0x7ea LwMesh/nwk/src/nwkDataReq.o
 .debug_info    0x00005e28      0x5b7 LwMesh/nwk/src/nwkFrame.o
 .debug_info    0x000063df      0xcdb LwMesh/nwk/src/nwkRx.o
 .debug_info    0x000070ba      0x789 LwMesh/nwk/src/nwkSecurity.o
 .debug_info    0x00007843      0xaae LwMesh/nwk/src/nwkTx.o
 .debug_info    0x000082f1      0x95a LwMesh/phy/atmegarfr2/src/phy.o
 .debug_info    0x00008c4b      0x165 LwMesh/sys/src/sys.o
 .debug_info    0x00008db0      0x12d LwMesh/sys/src/sysEncrypt.o
 .debug_info    0x00008edd      0x341 LwMesh/sys/src/sysTimer.o
 .debug_info    0x0000921e     0x2877 PNEWELS.o
 .debug_info    0x0000ba95      0xf51 PNEWELSFactoryInit.o
 .debug_info    0x0000c9e6      0xd3e PNEWELSRFInit.o
 .debug_info    0x0000d724       0xbc pne_appDelay.o
 .debug_info    0x0000d7e0     0x1c09 pne_appTwi.o
 .debug_info    0x0000f3e9     0x2b12 PNE_Factory.o
 .debug_info    0x00011efb     0x2247 pne_rf_processor.o
 .debug_info    0x00014142      0x2cd UserApp/appPNEWELS_time/src/appPNEWELSTime2.o
 .debug_info    0x0001440f      0x726 UserApp/battery/appBattery.o
 .debug_info    0x00014b35      0x23d UserApp/crc/crc.o
 .debug_info    0x00014d72      0xf58 UserApp/signature/pnesign.o

.debug_abbrev   0x00000000     0x3d66
 *(.debug_abbrev)
 .debug_abbrev  0x00000000      0x10c appEeprom.o
 .debug_abbrev  0x0000010c      0x1aa appIb.o
 .debug_abbrev  0x000002b6      0x22c appNwk.o
 .debug_abbrev  0x000004e2      0x13d appVerify.o
 .debug_abbrev  0x0000061f      0x2ce ASF TWI/twi_megarf.o
 .debug_abbrev  0x000008ed      0x201 ASF USART/hal/drivers/usart_megarf.o
 .debug_abbrev  0x00000aee      0x1ee device.o
 .debug_abbrev  0x00000cdc      0x209 PNE EXT INT/hal/drivers/ext_int_megarf.o
 .debug_abbrev  0x00000ee5       0xf7 PNE GPIO/hal/drivers/gpio.o
 .debug_abbrev  0x00000fdc       0xda LwMesh/hal/atmega256rfr2/src/hal.o
 .debug_abbrev  0x000010b6       0xaa LwMesh/hal/atmega256rfr2/src/halTimer.o
 .debug_abbrev  0x00001160      0x1c7 LwMesh/nwk/src/nwk.o
 .debug_abbrev  0x00001327      0x2bd LwMesh/nwk/src/nwkDataReq.o
 .debug_abbrev  0x000015e4      0x192 LwMesh/nwk/src/nwkFrame.o
 .debug_abbrev  0x00001776      0x3db LwMesh/nwk/src/nwkRx.o
 .debug_abbrev  0x00001b51      0x2bf LwMesh/nwk/src/nwkSecurity.o
 .debug_abbrev  0x00001e10      0x38e LwMesh/nwk/src/nwkTx.o
 .debug_abbrev  0x0000219e      0x292 LwMesh/phy/atmegarfr2/src/phy.o
 .debug_abbrev  0x00002430       0x80 LwMesh/sys/src/sys.o
 .debug_abbrev  0x000024b0       0xda LwMesh/sys/src/sysEncrypt.o
 .debug_abbrev  0x0000258a      0x199 LwMesh/sys/src/sysTimer.o
 .debug_abbrev  0x00002723      0x35b PNEWELS.o
 .debug_abbrev  0x00002a7e      0x1ac PNEWELSFactoryInit.o
 .debug_abbrev  0x00002c2a      0x151 PNEWELSRFInit.o
 .debug_abbrev  0x00002d7b       0x87 pne_appDelay.o
 .debug_abbrev  0x00002e02      0x292 pne_appTwi.o
 .debug_abbrev  0x00003094      0x325 PNE_Factory.o
 .debug_abbrev  0x000033b9      0x33f pne_rf_processor.o
 .debug_abbrev  0x000036f8      0x17e UserApp/appPNEWELS_time/src/appPNEWELSTime2.o
 .debug_abbrev  0x00003876      0x115 UserApp/battery/appBattery.o
 .debug_abbrev  0x0000398b      0x11c UserApp/crc/crc.o
 .debug_abbrev  0x00003aa7      0x2bf UserApp/signature/pnesign.o

.debug_line     0x00000000     0x8490
 *(.debug_line .debug_line.* .debug_line_end)
 .debug_line    0x00000000      0x171 appEeprom.o
 .debug_line    0x00000171      0x28f appIb.o
 .debug_line    0x00000400      0x2f4 appNwk.o
 .debug_line    0x000006f4      0x113 appVerify.o
 .debug_line    0x00000807      0x5c6 ASF TWI/twi_megarf.o
 .debug_line    0x00000dcd      0x327 ASF USART/hal/drivers/usart_megarf.o
 .debug_line    0x000010f4      0x262 device.o
 .debug_line    0x00001356      0x43c PNE EXT INT/hal/drivers/ext_int_megarf.o
 .debug_line    0x00001792      0x32d PNE GPIO/hal/drivers/gpio.o
 .debug_line    0x00001abf      0x187 LwMesh/hal/atmega256rfr2/src/hal.o
 .debug_line    0x00001c46      0x12e LwMesh/hal/atmega256rfr2/src/halTimer.o
 .debug_line    0x00001d74      0x2c3 LwMesh/nwk/src/nwk.o
 .debug_line    0x00002037      0x263 LwMesh/nwk/src/nwkDataReq.o
 .debug_line    0x0000229a      0x1dc LwMesh/nwk/src/nwkFrame.o
 .debug_line    0x00002476      0x4ce LwMesh/nwk/src/nwkRx.o
 .debug_line    0x00002944      0x2b2 LwMesh/nwk/src/nwkSecurity.o
 .debug_line    0x00002bf6      0x4fa LwMesh/nwk/src/nwkTx.o
 .debug_line    0x000030f0      0x4e6 LwMesh/phy/atmegarfr2/src/phy.o
 .debug_line    0x000035d6      0x181 LwMesh/sys/src/sys.o
 .debug_line    0x00003757      0x112 LwMesh/sys/src/sysEncrypt.o
 .debug_line    0x00003869      0x2bd LwMesh/sys/src/sysTimer.o
 .debug_line    0x00003b26     0x128d PNEWELS.o
 .debug_line    0x00004db3      0x209 PNEWELSFactoryInit.o
 .debug_line    0x00004fbc      0x14b PNEWELSRFInit.o
 .debug_line    0x00005107       0xba pne_appDelay.o
 .debug_line    0x000051c1      0x8a2 pne_appTwi.o
 .debug_line    0x00005a63     0x13ca PNE_Factory.o
 .debug_line    0x00006e2d      0x9c0 pne_rf_processor.o
 .debug_line    0x000077ed      0x2e2 UserApp/appPNEWELS_time/src/appPNEWELSTime2.o
 .debug_line    0x00007acf      0x1e3 UserApp/battery/appBattery.o
 .debug_line    0x00007cb2      0x16a UserApp/crc/crc.o
 .debug_line    0x00007e1c      0x674 UserApp/signature/pnesign.o

.debug_frame    0x00000000     0x1fd4
 *(.debug_frame)
 .debug_frame   0x00000000       0x9c appEeprom.o
 .debug_frame   0x0000009c       0x74 appIb.o
 .debug_frame   0x00000110       0x70 appNwk.o
 .debug_frame   0x00000180       0x40 appVerify.o
 .debug_frame   0x000001c0      0x10c ASF TWI/twi_megarf.o
 .debug_frame   0x000002cc      0x158 ASF USART/hal/drivers/usart_megarf.o
 .debug_frame   0x00000424       0x44 device.o
 .debug_frame   0x00000468      0x448 PNE EXT INT/hal/drivers/ext_int_megarf.o
 .debug_frame   0x000008b0       0x94 PNE GPIO/hal/drivers/gpio.o
 .debug_frame   0x00000944       0x34 LwMesh/hal/atmega256rfr2/src/hal.o
 .debug_frame   0x00000978       0x54 LwMesh/hal/atmega256rfr2/src/halTimer.o
 .debug_frame   0x000009cc       0xd4 LwMesh/nwk/src/nwk.o
 .debug_frame   0x00000aa0       0x68 LwMesh/nwk/src/nwkDataReq.o
 .debug_frame   0x00000b08       0x64 LwMesh/nwk/src/nwkFrame.o
 .debug_frame   0x00000b6c       0xf0 LwMesh/nwk/src/nwkRx.o
 .debug_frame   0x00000c5c       0x84 LwMesh/nwk/src/nwkSecurity.o
 .debug_frame   0x00000ce0      0x154 LwMesh/nwk/src/nwkTx.o
 .debug_frame   0x00000e34      0x188 LwMesh/phy/atmegarfr2/src/phy.o
 .debug_frame   0x00000fbc       0x34 LwMesh/sys/src/sys.o
 .debug_frame   0x00000ff0       0x24 LwMesh/sys/src/sysEncrypt.o
 .debug_frame   0x00001014       0xc0 LwMesh/sys/src/sysTimer.o
 .debug_frame   0x000010d4      0x1c4 PNEWELS.o
 .debug_frame   0x00001298       0x4c PNEWELSFactoryInit.o
 .debug_frame   0x000012e4       0x34 PNEWELSRFInit.o
 .debug_frame   0x00001318       0x24 pne_appDelay.o
 .debug_frame   0x0000133c      0x1ec pne_appTwi.o
 .debug_frame   0x00001528      0x26c PNE_Factory.o
 .debug_frame   0x00001794      0x360 pne_rf_processor.o
 .debug_frame   0x00001af4      0x124 UserApp/appPNEWELS_time/src/appPNEWELSTime2.o
 .debug_frame   0x00001c18       0x48 UserApp/battery/appBattery.o
 .debug_frame   0x00001c60       0xc8 UserApp/crc/crc.o
 .debug_frame   0x00001d28      0x2ac UserApp/signature/pnesign.o

.debug_str      0x00000000     0x42ba
 *(.debug_str)
 .debug_str     0x00000000      0x1ba appEeprom.o
                                0x200 (size before relaxing)
 .debug_str     0x000001ba      0xbe5 appIb.o
                                0xdeb (size before relaxing)
 .debug_str     0x00000d9f      0x261 appNwk.o
                                0xa90 (size before relaxing)
 .debug_str     0x00001000       0x64 appVerify.o
                                0x764 (size before relaxing)
 .debug_str     0x00001064      0x6d6 ASF TWI/twi_megarf.o
                                0x860 (size before relaxing)
 .debug_str     0x0000173a      0x46b ASF USART/hal/drivers/usart_megarf.o
                                0xbb7 (size before relaxing)
 .debug_str     0x00001ba5      0x10f device.o
                                0x8ff (size before relaxing)
 .debug_str     0x00001cb4      0x2ea PNE EXT INT/hal/drivers/ext_int_megarf.o
                                0x577 (size before relaxing)
 .debug_str     0x00001f9e       0x66 PNE GPIO/hal/drivers/gpio.o
                                0x306 (size before relaxing)
 .debug_str     0x00002004       0x6b LwMesh/hal/atmega256rfr2/src/hal.o
                                0x1ce (size before relaxing)
 .debug_str     0x0000206f       0x48 LwMesh/hal/atmega256rfr2/src/halTimer.o
                                0x1c8 (size before relaxing)
 .debug_str     0x000020b7      0x167 LwMesh/nwk/src/nwk.o
                                0x394 (size before relaxing)
 .debug_str     0x0000221e      0x202 LwMesh/nwk/src/nwkDataReq.o
                                0x5a9 (size before relaxing)
 .debug_str     0x00002420       0x62 LwMesh/nwk/src/nwkFrame.o
                                0x448 (size before relaxing)
 .debug_str     0x00002482      0x340 LwMesh/nwk/src/nwkRx.o
                                0x75d (size before relaxing)
 .debug_str     0x000027c2      0x1aa LwMesh/nwk/src/nwkSecurity.o
                                0x54d (size before relaxing)
 .debug_str     0x0000296c      0x1c8 LwMesh/nwk/src/nwkTx.o
                                0x712 (size before relaxing)
 .debug_str     0x00002b34      0x555 LwMesh/phy/atmegarfr2/src/phy.o
                                0x804 (size before relaxing)
 .debug_str     0x00003089       0x3b LwMesh/sys/src/sys.o
                                0x21d (size before relaxing)
 .debug_str     0x000030c4       0x1f LwMesh/sys/src/sysEncrypt.o
                                0x1d1 (size before relaxing)
 .debug_str     0x000030e3       0x56 LwMesh/sys/src/sysTimer.o
                                0x285 (size before relaxing)
 .debug_str     0x00003139      0x922 PNEWELS.o
                               0x19ea (size before relaxing)
 .debug_str     0x00003a5b       0x3a PNEWELSFactoryInit.o
                                0xe6c (size before relaxing)
 .debug_str     0x00003a95       0x30 PNEWELSRFInit.o
                                0xdd3 (size before relaxing)
 .debug_str     0x00003ac5       0x2b pne_appDelay.o
                                0x192 (size before relaxing)
 .debug_str     0x00003af0      0x232 pne_appTwi.o
                               0x1399 (size before relaxing)
 .debug_str     0x00003d22      0x223 PNE_Factory.o
                               0x15c1 (size before relaxing)
 .debug_str     0x00003f45      0x10d pne_rf_processor.o
                               0x126e (size before relaxing)
 .debug_str     0x00004052       0xef UserApp/appPNEWELS_time/src/appPNEWELSTime2.o
                                0x2b3 (size before relaxing)
 .debug_str     0x00004141       0x20 UserApp/battery/appBattery.o
                                0xa6f (size before relaxing)
 .debug_str     0x00004161       0x59 UserApp/crc/crc.o
                                0x1a2 (size before relaxing)
 .debug_str     0x000041ba      0x100 UserApp/signature/pnesign.o
                                0x870 (size before relaxing)

.debug_loc      0x00000000     0xa093
 *(.debug_loc)
 .debug_loc     0x00000000      0x27b appEeprom.o
 .debug_loc     0x0000027b       0xaa appIb.o
 .debug_loc     0x00000325      0x158 appNwk.o
 .debug_loc     0x0000047d       0xed appVerify.o
 .debug_loc     0x0000056a      0x386 ASF TWI/twi_megarf.o
 .debug_loc     0x000008f0      0x7a6 ASF USART/hal/drivers/usart_megarf.o
 .debug_loc     0x00001096       0x26 device.o
 .debug_loc     0x000010bc      0x9e7 PNE EXT INT/hal/drivers/ext_int_megarf.o
 .debug_loc     0x00001aa3      0x103 PNE GPIO/hal/drivers/gpio.o
 .debug_loc     0x00001ba6       0x21 LwMesh/hal/atmega256rfr2/src/hal.o
 .debug_loc     0x00001bc7       0x62 LwMesh/hal/atmega256rfr2/src/halTimer.o
 .debug_loc     0x00001c29      0x14d LwMesh/nwk/src/nwk.o
 .debug_loc     0x00001d76      0x137 LwMesh/nwk/src/nwkDataReq.o
 .debug_loc     0x00001ead       0xe2 LwMesh/nwk/src/nwkFrame.o
 .debug_loc     0x00001f8f      0x4e5 LwMesh/nwk/src/nwkRx.o
 .debug_loc     0x00002474      0x1d1 LwMesh/nwk/src/nwkSecurity.o
 .debug_loc     0x00002645      0x672 LwMesh/nwk/src/nwkTx.o
 .debug_loc     0x00002cb7      0x4f6 LwMesh/phy/atmegarfr2/src/phy.o
 .debug_loc     0x000031ad       0x4c LwMesh/sys/src/sysEncrypt.o
 .debug_loc     0x000031f9      0x42e LwMesh/sys/src/sysTimer.o
 .debug_loc     0x00003627      0xa14 PNEWELS.o
 .debug_loc     0x0000403b       0xa5 PNEWELSFactoryInit.o
 .debug_loc     0x000040e0      0x137 PNEWELSRFInit.o
 .debug_loc     0x00004217       0x4c pne_appDelay.o
 .debug_loc     0x00004263     0x1062 pne_appTwi.o
 .debug_loc     0x000052c5     0x1322 PNE_Factory.o
 .debug_loc     0x000065e7      0xf30 pne_rf_processor.o
 .debug_loc     0x00007517      0x3bd UserApp/appPNEWELS_time/src/appPNEWELSTime2.o
 .debug_loc     0x000078d4       0x70 UserApp/battery/appBattery.o
 .debug_loc     0x00007944      0x508 UserApp/crc/crc.o
 .debug_loc     0x00007e4c     0x2247 UserApp/signature/pnesign.o

.debug_macinfo
 *(.debug_macinfo)

.debug_weaknames
 *(.debug_weaknames)

.debug_funcnames
 *(.debug_funcnames)

.debug_typenames
 *(.debug_typenames)

.debug_varnames
 *(.debug_varnames)

.debug_pubtypes
 *(.debug_pubtypes)

.debug_ranges   0x00000000      0x9e0
 *(.debug_ranges)
 .debug_ranges  0x00000000       0x28 appEeprom.o
 .debug_ranges  0x00000028       0x20 appIb.o
 .debug_ranges  0x00000048       0x30 appNwk.o
 .debug_ranges  0x00000078       0x18 appVerify.o
 .debug_ranges  0x00000090       0x60 ASF TWI/twi_megarf.o
 .debug_ranges  0x000000f0       0x38 ASF USART/hal/drivers/usart_megarf.o
 .debug_ranges  0x00000128       0x20 device.o
 .debug_ranges  0x00000148       0xa8 PNE EXT INT/hal/drivers/ext_int_megarf.o
 .debug_ranges  0x000001f0       0x48 PNE GPIO/hal/drivers/gpio.o
 .debug_ranges  0x00000238       0x18 LwMesh/hal/atmega256rfr2/src/hal.o
 .debug_ranges  0x00000250       0x20 LwMesh/hal/atmega256rfr2/src/halTimer.o
 .debug_ranges  0x00000270       0x60 LwMesh/nwk/src/nwk.o
 .debug_ranges  0x000002d0       0x28 LwMesh/nwk/src/nwkDataReq.o
 .debug_ranges  0x000002f8       0x30 LwMesh/nwk/src/nwkFrame.o
 .debug_ranges  0x00000328       0x78 LwMesh/nwk/src/nwkRx.o
 .debug_ranges  0x000003a0       0x48 LwMesh/nwk/src/nwkSecurity.o
 .debug_ranges  0x000003e8       0x70 LwMesh/nwk/src/nwkTx.o
 .debug_ranges  0x00000458       0x88 LwMesh/phy/atmegarfr2/src/phy.o
 .debug_ranges  0x000004e0       0x18 LwMesh/sys/src/sys.o
 .debug_ranges  0x000004f8       0x10 LwMesh/sys/src/sysEncrypt.o
 .debug_ranges  0x00000508       0x70 LwMesh/sys/src/sysTimer.o
 .debug_ranges  0x00000578       0xc0 PNEWELS.o
 .debug_ranges  0x00000638       0x20 PNEWELSFactoryInit.o
 .debug_ranges  0x00000658       0x10 PNEWELSRFInit.o
 .debug_ranges  0x00000668       0x10 pne_appDelay.o
 .debug_ranges  0x00000678       0x58 pne_appTwi.o
 .debug_ranges  0x000006d0       0xe8 PNE_Factory.o
 .debug_ranges  0x000007b8       0xf8 pne_rf_processor.o
 .debug_ranges  0x000008b0       0x90 UserApp/appPNEWELS_time/src/appPNEWELSTime2.o
 .debug_ranges  0x00000940       0x18 UserApp/battery/appBattery.o
 .debug_ranges  0x00000958       0x28 UserApp/crc/crc.o
 .debug_ranges  0x00000980       0x60 UserApp/signature/pnesign.o

.debug_macro
 *(.debug_macro)
OUTPUT(PNEWELS.elf elf32-avr)
LOAD linker stubs
