Archive member included to satisfy reference by file (symbol)

c:/program files (x86)/atmel/studio/7.0/toolchain/avr8/avr8-gnu-toolchain/bin/../lib/gcc/avr/4.9.2/avr6\libgcc.a(_divmodhi4.o)
                              PNEWELS.o (__divmodhi4)
c:/program files (x86)/atmel/studio/7.0/toolchain/avr8/avr8-gnu-toolchain/bin/../lib/gcc/avr/4.9.2/avr6\libgcc.a(_udivmodsi4.o)
                              ASF USART/hal/drivers/usart_megarf.o (__udivmodsi4)
c:/program files (x86)/atmel/studio/7.0/toolchain/avr8/avr8-gnu-toolchain/bin/../lib/gcc/avr/4.9.2/avr6\libgcc.a(_exit.o)
                              C:/Program Files (x86)/Atmel/Studio/7.0/Packs/atmel/ATmega_DFP/1.0.98/gcc/dev/atmega2564rfr2/avr6/crtatmega2564rfr2.o (exit)
c:/program files (x86)/atmel/studio/7.0/toolchain/avr8/avr8-gnu-toolchain/bin/../lib/gcc/avr/4.9.2/avr6\libgcc.a(_tablejump2.o)
                              ASF TWI/twi_megarf.o (__tablejump2__)
c:/program files (x86)/atmel/studio/7.0/toolchain/avr8/avr8-gnu-toolchain/bin/../lib/gcc/avr/4.9.2/avr6\libgcc.a(_copy_data.o)
                              appIb.o (__do_copy_data)
c:/program files (x86)/atmel/studio/7.0/toolchain/avr8/avr8-gnu-toolchain/bin/../lib/gcc/avr/4.9.2/avr6\libgcc.a(_clear_bss.o)
                              appCommand.o (__do_clear_bss)
c:/program files (x86)/atmel/studio/7.0/toolchain/avr8/avr8-gnu-toolchain/bin/../lib/gcc/avr/4.9.2/avr6\libgcc.a(_umulhisi3.o)
                              UserApp/appPNEWELS_time/src/appPNEWELSTime2.o (__umulhisi3)
c:/program files (x86)/atmel/studio/7.0/toolchain/avr8/avr8-gnu-toolchain/bin/../lib/gcc/avr/4.9.2/avr6\libgcc.a(_usmulhisi3.o)
                              PNEWELS.o (__usmulhisi3)
c:/program files (x86)/atmel/studio/7.0/toolchain/avr8/avr8-gnu-toolchain/bin/../lib/gcc/avr/4.9.2/avr6\libgcc.a(_mulshisi3.o)
                              PNEWELS.o (__mulshisi3)
c:/program files (x86)/atmel/studio/7.0/toolchain/avr8/avr8-gnu-toolchain/bin/../lib/gcc/avr/4.9.2/avr6\libgcc.a(_udivmodhi4.o)
                              c:/program files (x86)/atmel/studio/7.0/toolchain/avr8/avr8-gnu-toolchain/bin/../lib/gcc/avr/4.9.2/avr6\libgcc.a(_divmodhi4.o) (__udivmodhi4)
c:/program files (x86)/atmel/studio/7.0/toolchain/avr8/avr8-gnu-toolchain/bin/../lib/gcc/avr/4.9.2/avr6\libgcc.a(_muluhisi3.o)
                              c:/program files (x86)/atmel/studio/7.0/toolchain/avr8/avr8-gnu-toolchain/bin/../lib/gcc/avr/4.9.2/avr6\libgcc.a(_mulshisi3.o) (__muluhisi3)
c:/program files (x86)/atmel/studio/7.0/toolchain/avr8/avr8-gnu-toolchain/bin/../lib/gcc/avr/4.9.2/../../../../avr/lib/avr6\libc.a(rand.o)
                              LwMesh/nwk/src/nwkTx.o (rand)
c:/program files (x86)/atmel/studio/7.0/toolchain/avr8/avr8-gnu-toolchain/bin/../lib/gcc/avr/4.9.2/../../../../avr/lib/avr6\libc.a(memcmp.o)
                              PNEWELS.o (memcmp)
c:/program files (x86)/atmel/studio/7.0/toolchain/avr8/avr8-gnu-toolchain/bin/../lib/gcc/avr/4.9.2/../../../../avr/lib/avr6\libc.a(memcpy.o)
                              appCommand.o (memcpy)
c:/program files (x86)/atmel/studio/7.0/toolchain/avr8/avr8-gnu-toolchain/bin/../lib/gcc/avr/4.9.2/../../../../avr/lib/avr6\libc.a(memset.o)
                              appCommand.o (memset)
c:/program files (x86)/atmel/studio/7.0/toolchain/avr8/avr8-gnu-toolchain/bin/../lib/gcc/avr/4.9.2/avr6\libgcc.a(_divmodsi4.o)
                              c:/program files (x86)/atmel/studio/7.0/toolchain/avr8/avr8-gnu-toolchain/bin/../lib/gcc/avr/4.9.2/../../../../avr/lib/avr6\libc.a(rand.o) (__divmodsi4)
c:/program files (x86)/atmel/studio/7.0/toolchain/avr8/avr8-gnu-toolchain/bin/../lib/gcc/avr/4.9.2/avr6\libgcc.a(_negsi2.o)
                              c:/program files (x86)/atmel/studio/7.0/toolchain/avr8/avr8-gnu-toolchain/bin/../lib/gcc/avr/4.9.2/avr6\libgcc.a(_divmodsi4.o) (__negsi2)

Allocating common symbols
Common symbol       size              file

batt_max            0x1               appIb.o
LED_flag            0x1               appIb.o
current_state_emergency_light
                    0x1               ASF USART/hal/drivers/usart_megarf.o
INPUT_LED_DRV1      0x3               appIb.o
reset_cache         0x1               appIb.o
PNEWELS_Buffer      0x28              appIb.o
wps_send_flag       0x1               appIb.o
data_update_flag    0x1               appIb.o
OUT_LED_CH0         0x3               appIb.o
error_timer_wps     0xd               appIb.o
WPS_BTN             0x3               appIb.o
device_address      0x2               appCommand.o
TEMP_ALRT           0x3               appIb.o
factory_command     0x1               appIb.o
nwkIb               0x28              LwMesh/nwk/src/nwk.o
flag                0x1               appIb.o
config_state        0x1               appIb.o
button              0x1               appIb.o
battery_option_flag
                    0x1               appIb.o
reset_option_flag   0x1               appIb.o
INPUT_LED_CH2       0x3               appIb.o
[...]
Memory Configuration

Name             Origin             Length             Attributes
text             0x00000000         0x00100000         xr
data             0x00800200         0x0000fe00         rw !x
eeprom           0x00810000         0x00010000         rw !x
fuse             0x00820000         0x00000400         rw !x
lock             0x00830000         0x00000400         rw !x
signature        0x00840000         0x00000400         rw !x
user_signatures  0x00850000         0x00000400         rw !x
*default*        0x00000000         0xffffffff

Linker script and memory map

Address of section .data set to 0x800200
LOAD C:/Program Files (x86)/Atmel/Studio/7.0/Packs/atmel/ATmega_DFP/1.0.98/gcc/dev/atmega2564rfr2/avr6/crtatmega2564rfr2.o
LOAD appCommand.o
LOAD appEeprom.o
LOAD appGpio.o
LOAD appIb.o
LOAD appNwk.o
LOAD appVerify.o
LOAD ASF TWI/twi_megarf.o
LOAD ASF USART/hal/drivers/usart_megarf.o
LOAD device.o
LOAD PNE EXT INT/hal/drivers/ext_int_megarf.o
LOAD PNE GPIO/hal/drivers/gpio.o
LOAD LwMesh/hal/atmega256rfr2/src/hal.o
LOAD LwMesh/hal/atmega256rfr2/src/halTimer.o
LOAD LwMesh/nwk/src/nwk.o
LOAD LwMesh/nwk/src/nwkDataReq.o
LOAD LwMesh/nwk/src/nwkFrame.o
LOAD LwMesh/nwk/src/nwkGroup.o
LOAD LwMesh/nwk/src/nwkRoute.o
LOAD LwMesh/nwk/src/nwkRouteDiscovery.o
LOAD LwMesh/nwk/src/nwkRx.o
LOAD LwMesh/nwk/src/nwkSecurity.o
LOAD LwMesh/nwk/src/nwkTx.o
LOAD LwMesh/phy/atmegarfr2/src/phy.o
LOAD LwMesh/sys/src/sys.o
LOAD LwMesh/sys/src/sysEncrypt.o
LOAD LwMesh/sys/src/sysTimer.o
LOAD PNEWELS.o
LOAD PNEWELSDebug.o
LOAD PNEWELSFactoryInit.o
LOAD PNEWELSRFInit.o
LOAD PNEWELSWps.o
LOAD pne_appDelay.o
LOAD pne_appGpio.o
LOAD pne_appTwi.o
LOAD PNE_Factory.o
LOAD pne_rf_processor.o
LOAD UserApp/appPNEWELS_time/src/appPNEWELSTime2.o
LOAD UserApp/appPNEWELS_time/src/appPNEWELS_time.o
LOAD UserApp/battery/appBattery.o
LOAD UserApp/crc/crc.o
LOAD UserApp/signature/pnesign.o
START GROUP
LOAD c:/program files (x86)/atmel/studio/7.0/toolchain/avr8/avr8-gnu-toolchain/bin/../lib/gcc/avr/4.9.2/../../../../avr/lib/avr6\libm.a
END GROUP
START GROUP
LOAD c:/program files (x86)/atmel/studio/7.0/toolchain/avr8/avr8-gnu-toolchain/bin/../lib/gcc/avr/4.9.2/avr6\libgcc.a
LOAD c:/program files (x86)/atmel/studio/7.0/toolchain/avr8/avr8-gnu-toolchain/bin/../lib/gcc/avr/4.9.2/../../../../avr/lib/avr6\libm.a
LOAD c:/program files (x86)/atmel/studio/7.0/toolchain/avr8/avr8-gnu-toolchain/bin/../lib/gcc/avr/4.9.2/../../../../avr/lib/avr6\libc.a
LOAD C:/Program Files (x86)/Atmel/Studio/7.0/Packs/atmel/ATmega_DFP/1.0.98/gcc/dev/atmega2564rfr2/avr6\libatmega2564rfr2.a
END GROUP

.hash
 *(.hash)

.dynsym
 *(.dynsym)

.dynstr
 *(.dynstr)

.gnu.version
 *(.gnu.version)

.gnu.version_d
 *(.gnu.version_d)

.gnu.version_r
 *(.gnu.version_r)

.rel.init
 *(.rel.init)

.rela.init
 *(.rela.init)

.rel.text
 *(.rel.text)
 *(.rel.text.*)
 *(.rel.gnu.linkonce.t*)

.rela.text
 *(.rela.text)
 *(.rela.text.*)
 *(.rela.gnu.linkonce.t*)

.rel.fini
 *(.rel.fini)

.rela.fini
 *(.rela.fini)

.rel.rodata
 *(.rel.rodata)
 *(.rel.rodata.*)
 *(.rel.gnu.linkonce.r*)

.rela.rodata
 *(.rela.rodata)
 *(.rela.rodata.*)
 *(.rela.gnu.linkonce.r*)

.rel.data
 *(.rel.data)
 *(.rel.data.*)
 *(.rel.gnu.linkonce.d*)

.rela.data
 *(.rela.data)
 *(.rela.data.*)
 *(.rela.gnu.linkonce.d*)

.rel.ctors
 *(.rel.ctors)

.rela.ctors
 *(.rela.ctors)

.rel.dtors
 *(.rel.dtors)

.rela.dtors
 *(.rela.dtors)

.rel.got
 *(.rel.got)

.rela.got
 *(.rela.got)

.rel.bss
 *(.rel.bss)

.rela.bss
 *(.rela.bss)

.rel.plt
 *(.rel.plt)

.rela.plt
 *(.rela.plt)

.text           0x00000000     0x99b6
 *(.vectors)
 .vectors       0x00000000      0x134 C:/Program Files (x86)/Atmel/Studio/7.0/Packs/atmel/ATmega_DFP/1.0.98/gcc/dev/atmega2564rfr2/avr6/crtatmega2564rfr2.o
                0x00000000                __vector_default
                0x00000000                __vectors
 *(.vectors)
 *(.progmem.gcc*)
 .progmem.gcc_sw_table.__vector_39
                0x00000134      0x192 ASF TWI/twi_megarf.o
 .progmem.gcc_sw_table.optionSelect
                0x000002c6       0x12 PNE_Factory.o
 .progmem.gcc_sw_table.testMode
                0x000002d8       0x14 PNE_Factory.o
 .progmem.gcc_sw_table.resetFlag
                0x000002ec       0x10 PNE_Factory.o
 .progmem.gcc_sw_table.factory_mode
                0x000002fc       0x12 PNE_Factory.o
 .progmem.gcc_sw_table.error_to_rf
                0x0000030e       0x18 pne_rf_processor.o
                0x00000326                . = ALIGN (0x2)
                0x00000326                __trampolines_start = .
 *(.trampolines)
 .trampolines   0x00000326        0x0 linker stubs
 *(.trampolines*)
                0x00000326                __trampolines_end = .
 *(.progmem*)
                0x00000326                . = ALIGN (0x2)
 *(.jumptables)
 *(.jumptables*)
 *(.lowtext)
 *(.lowtext*)
                0x00000326                __ctors_start = .
 *(.ctors)
                0x00000326                __ctors_end = .
                0x00000326                __dtors_start = .
 *(.dtors)
                0x00000326                __dtors_end = .
 SORT(*)(.ctors)
 SORT(*)(.dtors)
 *(.init0)
 .init0         0x00000326        0x0 C:/Program Files (x86)/Atmel/Studio/7.0/Packs/atmel/ATmega_DFP/1.0.98/gcc/dev/atmega2564rfr2/avr6/crtatmega2564rfr2.o
                0x00000326                __init
 *(.init0)
 *(.init1)
 *(.init1)
 *(.init2)
 .init2         0x00000326       0x10 C:/Program Files (x86)/Atmel/Studio/7.0/Packs/atmel/ATmega_DFP/1.0.98/gcc/dev/atmega2564rfr2/avr6/crtatmega2564rfr2.o
 *(.init2)
 *(.init3)
 *(.init3)
 *(.init4)
 .init4         0x00000336       0x1a c:/program files (x86)/atmel/studio/7.0/toolchain/avr8/avr8-gnu-toolchain/bin/../lib/gcc/avr/4.9.2/avr6\libgcc.a(_copy_data.o)
                0x00000336                __do_copy_data
 .init4         0x00000350       0x10 c:/program files (x86)/atmel/studio/7.0/toolchain/avr8/avr8-gnu-toolchain/bin/../lib/gcc/avr/4.9.2/avr6\libgcc.a(_clear_bss.o)
                0x00000350                __do_clear_bss
 *(.init4)
 *(.init5)
 *(.init5)
 *(.init6)
 *(.init6)
 *(.init7)
 *(.init7)
 *(.init8)
 *(.init8)
 *(.init9)
 .init9         0x00000360        0x6 C:/Program Files (x86)/Atmel/Studio/7.0/Packs/atmel/ATmega_DFP/1.0.98/gcc/dev/atmega2564rfr2/avr6/crtatmega2564rfr2.o
 *(.init9)
 *(.text)
 .text          0x00000366        0x2 C:/Program Files (x86)/Atmel/Studio/7.0/Packs/atmel/ATmega_DFP/1.0.98/gcc/dev/atmega2564rfr2/avr6/crtatmega2564rfr2.o
                0x00000366                __vector_38
                0x00000366                __vector_22
                0x00000366                __vector_63
                0x00000366                __vector_28
                0x00000366                __vector_67
                0x00000366                __vector_32
                0x00000366                __vector_75
                0x00000366                __vector_71
                0x00000366                __vector_34
                0x00000366                __vector_62
                0x00000366                __vector_24
                0x00000366                __vector_12
                0x00000366                __vector_55
                0x00000366                __vector_69
                0x00000366                __vector_46
                0x00000366                __bad_interrupt
                0x00000366                __vector_72
                0x00000366                __vector_31
                0x00000366                __vector_35
                0x00000366                __vector_74
                0x00000366                __vector_68
                0x00000366                __vector_30
                0x00000366                __vector_73
                0x00000366                __vector_45
                0x00000366                __vector_25
                0x00000366                __vector_61
                0x00000366                __vector_11
                0x00000366                __vector_54
                0x00000366                __vector_13
                0x00000366                __vector_17
                0x00000366                __vector_19
                0x00000366                __vector_56
                0x00000366                __vector_49
                0x00000366                __vector_41
                0x00000366                __vector_64
                0x00000366                __vector_43
                0x00000366                __vector_27
                0x00000366                __vector_33
                0x00000366                __vector_76
                0x00000366                __vector_47
                0x00000366                __vector_52
                0x00000366                __vector_37
                0x00000366                __vector_44
                0x00000366                __vector_51
                0x00000366                __vector_21
                0x00000366                __vector_66
                0x00000366                __vector_58
                0x00000366                __vector_70
                0x00000366                __vector_29
                0x00000366                __vector_60
                0x00000366                __vector_40
                0x00000366                __vector_26
                0x00000366                __vector_48
                0x00000366                __vector_14
                0x00000366                __vector_57
                0x00000366                __vector_53
                0x00000366                __vector_50
                0x00000366                __vector_16
                0x00000366                __vector_59
                0x00000366                __vector_18
                0x00000366                __vector_20
                0x00000366                __vector_65
                0x00000368                . = ALIGN (0x2)
 *(.text.*)
 .text.APP_EepromReadByte
                0x00000368        0xe appEeprom.o
                0x00000368                APP_EepromReadByte
 .text.APP_EepromRead
                0x00000376       0x3e appEeprom.o
                0x00000376                APP_EepromRead
 .text.APP_IbLoadSettings
                0x000003b4      0x156 appIb.o
                0x000003b4                APP_IbLoadSettings
 .text.APP_IbLoadSettings_WPS
                0x0000050a       0x78 appIb.o
                0x0000050a                APP_IbLoadSettings_WPS
 .text.appNwkDataConf
                0x00000582       0x88 appNwk.o
 .text.appNwkDataInd
                0x0000060a        0xe appNwk.o
 .text.APP_NwkInit
                0x00000618       0x7c appNwk.o
                0x00000618                APP_NwkInit
 .text.APP_NwkGetBuffer
                0x00000694       0x5e appNwk.o
                0x00000694                APP_NwkGetBuffer
 .text.APP_NwkSendBuffer
                0x000006f2       0x1e appNwk.o
                0x000006f2                APP_NwkSendBuffer
 .text.pneVerify_received
                0x00000710       0x40 appVerify.o
                0x00000710                pneVerify_received
 .text.twi_master_bus_reset
                0x00000750       0x12 ASF TWI/twi_megarf.o
 .text.twi_master_write
                0x00000762       0x58 ASF TWI/twi_megarf.o
                0x00000762                twi_master_write
 .text.twi_master_read
                0x000007ba       0x6a ASF TWI/twi_megarf.o
                0x000007ba                twi_master_read
 .text.twi_master_init
                0x00000824       0x26 ASF TWI/twi_megarf.o
                0x00000824                twi_master_init
 .text.__vector_39
                0x0000084a      0x3a4 ASF TWI/twi_megarf.o
                0x0000084a                __vector_39
 .text.usart_putchar
                0x00000bee       0x3c ASF USART/hal/drivers/usart_megarf.o
                0x00000bee                usart_putchar
 .text.usart_set_baudrate
                0x00000c2a       0xf0 ASF USART/hal/drivers/usart_megarf.o
                0x00000c2a                usart_set_baudrate
 .text.usart_init_rs232
                0x00000d1a       0x7c ASF USART/hal/drivers/usart_megarf.o
                0x00000d1a                usart_init_rs232
 .text.__vector_36
                0x00000d96       0x54 ASF USART/hal/drivers/usart_megarf.o
                0x00000d96                __vector_36
 .text.appUpdateTimerHandler
                0x00000dea       0x12 device.o
 .text.WDT_Init
                0x00000dfc       0x1c device.o
                0x00000dfc                WDT_Init
 .text.main     0x00000e18       0x56 device.o
                0x00000e18                main
 .text.__vector_1
                0x00000e6e       0x5a PNE EXT INT/hal/drivers/ext_int_megarf.o
                0x00000e6e                __vector_1
 .text.__vector_2
                0x00000ec8       0x5a PNE EXT INT/hal/drivers/ext_int_megarf.o
                0x00000ec8                __vector_2
 .text.__vector_3
                0x00000f22       0x5a PNE EXT INT/hal/drivers/ext_int_megarf.o
                0x00000f22                __vector_3
 .text.__vector_4
                0x00000f7c       0x5a PNE EXT INT/hal/drivers/ext_int_megarf.o
                0x00000f7c                __vector_4
 .text.__vector_5
                0x00000fd6       0x5a PNE EXT INT/hal/drivers/ext_int_megarf.o
                0x00000fd6                __vector_5
 .text.__vector_6
                0x00001030       0x5a PNE EXT INT/hal/drivers/ext_int_megarf.o
                0x00001030                __vector_6
 .text.__vector_7
                0x0000108a       0x5a PNE EXT INT/hal/drivers/ext_int_megarf.o
                0x0000108a                __vector_7
 .text.__vector_8
                0x000010e4       0x5a PNE EXT INT/hal/drivers/ext_int_megarf.o
                0x000010e4                __vector_8
 .text.__vector_9
                0x0000113e       0x5a PNE EXT INT/hal/drivers/ext_int_megarf.o
                0x0000113e                __vector_9
 .text.__vector_10
                0x00001198       0x5a PNE EXT INT/hal/drivers/ext_int_megarf.o
                0x00001198                __vector_10
 .text.ext_int_pcint_clear_flag
                0x000011f2        0xc PNE EXT INT/hal/drivers/ext_int_megarf.o
                0x000011f2                ext_int_pcint_clear_flag
 .text.ext_int_pcint_enable
                0x000011fe       0x3e PNE EXT INT/hal/drivers/ext_int_megarf.o
                0x000011fe                ext_int_pcint_enable
 .text.ext_int_pcint_disable
                0x0000123c       0x2c PNE EXT INT/hal/drivers/ext_int_megarf.o
                0x0000123c                ext_int_pcint_disable
 .text.ext_int_pcint_init
                0x00001268       0x2c PNE EXT INT/hal/drivers/ext_int_megarf.o
                0x00001268                ext_int_pcint_init
 .text.ext_int_set_interrupt_callback
                0x00001294       0x90 PNE EXT INT/hal/drivers/ext_int_megarf.o
                0x00001294                ext_int_set_interrupt_callback
 .text.gpio_set
                0x00001324       0x88 PNE GPIO/hal/drivers/gpio.o
                0x00001324                gpio_set
 .text.gpio_clr
                0x000013ac       0x92 PNE GPIO/hal/drivers/gpio.o
                0x000013ac                gpio_clr
 .text.gpio_toggle
                0x0000143e       0x88 PNE GPIO/hal/drivers/gpio.o
                0x0000143e                gpio_toggle
 .text.gpio_in  0x000014c6       0xbc PNE GPIO/hal/drivers/gpio.o
                0x000014c6                gpio_in
 .text.gpio_out
                0x00001582       0x88 PNE GPIO/hal/drivers/gpio.o
                0x00001582                gpio_out
 .text.gpio_pullup
                0x0000160a       0x88 PNE GPIO/hal/drivers/gpio.o
                0x0000160a                gpio_pullup
 .text.gpio_read
                0x00001692       0x78 PNE GPIO/hal/drivers/gpio.o
                0x00001692                gpio_read
 .text.HAL_Init
                0x0000170a       0x28 LwMesh/hal/atmega256rfr2/src/hal.o
                0x0000170a                HAL_Init
 .text.HAL_Delay
                0x00001732        0x6 LwMesh/hal/atmega256rfr2/src/hal.o
                0x00001732                HAL_Delay
 .text.HAL_TimerInit
                0x00001738       0x2a LwMesh/hal/atmega256rfr2/src/halTimer.o
                0x00001738                HAL_TimerInit
 .text.HAL_TimerDelay
                0x00001762       0x44 LwMesh/hal/atmega256rfr2/src/halTimer.o
                0x00001762                HAL_TimerDelay
 .text.__vector_42
                0x000017a6       0x22 LwMesh/hal/atmega256rfr2/src/halTimer.o
                0x000017a6                __vector_42
 .text.NWK_Init
                0x000017c8       0x2c LwMesh/nwk/src/nwk.o
                0x000017c8                NWK_Init
 .text.NWK_SetAddr
                0x000017f4        0xc LwMesh/nwk/src/nwk.o
                0x000017f4                NWK_SetAddr
 .text.NWK_SetPanId
                0x00001800        0xc LwMesh/nwk/src/nwk.o
                0x00001800                NWK_SetPanId
 .text.NWK_OpenEndpoint
                0x0000180c       0x12 LwMesh/nwk/src/nwk.o
                0x0000180c                NWK_OpenEndpoint
 .text.NWK_TaskHandler
                0x0000181e        0x8 LwMesh/nwk/src/nwk.o
                0x0000181e                NWK_TaskHandler
 .text.nwkDataReqTxConf
                0x00001826       0x46 LwMesh/nwk/src/nwkDataReq.o
 .text.nwkDataReqInit
                0x0000186c        0xa LwMesh/nwk/src/nwkDataReq.o
                0x0000186c                nwkDataReqInit
 .text.NWK_DataReq
                0x00001876       0x48 LwMesh/nwk/src/nwkDataReq.o
                0x00001876                NWK_DataReq
 .text.nwkDataReqTaskHandler
                0x000018be      0x146 LwMesh/nwk/src/nwkDataReq.o
                0x000018be                nwkDataReqTaskHandler
 .text.nwkFrameInit
                0x00001a04       0x16 LwMesh/nwk/src/nwkFrame.o
                0x00001a04                nwkFrameInit
 .text.nwkFrameAlloc
                0x00001a1a       0x72 LwMesh/nwk/src/nwkFrame.o
                0x00001a1a                nwkFrameAlloc
 .text.nwkFrameFree
                0x00001a8c       0x14 LwMesh/nwk/src/nwkFrame.o
                0x00001a8c                nwkFrameFree
 .text.nwkFrameNext
                0x00001aa0       0x44 LwMesh/nwk/src/nwkFrame.o
                0x00001aa0                nwkFrameNext
 .text.nwkFrameCommandInit
                0x00001ae4       0x28 LwMesh/nwk/src/nwkFrame.o
                0x00001ae4                nwkFrameCommandInit
 .text.nwkRxServiceDataInd
                0x00001b0c       0x26 LwMesh/nwk/src/nwkRx.o
 .text.nwkRxDuplicateRejectionTimerHandler
                0x00001b32       0x2c LwMesh/nwk/src/nwkRx.o
 .text.nwkRxInit
                0x00001b5e       0x3a LwMesh/nwk/src/nwkRx.o
                0x00001b5e                nwkRxInit
 .text.PHY_DataInd
                0x00001b98       0x56 LwMesh/nwk/src/nwkRx.o
                0x00001b98                PHY_DataInd
 .text.nwkRxTaskHandler
                0x00001bee      0x430 LwMesh/nwk/src/nwkRx.o
                0x00001bee                nwkRxTaskHandler
 .text.nwkTxDelayTimerHandler
                0x0000201e       0x58 LwMesh/nwk/src/nwkTx.o
 .text.nwkTxAckWaitTimerHandler
                0x00002076       0x64 LwMesh/nwk/src/nwkTx.o
 .text.nwkTxInit
                0x000020da       0x46 LwMesh/nwk/src/nwkTx.o
                0x000020da                nwkTxInit
 .text.nwkTxFrame
                0x00002120       0x9e LwMesh/nwk/src/nwkTx.o
                0x00002120                nwkTxFrame
 .text.nwkTxBroadcastFrame
                0x000021be       0x8a LwMesh/nwk/src/nwkTx.o
                0x000021be                nwkTxBroadcastFrame
 .text.nwkTxAckReceived
                0x00002248       0x48 LwMesh/nwk/src/nwkTx.o
                0x00002248                nwkTxAckReceived
 .text.PHY_DataConf
                0x00002290       0x46 LwMesh/nwk/src/nwkTx.o
                0x00002290                PHY_DataConf
 .text.nwkTxTaskHandler
                0x000022d6      0x132 LwMesh/nwk/src/nwkTx.o
                0x000022d6                nwkTxTaskHandler
 .text.phySetChannel
                0x00002408       0x3c LwMesh/phy/atmegarfr2/src/phy.o
 .text.phyTrxSetState
                0x00002444       0x24 LwMesh/phy/atmegarfr2/src/phy.o
 .text.phySetRxState
                0x00002468       0x18 LwMesh/phy/atmegarfr2/src/phy.o
 .text.PHY_SetRxState
                0x00002480        0x8 LwMesh/phy/atmegarfr2/src/phy.o
                0x00002480                PHY_SetRxState
 .text.PHY_SetChannel
                0x00002488        0x8 LwMesh/phy/atmegarfr2/src/phy.o
                0x00002488                PHY_SetChannel
 .text.PHY_SetPanId
                0x00002490       0x24 LwMesh/phy/atmegarfr2/src/phy.o
                0x00002490                PHY_SetPanId
 .text.PHY_SetShortAddr
                0x000024b4       0x24 LwMesh/phy/atmegarfr2/src/phy.o
                0x000024b4                PHY_SetShortAddr
 .text.PHY_DataReq
                0x000024d8       0x54 LwMesh/phy/atmegarfr2/src/phy.o
                0x000024d8                PHY_DataReq
 .text.PHY_RandomReq
                0x0000252c       0x66 LwMesh/phy/atmegarfr2/src/phy.o
                0x0000252c                PHY_RandomReq
 .text.PHY_Init
                0x00002592       0x34 LwMesh/phy/atmegarfr2/src/phy.o
                0x00002592                PHY_Init
 .text.PHY_TaskHandler
                0x000025c6       0xf6 LwMesh/phy/atmegarfr2/src/phy.o
                0x000025c6                PHY_TaskHandler
 .text.SYS_Init
                0x000026bc        0xe LwMesh/sys/src/sys.o
                0x000026bc                SYS_Init
 .text.SYS_TaskHandler
                0x000026ca        0x8 LwMesh/sys/src/sys.o
                0x000026ca                SYS_TaskHandler
 .text.placeTimer
                0x000026d2       0xc8 LwMesh/sys/src/sysTimer.o
 .text.SYS_TimerInit
                0x0000279a        0xa LwMesh/sys/src/sysTimer.o
                0x0000279a                SYS_TimerInit
 .text.SYS_TimerStop
                0x000027a4       0x7a LwMesh/sys/src/sysTimer.o
                0x000027a4                SYS_TimerStop
 .text.SYS_TimerStarted
                0x0000281e       0x34 LwMesh/sys/src/sysTimer.o
                0x0000281e                SYS_TimerStarted
 .text.SYS_TimerStart
                0x00002852       0x16 LwMesh/sys/src/sysTimer.o
                0x00002852                SYS_TimerStart
 .text.SYS_TimerTaskHandler
                0x00002868       0xd6 LwMesh/sys/src/sysTimer.o
                0x00002868                SYS_TimerTaskHandler
 .text.errorTimerStatusHandler
                0x0000293e       0x1c PNEWELS.o
 .text.appLEDIntervalTimerHandler
                0x0000295a        0x8 PNEWELS.o
 .text.appWPSActivationTimerHandler
                0x00002962       0x4e PNEWELS.o
 .text.appWPSRequestTimerHandler
                0x000029b0        0xa PNEWELS.o
 .text.errorTimerWpsHandler
                0x000029ba       0x10 PNEWELS.o
 .text.appLEDTimerHandler
                0x000029ca      0x10c PNEWELS.o
 .text.PNEWELSGpioInit
                0x00002ad6      0x270 PNEWELS.o
                0x00002ad6                PNEWELSGpioInit
 .text.pneOperationMode
                0x00002d46      0x68e PNEWELS.o
                0x00002d46                pneOperationMode
 .text.pneOutgoingData
                0x000033d4       0x26 PNEWELS.o
                0x000033d4                pneOutgoingData
 .text.manual_btn_handler
                0x000033fa       0x3c PNEWELS.o
                0x000033fa                manual_btn_handler
 .text.manual_btn_isr
                0x00003436        0xa PNEWELS.o
 .text.pneGetStatus
                0x00003440      0x24e PNEWELS.o
                0x00003440                pneGetStatus
 .text.PNEWELSTaskHandler
                0x0000368e        0x8 PNEWELS.o
                0x0000368e                PNEWELSTaskHandler
 .text.pneIncomingData
                0x00003696      0x5f8 PNEWELS.o
                0x00003696                pneIncomingData
 .text.getUID   0x00003c8e       0x34 PNEWELS.o
                0x00003c8e                getUID
 .text.PNEWELSAppInit
                0x00003cc2      0x17e PNEWELS.o
                0x00003cc2                PNEWELSAppInit
 .text.systemFlag_check
                0x00003e40       0x2c PNEWELSFactoryInit.o
                0x00003e40                systemFlag_check
 .text.write_factory_default
                0x00003e6c       0x18 PNEWELSFactoryInit.o
                0x00003e6c                write_factory_default
 .text.factory_initialization
                0x00003e84       0x8a PNEWELSFactoryInit.o
                0x00003e84                factory_initialization
 .text.rf_init  0x00003f0e       0x38 PNEWELSRFInit.o
                0x00003f0e                rf_init
 .text.pne_delayms
                0x00003f46       0x28 pne_appDelay.o
                0x00003f46                pne_delayms
 .text.pne_APP_TwiInit
                0x00003f6e       0x54 pne_appTwi.o
                0x00003f6e                pne_APP_TwiInit
 .text.pne_APP_TwiSend
                0x00003fc2       0xae pne_appTwi.o
                0x00003fc2                pne_APP_TwiSend
 .text.pne_APP_TwiReceive
                0x00004070       0xb0 pne_appTwi.o
                0x00004070                pne_APP_TwiReceive
 .text.PNEWELSE2promWrite
                0x00004120       0x56 pne_appTwi.o
                0x00004120                PNEWELSE2promWrite
 .text.PNEWELSE2promRead
                0x00004176       0x58 pne_appTwi.o
                0x00004176                PNEWELSE2promRead
 .text.PNEWELSTemperatureRead
                0x000041ce       0x5c pne_appTwi.o
                0x000041ce                PNEWELSTemperatureRead
 .text.clre2prom
                0x0000422a       0x38 pne_appTwi.o
                0x0000422a                clre2prom
 .text.memoryCounter_init
                0x00004262       0x2c pne_appTwi.o
                0x00004262                memoryCounter_init
 .text.memoryCounter_save
                0x0000428e        0x8 pne_appTwi.o
                0x0000428e                memoryCounter_save
 .text.store    0x00004296      0x974 pne_appTwi.o
                0x00004296                store
 .text.send_usart_char
                0x00004c0a       0x30 PNE_Factory.o
                0x00004c0a                send_usart_char
 .text.pnewels_get_usart
                0x00004c3a       0x78 PNE_Factory.o
                0x00004c3a                pnewels_get_usart
 .text.int_to_ascii
                0x00004cb2       0x38 PNE_Factory.o
                0x00004cb2                int_to_ascii
 .text.optionSelect
                0x00004cea       0x50 PNE_Factory.o
                0x00004cea                optionSelect
 .text.configSelect
                0x00004d3a       0x38 PNE_Factory.o
                0x00004d3a                configSelect
 .text.send_usart_const_char
                0x00004d72       0x30 PNE_Factory.o
                0x00004d72                send_usart_const_char
 .text.send_operation_info
                0x00004da2       0x14 PNE_Factory.o
                0x00004da2                send_operation_info
 .text.config_read_input
                0x00004db6      0x10c PNE_Factory.o
                0x00004db6                config_read_input
 .text.pneConfiguration
                0x00004ec2       0xa2 PNE_Factory.o
                0x00004ec2                pneConfiguration
 .text.resetSelect
                0x00004f64       0x46 PNE_Factory.o
                0x00004f64                resetSelect
 .text.testMode
                0x00004faa      0xc0a PNE_Factory.o
                0x00004faa                testMode
 .text.dump_eeprom
                0x00005bb4       0x56 PNE_Factory.o
                0x00005bb4                dump_eeprom
 .text.readE2prom
                0x00005c0a        0xe PNE_Factory.o
                0x00005c0a                readE2prom
 .text.pneDisplayInfo
                0x00005c18      0x194 PNE_Factory.o
                0x00005c18                pneDisplayInfo
 .text.resetFlag
                0x00005dac      0x108 PNE_Factory.o
                0x00005dac                resetFlag
 .text.dump_log_file
                0x00005eb4       0x5c PNE_Factory.o
                0x00005eb4                dump_log_file
 .text.erase_memory
                0x00005f10        0xc PNE_Factory.o
                0x00005f10                erase_memory
 .text.writeE2prom
                0x00005f1c       0x1c PNE_Factory.o
                0x00005f1c                writeE2prom
 .text.battery_config
                0x00005f38       0xf0 PNE_Factory.o
                0x00005f38                battery_config
 .text.batterySelect
                0x00006028       0x3a PNE_Factory.o
                0x00006028                batterySelect
 .text.factory_mode
                0x00006062      0x112 PNE_Factory.o
                0x00006062                factory_mode
 .text.packet_data
                0x00006174      0x224 pne_rf_processor.o
                0x00006174                packet_data
 .text.reboot_to_rf
                0x00006398        0x2 pne_rf_processor.o
                0x00006398                reboot_to_rf
 .text.WPS_pairing
                0x0000639a       0x48 pne_rf_processor.o
                0x0000639a                WPS_pairing
 .text.send_to_rf
                0x000063e2      0x148 pne_rf_processor.o
                0x000063e2                send_to_rf
 .text.status_send_to_rf
                0x0000652a       0x4c pne_rf_processor.o
                0x0000652a                status_send_to_rf
 .text.emergency_on_to_rf
                0x00006576       0x14 pne_rf_processor.o
                0x00006576                emergency_on_to_rf
 .text.emergency_off_to_rf
                0x0000658a       0x12 pne_rf_processor.o
                0x0000658a                emergency_off_to_rf
 .text.eeprom_to_rf
                0x0000659c       0x56 pne_rf_processor.o
                0x0000659c                eeprom_to_rf
 .text.error_to_rf
                0x000065f2      0x106 pne_rf_processor.o
                0x000065f2                error_to_rf
 .text.pend_to_rf
                0x000066f8       0x26 pne_rf_processor.o
                0x000066f8                pend_to_rf
 .text.time_to_rf
                0x0000671e       0x10 pne_rf_processor.o
                0x0000671e                time_to_rf
 .text.clr_rom_to_rf
                0x0000672e       0x12 pne_rf_processor.o
                0x0000672e                clr_rom_to_rf
 .text.info_to_rf
                0x00006740       0x48 pne_rf_processor.o
                0x00006740                info_to_rf
 .text.change_id_to_rf
                0x00006788       0x54 pne_rf_processor.o
                0x00006788                change_id_to_rf
 .text.battery_threshold_to_rf
                0x000067dc       0x2c pne_rf_processor.o
                0x000067dc                battery_threshold_to_rf
 .text.last_1_log
                0x00006808       0x98 pne_rf_processor.o
                0x00006808                last_1_log
 .text.last_2_log
                0x000068a0       0x98 pne_rf_processor.o
                0x000068a0                last_2_log
 .text.test_completed
                0x00006938       0xe6 pne_rf_processor.o
                0x00006938                test_completed
 .text.dump_log_to_rf
                0x00006a1e       0x58 pne_rf_processor.o
                0x00006a1e                dump_log_to_rf
 .text.stress_test
                0x00006a76       0x4a pne_rf_processor.o
                0x00006a76                stress_test
 .text.request_to_RF
                0x00006ac0       0x24 pne_rf_processor.o
                0x00006ac0                request_to_RF
 .text.WPS_OK_Alert
                0x00006ae4        0x8 pne_rf_processor.o
                0x00006ae4                WPS_OK_Alert
 .text.crc_verify
                0x00006aec       0x58 pne_rf_processor.o
                0x00006aec                crc_verify
 .text.ascii_to_hex
                0x00006b44       0x26 pne_rf_processor.o
                0x00006b44                ascii_to_hex
 .text.fatal_error_to_rf
                0x00006b6a       0x5c pne_rf_processor.o
                0x00006b6a                fatal_error_to_rf
 .text.__vector_23
                0x00006bc6       0x5c UserApp/appPNEWELS_time/src/appPNEWELSTime2.o
                0x00006bc6                __vector_23
 .text.__vector_15
                0x00006c22       0x4a UserApp/appPNEWELS_time/src/appPNEWELSTime2.o
                0x00006c22                __vector_15
 .text.timer2_init
                0x00006c6c       0x44 UserApp/appPNEWELS_time/src/appPNEWELSTime2.o
                0x00006c6c                timer2_init
 .text.set_timestamp
                0x00006cb0       0x12 UserApp/appPNEWELS_time/src/appPNEWELSTime2.o
                0x00006cb0                set_timestamp
 .text.get_timestamp
                0x00006cc2       0x12 UserApp/appPNEWELS_time/src/appPNEWELSTime2.o
                0x00006cc2                get_timestamp
 .text.pneBatteryAverage_init
                0x00006cd4       0x54 UserApp/battery/appBattery.o
                0x00006cd4                pneBatteryAverage_init
 .text.pneBatteryAverage
                0x00006d28       0x72 UserApp/battery/appBattery.o
                0x00006d28                pneBatteryAverage
 .text.reflect  0x00006d9a       0x7e UserApp/crc/crc.o
 .text.crcInit  0x00006e18       0x3a UserApp/crc/crc.o
                0x00006e18                crcInit
 .text.crcFast  0x00006e52       0x6e UserApp/crc/crc.o
                0x00006e52                crcFast
 .text.md5_process
                0x00006ec0     0x231c UserApp/signature/pnesign.o
 .text.md5_starts
                0x000091dc       0x54 UserApp/signature/pnesign.o
                0x000091dc                md5_starts
 .text.md5_update
                0x00009230      0x116 UserApp/signature/pnesign.o
                0x00009230                md5_update
 .text.md5_finish
                0x00009346      0x188 UserApp/signature/pnesign.o
                0x00009346                md5_finish
 .text.md5      0x000094ce       0x72 UserApp/signature/pnesign.o
                0x000094ce                md5
 .text.md5_hmac_starts
                0x00009540      0x120 UserApp/signature/pnesign.o
                0x00009540                md5_hmac_starts
 .text.md5_hmac_finish
                0x00009660       0x7a UserApp/signature/pnesign.o
                0x00009660                md5_hmac_finish
 .text.md5_hmac
                0x000096da       0x72 UserApp/signature/pnesign.o
                0x000096da                md5_hmac
 .text.pnesign  0x0000974c       0x5e UserApp/signature/pnesign.o
                0x0000974c                pnesign
 .text.libgcc.div
                0x000097aa       0x26 c:/program files (x86)/atmel/studio/7.0/toolchain/avr8/avr8-gnu-toolchain/bin/../lib/gcc/avr/4.9.2/avr6\libgcc.a(_divmodhi4.o)
                0x000097aa                _div
                0x000097aa                __divmodhi4
 .text.libgcc.div
                0x000097d0       0x44 c:/program files (x86)/atmel/studio/7.0/toolchain/avr8/avr8-gnu-toolchain/bin/../lib/gcc/avr/4.9.2/avr6\libgcc.a(_udivmodsi4.o)
                0x000097d0                __udivmodsi4
 .text.libgcc   0x00009814       0x10 c:/program files (x86)/atmel/studio/7.0/toolchain/avr8/avr8-gnu-toolchain/bin/../lib/gcc/avr/4.9.2/avr6\libgcc.a(_tablejump2.o)
                0x00009814                __tablejump2__
 .text.libgcc.mul
                0x00009824       0x1e c:/program files (x86)/atmel/studio/7.0/toolchain/avr8/avr8-gnu-toolchain/bin/../lib/gcc/avr/4.9.2/avr6\libgcc.a(_umulhisi3.o)
                0x00009824                __umulhisi3
 .text.libgcc.mul
                0x00009842        0xc c:/program files (x86)/atmel/studio/7.0/toolchain/avr8/avr8-gnu-toolchain/bin/../lib/gcc/avr/4.9.2/avr6\libgcc.a(_usmulhisi3.o)
                0x00009842                __usmulhisi3
                0x00009844                __usmulhisi3_tail
 .text.libgcc.mul
                0x0000984e        0xc c:/program files (x86)/atmel/studio/7.0/toolchain/avr8/avr8-gnu-toolchain/bin/../lib/gcc/avr/4.9.2/avr6\libgcc.a(_mulshisi3.o)
                0x0000984e                __mulshisi3
                0x00009852                __mulohisi3
 .text.libgcc.div
                0x0000985a       0x28 c:/program files (x86)/atmel/studio/7.0/toolchain/avr8/avr8-gnu-toolchain/bin/../lib/gcc/avr/4.9.2/avr6\libgcc.a(_udivmodhi4.o)
                0x0000985a                __udivmodhi4
 .text.libgcc.mul
                0x00009882       0x14 c:/program files (x86)/atmel/studio/7.0/toolchain/avr8/avr8-gnu-toolchain/bin/../lib/gcc/avr/4.9.2/avr6\libgcc.a(_muluhisi3.o)
                0x00009882                __muluhisi3
 .text.avr-libc
                0x00009896       0xaa c:/program files (x86)/atmel/studio/7.0/toolchain/avr8/avr8-gnu-toolchain/bin/../lib/gcc/avr/4.9.2/../../../../avr/lib/avr6\libc.a(rand.o)
                0x00009922                rand_r
                0x00009924                rand
                0x0000992a                srand
 .text.avr-libc
                0x00009940       0x1a c:/program files (x86)/atmel/studio/7.0/toolchain/avr8/avr8-gnu-toolchain/bin/../lib/gcc/avr/4.9.2/../../../../avr/lib/avr6\libc.a(memcmp.o)
                0x00009940                memcmp
 .text.avr-libc
                0x0000995a       0x12 c:/program files (x86)/atmel/studio/7.0/toolchain/avr8/avr8-gnu-toolchain/bin/../lib/gcc/avr/4.9.2/../../../../avr/lib/avr6\libc.a(memcpy.o)
                0x0000995a                memcpy
 .text.avr-libc
                0x0000996c        0xe c:/program files (x86)/atmel/studio/7.0/toolchain/avr8/avr8-gnu-toolchain/bin/../lib/gcc/avr/4.9.2/../../../../avr/lib/avr6\libc.a(memset.o)
                0x0000996c                memset
 .text.libgcc.div
                0x0000997a       0x28 c:/program files (x86)/atmel/studio/7.0/toolchain/avr8/avr8-gnu-toolchain/bin/../lib/gcc/avr/4.9.2/avr6\libgcc.a(_divmodsi4.o)
                0x0000997a                __divmodsi4
 .text.libgcc.div
                0x000099a2       0x10 c:/program files (x86)/atmel/studio/7.0/toolchain/avr8/avr8-gnu-toolchain/bin/../lib/gcc/avr/4.9.2/avr6\libgcc.a(_negsi2.o)
                0x000099a2                __negsi2
                0x000099b2                . = ALIGN (0x2)
 *(.fini9)
 .fini9         0x000099b2        0x0 c:/program files (x86)/atmel/studio/7.0/toolchain/avr8/avr8-gnu-toolchain/bin/../lib/gcc/avr/4.9.2/avr6\libgcc.a(_exit.o)
                0x000099b2                _exit
                0x000099b2                exit
 *(.fini9)
 *(.fini8)
 *(.fini8)
 *(.fini7)
 *(.fini7)
 *(.fini6)
 *(.fini6)
 *(.fini5)
 *(.fini5)
 *(.fini4)
 *(.fini4)
 *(.fini3)
 *(.fini3)
 *(.fini2)
 *(.fini2)
 *(.fini1)
 *(.fini1)
 *(.fini0)
 .fini0         0x000099b2        0x4 c:/program files (x86)/atmel/studio/7.0/toolchain/avr8/avr8-gnu-toolchain/bin/../lib/gcc/avr/4.9.2/avr6\libgcc.a(_exit.o)
 *(.fini0)
                0x000099b6                _etext = .

.data           0x00800200      0x75a load address 0x000099b6
                0x00800200                PROVIDE (__data_start, .)
 *(.data)
 .data          0x00800200        0x4 c:/program files (x86)/atmel/studio/7.0/toolchain/avr8/avr8-gnu-toolchain/bin/../lib/gcc/avr/4.9.2/../../../../avr/lib/avr6\libc.a(rand.o)
 *(.data*)
 .data.USART_SERIAL_OPTIONS.3236
                0x00800204        0x7 PNEWELS.o
 *(.rodata)
 *(.rodata*)
 .rodata.str1.1
                0x0080020b       0x1d appIb.o
 .rodata.str1.1
                0x00800228        0x7 appVerify.o
 .rodata.str1.1
                0x0080022f       0xbd PNEWELS.o
                                 0xc2 (size before relaxing)
 .rodata.str1.1
                0x008002ec      0x522 PNE_Factory.o
                                0x548 (size before relaxing)
 .rodata.batteryMAX_display
                0x0080080e       0x16 PNE_Factory.o
 .rodata.batteryLOW_display
                0x00800824       0x16 PNE_Factory.o
 .rodata.devicePAN_display
                0x0080083a        0xe PNE_Factory.o
 .rodata.deviceCH_display
                0x00800848        0xf PNE_Factory.o
 .rodata.deviceADDR_display
                0x00800857        0xf PNE_Factory.o
 .rodata.str1.1
                0x00800866       0xb4 pne_rf_processor.o
                                0x103 (size before relaxing)
 .rodata.md5_padding
                0x0080091a       0x40 UserApp/signature/pnesign.o
 *(.gnu.linkonce.d*)
                0x0080095a                . = ALIGN (0x2)
                0x0080095a                _edata = .
                0x0080095a                PROVIDE (__data_end, .)

.bss            0x0080095a     0x199a
                0x0080095a                PROVIDE (__bss_start, .)
 *(.bss)
 *(.bss*)
 .bss.appNwkBuffer
                0x0080095a      0xa14 appNwk.o
 .bss.twi_mode  0x0080136e        0x1 ASF TWI/twi_megarf.o
 .bss.twi_master_busy
                0x0080136f        0x1 ASF TWI/twi_megarf.o
 .bss.slave_transfer
                0x00801370        0x7 ASF TWI/twi_megarf.o
 .bss.master_transfer
                0x00801377        0x8 ASF TWI/twi_megarf.o
 .bss.appUpdateTimer
                0x0080137f        0xd device.o
 .bss.ext_int_pcint1_callback
                0x0080138c        0x2 PNE EXT INT/hal/drivers/ext_int_megarf.o
 .bss.ext_int_pcint0_callback
                0x0080138e        0x2 PNE EXT INT/hal/drivers/ext_int_megarf.o
 .bss.ext_int_int7_callback
                0x00801390        0x2 PNE EXT INT/hal/drivers/ext_int_megarf.o
 .bss.ext_int_int6_callback
                0x00801392        0x2 PNE EXT INT/hal/drivers/ext_int_megarf.o
 .bss.ext_int_int5_callback
                0x00801394        0x2 PNE EXT INT/hal/drivers/ext_int_megarf.o
 .bss.ext_int_int4_callback
                0x00801396        0x2 PNE EXT INT/hal/drivers/ext_int_megarf.o
 .bss.ext_int_int3_callback
                0x00801398        0x2 PNE EXT INT/hal/drivers/ext_int_megarf.o
 .bss.ext_int_int2_callback
                0x0080139a        0x2 PNE EXT INT/hal/drivers/ext_int_megarf.o
 .bss.ext_int_int1_callback
                0x0080139c        0x2 PNE EXT INT/hal/drivers/ext_int_megarf.o
 .bss.ext_int_int0_callback
                0x0080139e        0x2 PNE EXT INT/hal/drivers/ext_int_megarf.o
 .bss.nwkDataReqQueue
                0x008013a0        0x2 LwMesh/nwk/src/nwkDataReq.o
 .bss.nwkFrameFrames
                0x008013a2      0xab4 LwMesh/nwk/src/nwkFrame.o
 .bss.nwkRxDuplicateRejectionTimer
                0x00801e56        0xd LwMesh/nwk/src/nwkRx.o
 .bss.nwkRxAckControl
                0x00801e63        0x1 LwMesh/nwk/src/nwkRx.o
 .bss.nwkRxDuplicateRejectionTable
                0x00801e64       0x32 LwMesh/nwk/src/nwkRx.o
 .bss.nwkTxDelayTimer
                0x00801e96        0xd LwMesh/nwk/src/nwkTx.o
 .bss.nwkTxAckWaitTimer
                0x00801ea3        0xd LwMesh/nwk/src/nwkTx.o
 .bss.nwkTxPhyActiveFrame
                0x00801eb0        0x2 LwMesh/nwk/src/nwkTx.o
 .bss.phyBand   0x00801eb2        0x1 LwMesh/phy/atmegarfr2/src/phy.o
 .bss.phyChannel
                0x00801eb3        0x1 LwMesh/phy/atmegarfr2/src/phy.o
 .bss.phyRxState
                0x00801eb4        0x1 LwMesh/phy/atmegarfr2/src/phy.o
 .bss.phyRxBuffer
                0x00801eb5       0x80 LwMesh/phy/atmegarfr2/src/phy.o
 .bss.phyState  0x00801f35        0x1 LwMesh/phy/atmegarfr2/src/phy.o
 .bss.timers    0x00801f36        0x2 LwMesh/sys/src/sysTimer.o
 .bss.UID       0x00801f38       0x10 PNEWELS.o
                0x00801f38                UID
 .bss.data_to_rf
                0x00801f48       0x64 pne_rf_processor.o
                0x00801f48                data_to_rf
 .bss.data_pack_3
                0x00801fac        0x1 pne_rf_processor.o
                0x00801fac                data_pack_3
 .bss.data_pack_2
                0x00801fad        0x1 pne_rf_processor.o
                0x00801fad                data_pack_2
 .bss.data_pack_1
                0x00801fae        0x1 pne_rf_processor.o
                0x00801fae                data_pack_1
 .bss.count     0x00801faf        0x1 UserApp/appPNEWELS_time/src/appPNEWELSTime2.o
                0x00801faf                count
 .bss.timestamp_internal
                0x00801fb0        0x4 UserApp/appPNEWELS_time/src/appPNEWELSTime2.o
                0x00801fb0                timestamp_internal
 *(COMMON)
 COMMON         0x00801fb4      0x10d appIb.o
                0x00801fb4                batt_max
                0x00801fb5                LED_flag
                0x00801fb6                INPUT_LED_DRV1
                0x00801fb9                reset_cache
                0x00801fba                PNEWELS_Buffer
                0x00801fe2                wps_send_flag
                0x00801fe3                data_update_flag
                0x00801fe4                OUT_LED_CH0
                0x00801fe7                error_timer_wps
                0x00801ff4                WPS_BTN
                0x00801ff7                TEMP_ALRT
                0x00801ffa                factory_command
                0x00801ffb                flag
                0x00801ffc                config_state
                0x00801ffd                button
                0x00801ffe                battery_option_flag
                0x00801fff                reset_option_flag
                0x00802000                INPUT_LED_CH2
                0x00802003                STATUS_LED_1
                0x00802006                wps_flag
                0x00802007                EMER_LIGHT_EN
                0x0080200a                reboot_countdown
                0x0080200c                error_count_wps
                0x0080200d                INPUT_LED_DRV2
                0x00802010                operation_seq
                0x00802011                option_select
                0x00802012                error_timer_status
                0x0080201f                count_usart
                0x00802020                debouncing_delay
                0x00802021                countdown
                0x00802023                initialize_flag
                0x00802024                error_count_status
                0x00802025                STATUS_LED_2
                0x00802028                appLEDIntervalTimer
                0x00802035                configuration_flag
                0x00802036                address_low
                0x00802037                CHARGING_DISABLE
                0x0080203a                address_high
                0x0080203b                rf_flag
                0x0080203c                commamd
                0x00802049                status_report_flag
                0x0080204a                FACTORY_BTN
                0x0080204d                installation_flag
                0x0080204e                appLEDTimer
                0x0080205b                MANUAL_BTN
                0x0080205e                INPUT_LED_DRV0
                0x00802061                config_waiting_input
                0x00802062                appIb
                0x0080208c                reset_state
                0x0080208d                battery_low_once
                0x0080208e                usart_state
                0x0080208f                appWPSActivationTimer
                0x0080209c                WPS_STATUS
                0x0080209d                VCHARGE_STAT
                0x008020a0                appWPSRequestTimer
                0x008020ad                INPUT_LED_CH1
                0x008020b0                do_once
                0x008020b1                batt_low
                0x008020b2                AC_STAT
                0x008020b5                factory_state
                0x008020b6                device_flag
                0x008020b7                battery_state
                0x008020b8                OUT_LED_CH1
                0x008020bb                interrupt_flag
                0x008020bc                battery_cache
                0x008020bd                config_command
                0x008020be                OUT_LED_CH2
 COMMON         0x008020c1        0x3 ASF USART/hal/drivers/usart_megarf.o
                0x008020c1                current_state_emergency_light
                0x008020c2                memory_address_incr
 COMMON         0x008020c4        0x1 LwMesh/hal/atmega256rfr2/src/halTimer.o
                0x008020c4                halTimerIrqCount
 COMMON         0x008020c5       0x28 LwMesh/nwk/src/nwk.o
                0x008020c5                nwkIb
 COMMON         0x008020ed        0x7 PNEWELS.o
                0x008020ed                battery_average
                0x008020f2                signatureVerify
                0x008020f3                battery_counter
 COMMON         0x008020f4      0x200 UserApp/crc/crc.o
                0x008020f4                crcTable
                0x008022f4                PROVIDE (__bss_end, .)
                0x000099b6                __data_load_start = LOADADDR (.data)
                0x0000a110                __data_load_end = (__data_load_start + SIZEOF (.data))

.noinit         0x008022f4        0x0
                0x008022f4                PROVIDE (__noinit_start, .)
 *(.noinit*)
                0x008022f4                PROVIDE (__noinit_end, .)
                0x008022f4                _end = .
                0x008022f4                PROVIDE (__heap_start, .)

.eeprom         0x00810000        0x0
 *(.eeprom*)
                0x00810000                __eeprom_end = .

.fuse           0x00820000        0x3
 *(.fuse)
 .fuse          0x00820000        0x3 device.o
                0x00820000                __fuse
 *(.lfuse)
 *(.hfuse)
 *(.efuse)

.lock
 *(.lock*)

.signature
 *(.signature*)

.user_signatures
 *(.user_signatures*)

.stab
 *(.stab)

.stabstr
 *(.stabstr)

.stab.excl
 *(.stab.excl)

.stab.exclstr
 *(.stab.exclstr)

.stab.index
 *(.stab.index)

.stab.indexstr
 *(.stab.indexstr)

.comment        0x00000000       0x60
 *(.comment)
 .comment       0x00000000       0x30 appEeprom.o
                                 0x31 (size before relaxing)
 .comment       0x00000030       0x31 appIb.o
 .comment       0x00000030       0x31 appNwk.o
 .comment       0x00000030       0x31 appVerify.o
 .comment       0x00000030       0x30 ASF TWI/twi_megarf.o
                                 0x31 (size before relaxing)
 .comment       0x00000060       0x31 ASF USART/hal/drivers/usart_megarf.o
 .comment       0x00000060       0x31 device.o
 .comment       0x00000060       0x31 PNE EXT INT/hal/drivers/ext_int_megarf.o
 .comment       0x00000060       0x31 PNE GPIO/hal/drivers/gpio.o
 .comment       0x00000060       0x31 LwMesh/hal/atmega256rfr2/src/hal.o
 .comment       0x00000060       0x31 LwMesh/hal/atmega256rfr2/src/halTimer.o
 .comment       0x00000060       0x31 LwMesh/nwk/src/nwk.o
 .comment       0x00000060       0x31 LwMesh/nwk/src/nwkDataReq.o
 .comment       0x00000060       0x31 LwMesh/nwk/src/nwkFrame.o
 .comment       0x00000060       0x31 LwMesh/nwk/src/nwkRx.o
 .comment       0x00000060       0x31 LwMesh/nwk/src/nwkTx.o
 .comment       0x00000060       0x31 LwMesh/phy/atmegarfr2/src/phy.o
 .comment       0x00000060       0x31 LwMesh/sys/src/sys.o
 .comment       0x00000060       0x31 LwMesh/sys/src/sysTimer.o
 .comment       0x00000060       0x31 PNEWELS.o
 .comment       0x00000060       0x31 PNEWELSFactoryInit.o
 .comment       0x00000060       0x31 PNEWELSRFInit.o
 .comment       0x00000060       0x31 pne_appDelay.o
 .comment       0x00000060       0x31 pne_appTwi.o
 .comment       0x00000060       0x31 PNE_Factory.o
 .comment       0x00000060       0x31 pne_rf_processor.o
 .comment       0x00000060       0x31 UserApp/appPNEWELS_time/src/appPNEWELSTime2.o
 .comment       0x00000060       0x31 UserApp/battery/appBattery.o
 .comment       0x00000060       0x31 UserApp/crc/crc.o
 .comment       0x00000060       0x31 UserApp/signature/pnesign.o
 .comment       0x00000060       0x31 c:/program files (x86)/atmel/studio/7.0/toolchain/avr8/avr8-gnu-toolchain/bin/../lib/gcc/avr/4.9.2/../../../../avr/lib/avr6\libc.a(rand.o)

.note.gnu.avr.deviceinfo
                0x00000000       0x44
 .note.gnu.avr.deviceinfo
                0x00000000       0x44 C:/Program Files (x86)/Atmel/Studio/7.0/Packs/atmel/ATmega_DFP/1.0.98/gcc/dev/atmega2564rfr2/avr6/crtatmega2564rfr2.o

.note.gnu.build-id
 *(.note.gnu.build-id)

.debug
 *(.debug)

.line
 *(.line)

.debug_srcinfo
 *(.debug_srcinfo)

.debug_sfnames
 *(.debug_sfnames)

.debug_aranges  0x00000000      0xa00
 *(.debug_aranges)
 .debug_aranges
                0x00000000       0x38 appEeprom.o
 .debug_aranges
                0x00000038       0x30 appIb.o
 .debug_aranges
                0x00000068       0x40 appNwk.o
 .debug_aranges
                0x000000a8       0x28 appVerify.o
 .debug_aranges
                0x000000d0       0x70 ASF TWI/twi_megarf.o
 .debug_aranges
                0x00000140       0x48 ASF USART/hal/drivers/usart_megarf.o
 .debug_aranges
                0x00000188       0x30 device.o
 .debug_aranges
                0x000001b8       0xb8 PNE EXT INT/hal/drivers/ext_int_megarf.o
 .debug_aranges
                0x00000270       0x58 PNE GPIO/hal/drivers/gpio.o
 .debug_aranges
                0x000002c8       0x28 LwMesh/hal/atmega256rfr2/src/hal.o
 .debug_aranges
                0x000002f0       0x30 LwMesh/hal/atmega256rfr2/src/halTimer.o
 .debug_aranges
                0x00000320       0x70 LwMesh/nwk/src/nwk.o
 .debug_aranges
                0x00000390       0x38 LwMesh/nwk/src/nwkDataReq.o
 .debug_aranges
                0x000003c8       0x40 LwMesh/nwk/src/nwkFrame.o
 .debug_aranges
                0x00000408       0x48 LwMesh/nwk/src/nwkRx.o
 .debug_aranges
                0x00000450       0x60 LwMesh/nwk/src/nwkTx.o
 .debug_aranges
                0x000004b0       0x90 LwMesh/phy/atmegarfr2/src/phy.o
 .debug_aranges
                0x00000540       0x28 LwMesh/sys/src/sys.o
 .debug_aranges
                0x00000568       0x48 LwMesh/sys/src/sysTimer.o
 .debug_aranges
                0x000005b0       0xa0 PNEWELS.o
 .debug_aranges
                0x00000650       0x30 PNEWELSFactoryInit.o
 .debug_aranges
                0x00000680       0x20 PNEWELSRFInit.o
 .debug_aranges
                0x000006a0       0x20 pne_appDelay.o
 .debug_aranges
                0x000006c0       0x68 pne_appTwi.o
 .debug_aranges
                0x00000728       0xc8 PNE_Factory.o
 .debug_aranges
                0x000007f0       0xf0 pne_rf_processor.o
 .debug_aranges
                0x000008e0       0x50 UserApp/appPNEWELS_time/src/appPNEWELSTime2.o
 .debug_aranges
                0x00000930       0x28 UserApp/battery/appBattery.o
 .debug_aranges
                0x00000958       0x38 UserApp/crc/crc.o
 .debug_aranges
                0x00000990       0x70 UserApp/signature/pnesign.o

.debug_pubnames
 *(.debug_pubnames)

.debug_info     0x00000000    0x1516b
 *(.debug_info .gnu.linkonce.wi.*)
 .debug_info    0x00000000      0x230 appEeprom.o
 .debug_info    0x00000230      0xf21 appIb.o
 .debug_info    0x00001151      0xcf8 appNwk.o
 .debug_info    0x00001e49      0x65d appVerify.o
 .debug_info    0x000024a6      0xad8 ASF TWI/twi_megarf.o
 .debug_info    0x00002f7e      0xb51 ASF USART/hal/drivers/usart_megarf.o
 .debug_info    0x00003acf      0x9f0 device.o
 .debug_info    0x000044bf      0x674 PNE EXT INT/hal/drivers/ext_int_megarf.o
 .debug_info    0x00004b33      0x3b6 PNE GPIO/hal/drivers/gpio.o
 .debug_info    0x00004ee9      0x128 LwMesh/hal/atmega256rfr2/src/hal.o
 .debug_info    0x00005011       0xe4 LwMesh/hal/atmega256rfr2/src/halTimer.o
 .debug_info    0x000050f5      0x4ca LwMesh/nwk/src/nwk.o
 .debug_info    0x000055bf      0x7c1 LwMesh/nwk/src/nwkDataReq.o
 .debug_info    0x00005d80      0x58e LwMesh/nwk/src/nwkFrame.o
 .debug_info    0x0000630e      0xc47 LwMesh/nwk/src/nwkRx.o
 .debug_info    0x00006f55      0xa2c LwMesh/nwk/src/nwkTx.o
 .debug_info    0x00007981      0x8cc LwMesh/phy/atmegarfr2/src/phy.o
 .debug_info    0x0000824d      0x165 LwMesh/sys/src/sys.o
 .debug_info    0x000083b2      0x341 LwMesh/sys/src/sysTimer.o
 .debug_info    0x000086f3     0x2877 PNEWELS.o
 .debug_info    0x0000af6a      0xf51 PNEWELSFactoryInit.o
 .debug_info    0x0000bebb      0xd3e PNEWELSRFInit.o
 .debug_info    0x0000cbf9       0xbc pne_appDelay.o
 .debug_info    0x0000ccb5     0x1c09 pne_appTwi.o
 .debug_info    0x0000e8be     0x2b12 PNE_Factory.o
 .debug_info    0x000113d0     0x2213 pne_rf_processor.o
 .debug_info    0x000135e3      0x2cd UserApp/appPNEWELS_time/src/appPNEWELSTime2.o
 .debug_info    0x000138b0      0x726 UserApp/battery/appBattery.o
 .debug_info    0x00013fd6      0x23d UserApp/crc/crc.o
 .debug_info    0x00014213      0xf58 UserApp/signature/pnesign.o

.debug_abbrev   0x00000000     0x3986
 *(.debug_abbrev)
 .debug_abbrev  0x00000000      0x10c appEeprom.o
 .debug_abbrev  0x0000010c      0x1aa appIb.o
 .debug_abbrev  0x000002b6      0x22c appNwk.o
 .debug_abbrev  0x000004e2      0x13d appVerify.o
 .debug_abbrev  0x0000061f      0x2ce ASF TWI/twi_megarf.o
 .debug_abbrev  0x000008ed      0x201 ASF USART/hal/drivers/usart_megarf.o
 .debug_abbrev  0x00000aee      0x1ee device.o
 .debug_abbrev  0x00000cdc      0x209 PNE EXT INT/hal/drivers/ext_int_megarf.o
 .debug_abbrev  0x00000ee5       0xf7 PNE GPIO/hal/drivers/gpio.o
 .debug_abbrev  0x00000fdc       0xda LwMesh/hal/atmega256rfr2/src/hal.o
 .debug_abbrev  0x000010b6       0xaa LwMesh/hal/atmega256rfr2/src/halTimer.o
 .debug_abbrev  0x00001160      0x1c7 LwMesh/nwk/src/nwk.o
 .debug_abbrev  0x00001327      0x2bd LwMesh/nwk/src/nwkDataReq.o
 .debug_abbrev  0x000015e4      0x192 LwMesh/nwk/src/nwkFrame.o
 .debug_abbrev  0x00001776      0x3db LwMesh/nwk/src/nwkRx.o
 .debug_abbrev  0x00001b51      0x365 LwMesh/nwk/src/nwkTx.o
 .debug_abbrev  0x00001eb6      0x274 LwMesh/phy/atmegarfr2/src/phy.o
 .debug_abbrev  0x0000212a       0x80 LwMesh/sys/src/sys.o
 .debug_abbrev  0x000021aa      0x199 LwMesh/sys/src/sysTimer.o
 .debug_abbrev  0x00002343      0x35b PNEWELS.o
 .debug_abbrev  0x0000269e      0x1ac PNEWELSFactoryInit.o
 .debug_abbrev  0x0000284a      0x151 PNEWELSRFInit.o
 .debug_abbrev  0x0000299b       0x87 pne_appDelay.o
 .debug_abbrev  0x00002a22      0x292 pne_appTwi.o
 .debug_abbrev  0x00002cb4      0x325 PNE_Factory.o
 .debug_abbrev  0x00002fd9      0x33f pne_rf_processor.o
 .debug_abbrev  0x00003318      0x17e UserApp/appPNEWELS_time/src/appPNEWELSTime2.o
 .debug_abbrev  0x00003496      0x115 UserApp/battery/appBattery.o
 .debug_abbrev  0x000035ab      0x11c UserApp/crc/crc.o
 .debug_abbrev  0x000036c7      0x2bf UserApp/signature/pnesign.o

.debug_line     0x00000000     0x7f60
 *(.debug_line .debug_line.* .debug_line_end)
 .debug_line    0x00000000      0x171 appEeprom.o
 .debug_line    0x00000171      0x28f appIb.o
 .debug_line    0x00000400      0x2d7 appNwk.o
 .debug_line    0x000006d7      0x113 appVerify.o
 .debug_line    0x000007ea      0x5c6 ASF TWI/twi_megarf.o
 .debug_line    0x00000db0      0x327 ASF USART/hal/drivers/usart_megarf.o
 .debug_line    0x000010d7      0x262 device.o
 .debug_line    0x00001339      0x43c PNE EXT INT/hal/drivers/ext_int_megarf.o
 .debug_line    0x00001775      0x32d PNE GPIO/hal/drivers/gpio.o
 .debug_line    0x00001aa2      0x187 LwMesh/hal/atmega256rfr2/src/hal.o
 .debug_line    0x00001c29      0x12e LwMesh/hal/atmega256rfr2/src/halTimer.o
 .debug_line    0x00001d57      0x2a6 LwMesh/nwk/src/nwk.o
 .debug_line    0x00001ffd      0x25d LwMesh/nwk/src/nwkDataReq.o
 .debug_line    0x0000225a      0x1dc LwMesh/nwk/src/nwkFrame.o
 .debug_line    0x00002436      0x47b LwMesh/nwk/src/nwkRx.o
 .debug_line    0x000028b1      0x4ba LwMesh/nwk/src/nwkTx.o
 .debug_line    0x00002d6b      0x465 LwMesh/phy/atmegarfr2/src/phy.o
 .debug_line    0x000031d0      0x181 LwMesh/sys/src/sys.o
 .debug_line    0x00003351      0x2bd LwMesh/sys/src/sysTimer.o
 .debug_line    0x0000360e     0x1281 PNEWELS.o
 .debug_line    0x0000488f      0x209 PNEWELSFactoryInit.o
 .debug_line    0x00004a98      0x14b PNEWELSRFInit.o
 .debug_line    0x00004be3       0xba pne_appDelay.o
 .debug_line    0x00004c9d      0x8a2 pne_appTwi.o
 .debug_line    0x0000553f     0x13ca PNE_Factory.o
 .debug_line    0x00006909      0x9b4 pne_rf_processor.o
 .debug_line    0x000072bd      0x2e2 UserApp/appPNEWELS_time/src/appPNEWELSTime2.o
 .debug_line    0x0000759f      0x1e3 UserApp/battery/appBattery.o
 .debug_line    0x00007782      0x16a UserApp/crc/crc.o
 .debug_line    0x000078ec      0x674 UserApp/signature/pnesign.o

.debug_frame    0x00000000     0x1ef0
 *(.debug_frame)
 .debug_frame   0x00000000       0x9c appEeprom.o
 .debug_frame   0x0000009c       0x74 appIb.o
 .debug_frame   0x00000110       0x70 appNwk.o
 .debug_frame   0x00000180       0x40 appVerify.o
 .debug_frame   0x000001c0      0x10c ASF TWI/twi_megarf.o
 .debug_frame   0x000002cc      0x158 ASF USART/hal/drivers/usart_megarf.o
 .debug_frame   0x00000424       0x44 device.o
 .debug_frame   0x00000468      0x448 PNE EXT INT/hal/drivers/ext_int_megarf.o
 .debug_frame   0x000008b0       0x94 PNE GPIO/hal/drivers/gpio.o
 .debug_frame   0x00000944       0x34 LwMesh/hal/atmega256rfr2/src/hal.o
 .debug_frame   0x00000978       0x54 LwMesh/hal/atmega256rfr2/src/halTimer.o
 .debug_frame   0x000009cc       0xd4 LwMesh/nwk/src/nwk.o
 .debug_frame   0x00000aa0       0x68 LwMesh/nwk/src/nwkDataReq.o
 .debug_frame   0x00000b08       0x64 LwMesh/nwk/src/nwkFrame.o
 .debug_frame   0x00000b6c       0xe0 LwMesh/nwk/src/nwkRx.o
 .debug_frame   0x00000c4c      0x144 LwMesh/nwk/src/nwkTx.o
 .debug_frame   0x00000d90      0x16c LwMesh/phy/atmegarfr2/src/phy.o
 .debug_frame   0x00000efc       0x34 LwMesh/sys/src/sys.o
 .debug_frame   0x00000f30       0xc0 LwMesh/sys/src/sysTimer.o
 .debug_frame   0x00000ff0      0x1c4 PNEWELS.o
 .debug_frame   0x000011b4       0x4c PNEWELSFactoryInit.o
 .debug_frame   0x00001200       0x34 PNEWELSRFInit.o
 .debug_frame   0x00001234       0x24 pne_appDelay.o
 .debug_frame   0x00001258      0x1ec pne_appTwi.o
 .debug_frame   0x00001444      0x26c PNE_Factory.o
 .debug_frame   0x000016b0      0x360 pne_rf_processor.o
 .debug_frame   0x00001a10      0x124 UserApp/appPNEWELS_time/src/appPNEWELSTime2.o
 .debug_frame   0x00001b34       0x48 UserApp/battery/appBattery.o
 .debug_frame   0x00001b7c       0xc8 UserApp/crc/crc.o
 .debug_frame   0x00001c44      0x2ac UserApp/signature/pnesign.o

.debug_str      0x00000000     0x408a
 *(.debug_str)
 .debug_str     0x00000000      0x1ba appEeprom.o
                                0x200 (size before relaxing)
 .debug_str     0x000001ba      0xbe5 appIb.o
                                0xdeb (size before relaxing)
 .debug_str     0x00000d9f      0x24e appNwk.o
                                0xa7d (size before relaxing)
 .debug_str     0x00000fed       0x64 appVerify.o
                                0x764 (size before relaxing)
 .debug_str     0x00001051      0x6d6 ASF TWI/twi_megarf.o
                                0x860 (size before relaxing)
 .debug_str     0x00001727      0x46b ASF USART/hal/drivers/usart_megarf.o
                                0xbb7 (size before relaxing)
 .debug_str     0x00001b92      0x10f device.o
                                0x8ff (size before relaxing)
 .debug_str     0x00001ca1      0x2ea PNE EXT INT/hal/drivers/ext_int_megarf.o
                                0x577 (size before relaxing)
 .debug_str     0x00001f8b       0x66 PNE GPIO/hal/drivers/gpio.o
                                0x306 (size before relaxing)
 .debug_str     0x00001ff1       0x6b LwMesh/hal/atmega256rfr2/src/hal.o
                                0x1ce (size before relaxing)
 .debug_str     0x0000205c       0x48 LwMesh/hal/atmega256rfr2/src/halTimer.o
                                0x1c8 (size before relaxing)
 .debug_str     0x000020a4      0x140 LwMesh/nwk/src/nwk.o
                                0x364 (size before relaxing)
 .debug_str     0x000021e4      0x202 LwMesh/nwk/src/nwkDataReq.o
                                0x5a0 (size before relaxing)
 .debug_str     0x000023e6       0x62 LwMesh/nwk/src/nwkFrame.o
                                0x43f (size before relaxing)
 .debug_str     0x00002448      0x31c LwMesh/nwk/src/nwkRx.o
                                0x739 (size before relaxing)
 .debug_str     0x00002764      0x1c8 LwMesh/nwk/src/nwkTx.o
                                0x6ee (size before relaxing)
 .debug_str     0x0000292c      0x546 LwMesh/phy/atmegarfr2/src/phy.o
                                0x7f0 (size before relaxing)
 .debug_str     0x00002e72       0x3b LwMesh/sys/src/sys.o
                                0x21d (size before relaxing)
 .debug_str     0x00002ead       0x56 LwMesh/sys/src/sysTimer.o
                                0x285 (size before relaxing)
 .debug_str     0x00002f03      0x922 PNEWELS.o
                               0x19ea (size before relaxing)
 .debug_str     0x00003825       0x3a PNEWELSFactoryInit.o
                                0xe6c (size before relaxing)
 .debug_str     0x0000385f       0x30 PNEWELSRFInit.o
                                0xdd3 (size before relaxing)
 .debug_str     0x0000388f       0x2b pne_appDelay.o
                                0x192 (size before relaxing)
 .debug_str     0x000038ba      0x232 pne_appTwi.o
                               0x1399 (size before relaxing)
 .debug_str     0x00003aec      0x229 PNE_Factory.o
                               0x15c1 (size before relaxing)
 .debug_str     0x00003d15      0x10d pne_rf_processor.o
                               0x126e (size before relaxing)
 .debug_str     0x00003e22       0xef UserApp/appPNEWELS_time/src/appPNEWELSTime2.o
                                0x2b3 (size before relaxing)
 .debug_str     0x00003f11       0x20 UserApp/battery/appBattery.o
                                0xa6f (size before relaxing)
 .debug_str     0x00003f31       0x59 UserApp/crc/crc.o
                                0x1a2 (size before relaxing)
 .debug_str     0x00003f8a      0x100 UserApp/signature/pnesign.o
                                0x870 (size before relaxing)

.debug_loc      0x00000000     0x9d68
 *(.debug_loc)
 .debug_loc     0x00000000      0x27b appEeprom.o
 .debug_loc     0x0000027b       0xaa appIb.o
 .debug_loc     0x00000325      0x158 appNwk.o
 .debug_loc     0x0000047d       0xed appVerify.o
 .debug_loc     0x0000056a      0x386 ASF TWI/twi_megarf.o
 .debug_loc     0x000008f0      0x7a6 ASF USART/hal/drivers/usart_megarf.o
 .debug_loc     0x00001096       0x26 device.o
 .debug_loc     0x000010bc      0x9e7 PNE EXT INT/hal/drivers/ext_int_megarf.o
 .debug_loc     0x00001aa3      0x103 PNE GPIO/hal/drivers/gpio.o
 .debug_loc     0x00001ba6       0x21 LwMesh/hal/atmega256rfr2/src/hal.o
 .debug_loc     0x00001bc7       0x62 LwMesh/hal/atmega256rfr2/src/halTimer.o
 .debug_loc     0x00001c29      0x14d LwMesh/nwk/src/nwk.o
 .debug_loc     0x00001d76      0x137 LwMesh/nwk/src/nwkDataReq.o
 .debug_loc     0x00001ead       0xe2 LwMesh/nwk/src/nwkFrame.o
 .debug_loc     0x00001f8f      0x4c5 LwMesh/nwk/src/nwkRx.o
 .debug_loc     0x00002454      0x672 LwMesh/nwk/src/nwkTx.o
 .debug_loc     0x00002ac6      0x408 LwMesh/phy/atmegarfr2/src/phy.o
 .debug_loc     0x00002ece      0x42e LwMesh/sys/src/sysTimer.o
 .debug_loc     0x000032fc      0xa14 PNEWELS.o
 .debug_loc     0x00003d10       0xa5 PNEWELSFactoryInit.o
 .debug_loc     0x00003db5      0x137 PNEWELSRFInit.o
 .debug_loc     0x00003eec       0x4c pne_appDelay.o
 .debug_loc     0x00003f38     0x1062 pne_appTwi.o
 .debug_loc     0x00004f9a     0x1322 PNE_Factory.o
 .debug_loc     0x000062bc      0xf30 pne_rf_processor.o
 .debug_loc     0x000071ec      0x3bd UserApp/appPNEWELS_time/src/appPNEWELSTime2.o
 .debug_loc     0x000075a9       0x70 UserApp/battery/appBattery.o
 .debug_loc     0x00007619      0x508 UserApp/crc/crc.o
 .debug_loc     0x00007b21     0x2247 UserApp/signature/pnesign.o

.debug_macinfo
 *(.debug_macinfo)

.debug_weaknames
 *(.debug_weaknames)

.debug_funcnames
 *(.debug_funcnames)

.debug_typenames
 *(.debug_typenames)

.debug_varnames
 *(.debug_varnames)

.debug_pubtypes
 *(.debug_pubtypes)

.debug_ranges   0x00000000      0x988
 *(.debug_ranges)
 .debug_ranges  0x00000000       0x28 appEeprom.o
 .debug_ranges  0x00000028       0x20 appIb.o
 .debug_ranges  0x00000048       0x30 appNwk.o
 .debug_ranges  0x00000078       0x18 appVerify.o
 .debug_ranges  0x00000090       0x60 ASF TWI/twi_megarf.o
 .debug_ranges  0x000000f0       0x38 ASF USART/hal/drivers/usart_megarf.o
 .debug_ranges  0x00000128       0x20 device.o
 .debug_ranges  0x00000148       0xa8 PNE EXT INT/hal/drivers/ext_int_megarf.o
 .debug_ranges  0x000001f0       0x48 PNE GPIO/hal/drivers/gpio.o
 .debug_ranges  0x00000238       0x18 LwMesh/hal/atmega256rfr2/src/hal.o
 .debug_ranges  0x00000250       0x20 LwMesh/hal/atmega256rfr2/src/halTimer.o
 .debug_ranges  0x00000270       0x60 LwMesh/nwk/src/nwk.o
 .debug_ranges  0x000002d0       0x28 LwMesh/nwk/src/nwkDataReq.o
 .debug_ranges  0x000002f8       0x30 LwMesh/nwk/src/nwkFrame.o
 .debug_ranges  0x00000328       0x88 LwMesh/nwk/src/nwkRx.o
 .debug_ranges  0x000003b0       0x68 LwMesh/nwk/src/nwkTx.o
 .debug_ranges  0x00000418       0x80 LwMesh/phy/atmegarfr2/src/phy.o
 .debug_ranges  0x00000498       0x18 LwMesh/sys/src/sys.o
 .debug_ranges  0x000004b0       0x70 LwMesh/sys/src/sysTimer.o
 .debug_ranges  0x00000520       0xc0 PNEWELS.o
 .debug_ranges  0x000005e0       0x20 PNEWELSFactoryInit.o
 .debug_ranges  0x00000600       0x10 PNEWELSRFInit.o
 .debug_ranges  0x00000610       0x10 pne_appDelay.o
 .debug_ranges  0x00000620       0x58 pne_appTwi.o
 .debug_ranges  0x00000678       0xe8 PNE_Factory.o
 .debug_ranges  0x00000760       0xf8 pne_rf_processor.o
 .debug_ranges  0x00000858       0x90 UserApp/appPNEWELS_time/src/appPNEWELSTime2.o
 .debug_ranges  0x000008e8       0x18 UserApp/battery/appBattery.o
 .debug_ranges  0x00000900       0x28 UserApp/crc/crc.o
 .debug_ranges  0x00000928       0x60 UserApp/signature/pnesign.o

.debug_macro
 *(.debug_macro)
OUTPUT(PNEWELS.elf elf32-avr)
LOAD linker stubs
