Archive member included to satisfy reference by file (symbol)

h:/program files (x86)/atmel/studio/7.0/toolchain/avr8/avr8-gnu-toolchain/bin/../lib/gcc/avr/4.9.2/avr6\libgcc.a(_divmodhi4.o)
                              PNEWELS.o (__divmodhi4)
h:/program files (x86)/atmel/studio/7.0/toolchain/avr8/avr8-gnu-toolchain/bin/../lib/gcc/avr/4.9.2/avr6\libgcc.a(_udivmodsi4.o)
                              ASF USART/hal/drivers/usart_megarf.o (__udivmodsi4)
h:/program files (x86)/atmel/studio/7.0/toolchain/avr8/avr8-gnu-toolchain/bin/../lib/gcc/avr/4.9.2/avr6\libgcc.a(_exit.o)
                              H:/Program Files (x86)/Atmel/Studio/7.0/Packs/atmel/ATmega_DFP/1.0.106/gcc/dev/atmega2564rfr2/avr6/crtatmega2564rfr2.o (exit)
h:/program files (x86)/atmel/studio/7.0/toolchain/avr8/avr8-gnu-toolchain/bin/../lib/gcc/avr/4.9.2/avr6\libgcc.a(_tablejump2.o)
                              ASF TWI/twi_megarf.o (__tablejump2__)
h:/program files (x86)/atmel/studio/7.0/toolchain/avr8/avr8-gnu-toolchain/bin/../lib/gcc/avr/4.9.2/avr6\libgcc.a(_copy_data.o)
                              appIb.o (__do_copy_data)
h:/program files (x86)/atmel/studio/7.0/toolchain/avr8/avr8-gnu-toolchain/bin/../lib/gcc/avr/4.9.2/avr6\libgcc.a(_clear_bss.o)
                              appCommand.o (__do_clear_bss)
h:/program files (x86)/atmel/studio/7.0/toolchain/avr8/avr8-gnu-toolchain/bin/../lib/gcc/avr/4.9.2/avr6\libgcc.a(_umulhisi3.o)
                              UserApp/appPNEWELS_time/src/appPNEWELSTime2.o (__umulhisi3)
h:/program files (x86)/atmel/studio/7.0/toolchain/avr8/avr8-gnu-toolchain/bin/../lib/gcc/avr/4.9.2/avr6\libgcc.a(_usmulhisi3.o)
                              PNEWELS.o (__usmulhisi3)
h:/program files (x86)/atmel/studio/7.0/toolchain/avr8/avr8-gnu-toolchain/bin/../lib/gcc/avr/4.9.2/avr6\libgcc.a(_mulshisi3.o)
                              PNEWELS.o (__mulshisi3)
h:/program files (x86)/atmel/studio/7.0/toolchain/avr8/avr8-gnu-toolchain/bin/../lib/gcc/avr/4.9.2/avr6\libgcc.a(_udivmodhi4.o)
                              h:/program files (x86)/atmel/studio/7.0/toolchain/avr8/avr8-gnu-toolchain/bin/../lib/gcc/avr/4.9.2/avr6\libgcc.a(_divmodhi4.o) (__udivmodhi4)
h:/program files (x86)/atmel/studio/7.0/toolchain/avr8/avr8-gnu-toolchain/bin/../lib/gcc/avr/4.9.2/avr6\libgcc.a(_muluhisi3.o)
                              h:/program files (x86)/atmel/studio/7.0/toolchain/avr8/avr8-gnu-toolchain/bin/../lib/gcc/avr/4.9.2/avr6\libgcc.a(_mulshisi3.o) (__muluhisi3)
h:/program files (x86)/atmel/studio/7.0/toolchain/avr8/avr8-gnu-toolchain/bin/../lib/gcc/avr/4.9.2/../../../../avr/lib/avr6\libc.a(rand.o)
                              LwMesh/nwk/src/nwkTx.o (rand)
h:/program files (x86)/atmel/studio/7.0/toolchain/avr8/avr8-gnu-toolchain/bin/../lib/gcc/avr/4.9.2/../../../../avr/lib/avr6\libc.a(memcmp.o)
                              PNEWELS.o (memcmp)
h:/program files (x86)/atmel/studio/7.0/toolchain/avr8/avr8-gnu-toolchain/bin/../lib/gcc/avr/4.9.2/../../../../avr/lib/avr6\libc.a(memcpy.o)
                              appCommand.o (memcpy)
h:/program files (x86)/atmel/studio/7.0/toolchain/avr8/avr8-gnu-toolchain/bin/../lib/gcc/avr/4.9.2/../../../../avr/lib/avr6\libc.a(memset.o)
                              appCommand.o (memset)
h:/program files (x86)/atmel/studio/7.0/toolchain/avr8/avr8-gnu-toolchain/bin/../lib/gcc/avr/4.9.2/avr6\libgcc.a(_divmodsi4.o)
                              h:/program files (x86)/atmel/studio/7.0/toolchain/avr8/avr8-gnu-toolchain/bin/../lib/gcc/avr/4.9.2/../../../../avr/lib/avr6\libc.a(rand.o) (__divmodsi4)
h:/program files (x86)/atmel/studio/7.0/toolchain/avr8/avr8-gnu-toolchain/bin/../lib/gcc/avr/4.9.2/avr6\libgcc.a(_negsi2.o)
                              h:/program files (x86)/atmel/studio/7.0/toolchain/avr8/avr8-gnu-toolchain/bin/../lib/gcc/avr/4.9.2/avr6\libgcc.a(_divmodsi4.o) (__negsi2)

Allocating common symbols
Common symbol       size              file

batt_max            0x1               appIb.o
LED_flag            0x1               appIb.o
current_state_emergency_light
                    0x1               ASF USART/hal/drivers/usart_megarf.o
INPUT_LED_DRV1      0x3               appIb.o
reset_cache         0x1               appIb.o
PNEWELS_Buffer      0x28              appIb.o
wps_send_flag       0x1               appIb.o
data_update_flag    0x1               appIb.o
OUT_LED_CH0         0x3               appIb.o
error_timer_wps     0xd               appIb.o
WPS_BTN             0x3               appIb.o
device_address      0x2               appCommand.o
TEMP_ALRT           0x3               appIb.o
factory_command     0x1               appIb.o
nwkIb               0x38              LwMesh/nwk/src/nwk.o
flag                0x1               appIb.o
config_state        0x1               appIb.o
button              0x1               appIb.o
battery_option_flag
                    0x1               appIb.o
reset_option_flag   0x1               appIb.o
INPUT_LED_CH2       0x3               appIb.o
[...]
Memory Configuration

Name             Origin             Length             Attributes
text             0x00000000         0x00100000         xr
data             0x00800200         0x0000fe00         rw !x
eeprom           0x00810000         0x00010000         rw !x
fuse             0x00820000         0x00000400         rw !x
lock             0x00830000         0x00000400         rw !x
signature        0x00840000         0x00000400         rw !x
user_signatures  0x00850000         0x00000400         rw !x
*default*        0x00000000         0xffffffff

Linker script and memory map

Address of section .data set to 0x800200
LOAD H:/Program Files (x86)/Atmel/Studio/7.0/Packs/atmel/ATmega_DFP/1.0.106/gcc/dev/atmega2564rfr2/avr6/crtatmega2564rfr2.o
LOAD appCommand.o
LOAD appEeprom.o
LOAD appGpio.o
LOAD appIb.o
LOAD appNwk.o
LOAD appVerify.o
LOAD ASF TWI/twi_megarf.o
LOAD ASF USART/hal/drivers/usart_megarf.o
LOAD device.o
LOAD PNE EXT INT/hal/drivers/ext_int_megarf.o
LOAD PNE GPIO/hal/drivers/gpio.o
LOAD LwMesh/hal/atmega256rfr2/src/hal.o
LOAD LwMesh/hal/atmega256rfr2/src/halTimer.o
LOAD LwMesh/nwk/src/nwk.o
LOAD LwMesh/nwk/src/nwkDataReq.o
LOAD LwMesh/nwk/src/nwkFrame.o
LOAD LwMesh/nwk/src/nwkGroup.o
LOAD LwMesh/nwk/src/nwkRoute.o
LOAD LwMesh/nwk/src/nwkRouteDiscovery.o
LOAD LwMesh/nwk/src/nwkRx.o
LOAD LwMesh/nwk/src/nwkSecurity.o
LOAD LwMesh/nwk/src/nwkTx.o
LOAD LwMesh/phy/atmegarfr2/src/phy.o
LOAD LwMesh/sys/src/sys.o
LOAD LwMesh/sys/src/sysEncrypt.o
LOAD LwMesh/sys/src/sysTimer.o
LOAD PNEWELS.o
LOAD PNEWELSDebug.o
LOAD PNEWELSFactoryInit.o
LOAD PNEWELSRFInit.o
LOAD PNEWELSWps.o
LOAD pne_appDelay.o
LOAD pne_appGpio.o
LOAD pne_appTwi.o
LOAD PNE_Factory.o
LOAD pne_rf_processor.o
LOAD UserApp/appPNEWELS_time/src/appPNEWELSTime2.o
LOAD UserApp/appPNEWELS_time/src/appPNEWELS_time.o
LOAD UserApp/battery/appBattery.o
LOAD UserApp/crc/crc.o
LOAD UserApp/signature/pnesign.o
START GROUP
LOAD h:/program files (x86)/atmel/studio/7.0/toolchain/avr8/avr8-gnu-toolchain/bin/../lib/gcc/avr/4.9.2/../../../../avr/lib/avr6\libm.a
END GROUP
START GROUP
LOAD h:/program files (x86)/atmel/studio/7.0/toolchain/avr8/avr8-gnu-toolchain/bin/../lib/gcc/avr/4.9.2/avr6\libgcc.a
LOAD h:/program files (x86)/atmel/studio/7.0/toolchain/avr8/avr8-gnu-toolchain/bin/../lib/gcc/avr/4.9.2/../../../../avr/lib/avr6\libm.a
LOAD h:/program files (x86)/atmel/studio/7.0/toolchain/avr8/avr8-gnu-toolchain/bin/../lib/gcc/avr/4.9.2/../../../../avr/lib/avr6\libc.a
LOAD H:/Program Files (x86)/Atmel/Studio/7.0/Packs/atmel/ATmega_DFP/1.0.106/gcc/dev/atmega2564rfr2/avr6\libatmega2564rfr2.a
END GROUP
                0x00100000                __TEXT_REGION_LENGTH__ = DEFINED (__TEXT_REGION_LENGTH__)?__TEXT_REGION_LENGTH__:0x100000
                0x0000fe00                __DATA_REGION_LENGTH__ = DEFINED (__DATA_REGION_LENGTH__)?__DATA_REGION_LENGTH__:0xfe00
                0x00010000                __EEPROM_REGION_LENGTH__ = DEFINED (__EEPROM_REGION_LENGTH__)?__EEPROM_REGION_LENGTH__:0x10000
                0x00000400                __FUSE_REGION_LENGTH__ = DEFINED (__FUSE_REGION_LENGTH__)?__FUSE_REGION_LENGTH__:0x400
                0x00000400                __LOCK_REGION_LENGTH__ = DEFINED (__LOCK_REGION_LENGTH__)?__LOCK_REGION_LENGTH__:0x400
                0x00000400                __SIGNATURE_REGION_LENGTH__ = DEFINED (__SIGNATURE_REGION_LENGTH__)?__SIGNATURE_REGION_LENGTH__:0x400
                0x00000400                __USER_SIGNATURE_REGION_LENGTH__ = DEFINED (__USER_SIGNATURE_REGION_LENGTH__)?__USER_SIGNATURE_REGION_LENGTH__:0x400

.hash
 *(.hash)

.dynsym
 *(.dynsym)

.dynstr
 *(.dynstr)

.gnu.version
 *(.gnu.version)

.gnu.version_d
 *(.gnu.version_d)

.gnu.version_r
 *(.gnu.version_r)

.rel.init
 *(.rel.init)

.rela.init
 *(.rela.init)

.rel.text
 *(.rel.text)
 *(.rel.text.*)
 *(.rel.gnu.linkonce.t*)

.rela.text
 *(.rela.text)
 *(.rela.text.*)
 *(.rela.gnu.linkonce.t*)

.rel.fini
 *(.rel.fini)

.rela.fini
 *(.rela.fini)

.rel.rodata
 *(.rel.rodata)
 *(.rel.rodata.*)
 *(.rel.gnu.linkonce.r*)

.rela.rodata
 *(.rela.rodata)
 *(.rela.rodata.*)
 *(.rela.gnu.linkonce.r*)

.rel.data
 *(.rel.data)
 *(.rel.data.*)
 *(.rel.gnu.linkonce.d*)

.rela.data
 *(.rela.data)
 *(.rela.data.*)
 *(.rela.gnu.linkonce.d*)

.rel.ctors
 *(.rel.ctors)

.rela.ctors
 *(.rela.ctors)

.rel.dtors
 *(.rel.dtors)

.rela.dtors
 *(.rela.dtors)

.rel.got
 *(.rel.got)

.rela.got
 *(.rela.got)

.rel.bss
 *(.rel.bss)

.rela.bss
 *(.rela.bss)

.rel.plt
 *(.rel.plt)

.rela.plt
 *(.rela.plt)

.text           0x00000000     0xaca6
 *(.vectors)
 .vectors       0x00000000      0x134 H:/Program Files (x86)/Atmel/Studio/7.0/Packs/atmel/ATmega_DFP/1.0.106/gcc/dev/atmega2564rfr2/avr6/crtatmega2564rfr2.o
                0x00000000                __vector_default
                0x00000000                __vectors
 *(.vectors)
 *(.progmem.gcc*)
 .progmem.gcc_sw_table.__vector_39
                0x00000134      0x192 ASF TWI/twi_megarf.o
 .progmem.gcc_sw_table.pneOperationMode
                0x000002c6        0xe PNEWELS.o
 .progmem.gcc_sw_table.optionSelect
                0x000002d4       0x12 PNE_Factory.o
 .progmem.gcc_sw_table.testMode
                0x000002e6       0x14 PNE_Factory.o
 .progmem.gcc_sw_table.resetFlag
                0x000002fa       0x10 PNE_Factory.o
 .progmem.gcc_sw_table.factory_mode
                0x0000030a       0x12 PNE_Factory.o
 .progmem.gcc_sw_table.error_to_rf
                0x0000031c       0x18 pne_rf_processor.o
                0x00000334                . = ALIGN (0x2)
                0x00000334                __trampolines_start = .
 *(.trampolines)
 .trampolines   0x00000334        0x0 linker stubs
 *(.trampolines*)
                0x00000334                __trampolines_end = .
 *libprintf_flt.a:*(.progmem.data)
 *libc.a:*(.progmem.data)
 *(.progmem*)
                0x00000334                . = ALIGN (0x2)
 *(.jumptables)
 *(.jumptables*)
 *(.lowtext)
 *(.lowtext*)
                0x00000334                __ctors_start = .
 *(.ctors)
                0x00000334                __ctors_end = .
                0x00000334                __dtors_start = .
 *(.dtors)
                0x00000334                __dtors_end = .
 SORT(*)(.ctors)
 SORT(*)(.dtors)
 *(.init0)
 .init0         0x00000334        0x0 H:/Program Files (x86)/Atmel/Studio/7.0/Packs/atmel/ATmega_DFP/1.0.106/gcc/dev/atmega2564rfr2/avr6/crtatmega2564rfr2.o
                0x00000334                __init
 *(.init0)
 *(.init1)
 *(.init1)
 *(.init2)
 .init2         0x00000334       0x10 H:/Program Files (x86)/Atmel/Studio/7.0/Packs/atmel/ATmega_DFP/1.0.106/gcc/dev/atmega2564rfr2/avr6/crtatmega2564rfr2.o
 *(.init2)
 *(.init3)
 *(.init3)
 *(.init4)
 .init4         0x00000344       0x1a h:/program files (x86)/atmel/studio/7.0/toolchain/avr8/avr8-gnu-toolchain/bin/../lib/gcc/avr/4.9.2/avr6\libgcc.a(_copy_data.o)
                0x00000344                __do_copy_data
 .init4         0x0000035e       0x10 h:/program files (x86)/atmel/studio/7.0/toolchain/avr8/avr8-gnu-toolchain/bin/../lib/gcc/avr/4.9.2/avr6\libgcc.a(_clear_bss.o)
                0x0000035e                __do_clear_bss
 *(.init4)
 *(.init5)
 *(.init5)
 *(.init6)
 *(.init6)
 *(.init7)
 *(.init7)
 *(.init8)
 *(.init8)
 *(.init9)
 .init9         0x0000036e        0x6 H:/Program Files (x86)/Atmel/Studio/7.0/Packs/atmel/ATmega_DFP/1.0.106/gcc/dev/atmega2564rfr2/avr6/crtatmega2564rfr2.o
 *(.init9)
 *(.text)
 .text          0x00000374        0x2 H:/Program Files (x86)/Atmel/Studio/7.0/Packs/atmel/ATmega_DFP/1.0.106/gcc/dev/atmega2564rfr2/avr6/crtatmega2564rfr2.o
                0x00000374                __vector_38
                0x00000374                __vector_22
                0x00000374                __vector_63
                0x00000374                __vector_28
                0x00000374                __vector_67
                0x00000374                __vector_32
                0x00000374                __vector_75
                0x00000374                __vector_71
                0x00000374                __vector_34
                0x00000374                __vector_62
                0x00000374                __vector_24
                0x00000374                __vector_12
                0x00000374                __vector_55
                0x00000374                __vector_69
                0x00000374                __vector_46
                0x00000374                __bad_interrupt
                0x00000374                __vector_72
                0x00000374                __vector_31
                0x00000374                __vector_35
                0x00000374                __vector_74
                0x00000374                __vector_68
                0x00000374                __vector_30
                0x00000374                __vector_73
                0x00000374                __vector_45
                0x00000374                __vector_25
                0x00000374                __vector_61
                0x00000374                __vector_11
                0x00000374                __vector_54
                0x00000374                __vector_13
                0x00000374                __vector_17
                0x00000374                __vector_19
                0x00000374                __vector_56
                0x00000374                __vector_49
                0x00000374                __vector_41
                0x00000374                __vector_64
                0x00000374                __vector_43
                0x00000374                __vector_27
                0x00000374                __vector_33
                0x00000374                __vector_76
                0x00000374                __vector_47
                0x00000374                __vector_52
                0x00000374                __vector_37
                0x00000374                __vector_44
                0x00000374                __vector_51
                0x00000374                __vector_21
                0x00000374                __vector_66
                0x00000374                __vector_58
                0x00000374                __vector_70
                0x00000374                __vector_29
                0x00000374                __vector_60
                0x00000374                __vector_40
                0x00000374                __vector_26
                0x00000374                __vector_48
                0x00000374                __vector_14
                0x00000374                __vector_57
                0x00000374                __vector_53
                0x00000374                __vector_50
                0x00000374                __vector_16
                0x00000374                __vector_59
                0x00000374                __vector_18
                0x00000374                __vector_20
                0x00000374                __vector_65
                0x00000376                . = ALIGN (0x2)
 *(.text.*)
 .text.APP_EepromReadByte
                0x00000376        0xe appEeprom.o
                0x00000376                APP_EepromReadByte
 .text.APP_EepromRead
                0x00000384       0x3e appEeprom.o
                0x00000384                APP_EepromRead
 .text.APP_IbLoadSettings
                0x000003c2      0x156 appIb.o
                0x000003c2                APP_IbLoadSettings
 .text.APP_IbLoadSettings_WPS
                0x00000518       0x78 appIb.o
                0x00000518                APP_IbLoadSettings_WPS
 .text.APP_IbLoadSettings_BROADCAST
                0x00000590      0x13a appIb.o
                0x00000590                APP_IbLoadSettings_BROADCAST
 .text.appNwkDataConf
                0x000006ca       0x88 appNwk.o
 .text.appNwkDataInd
                0x00000752        0xe appNwk.o
 .text.APP_NwkInit
                0x00000760       0x86 appNwk.o
                0x00000760                APP_NwkInit
 .text.APP_NwkGetBuffer
                0x000007e6       0x5e appNwk.o
                0x000007e6                APP_NwkGetBuffer
 .text.APP_NwkSendBuffer
                0x00000844       0x1e appNwk.o
                0x00000844                APP_NwkSendBuffer
 .text.APP_NwkInit_Broadcast
                0x00000862       0x82 appNwk.o
                0x00000862                APP_NwkInit_Broadcast
 .text.pneVerify_received
                0x000008e4       0x40 appVerify.o
                0x000008e4                pneVerify_received
 .text.twi_master_bus_reset
                0x00000924       0x12 ASF TWI/twi_megarf.o
 .text.twi_master_write
                0x00000936       0x58 ASF TWI/twi_megarf.o
                0x00000936                twi_master_write
 .text.twi_master_read
                0x0000098e       0x6a ASF TWI/twi_megarf.o
                0x0000098e                twi_master_read
 .text.twi_master_init
                0x000009f8       0x26 ASF TWI/twi_megarf.o
                0x000009f8                twi_master_init
 .text.__vector_39
                0x00000a1e      0x3a4 ASF TWI/twi_megarf.o
                0x00000a1e                __vector_39
 .text.usart_putchar
                0x00000dc2       0x3c ASF USART/hal/drivers/usart_megarf.o
                0x00000dc2                usart_putchar
 .text.usart_set_baudrate
                0x00000dfe       0xf0 ASF USART/hal/drivers/usart_megarf.o
                0x00000dfe                usart_set_baudrate
 .text.usart_init_rs232
                0x00000eee       0x7c ASF USART/hal/drivers/usart_megarf.o
                0x00000eee                usart_init_rs232
 .text.__vector_36
                0x00000f6a       0x54 ASF USART/hal/drivers/usart_megarf.o
                0x00000f6a                __vector_36
 .text.appUpdateTimerHandler
                0x00000fbe       0x12 device.o
 .text.WDT_Init
                0x00000fd0       0x1c device.o
                0x00000fd0                WDT_Init
 .text.main     0x00000fec       0x56 device.o
                0x00000fec                main
 .text.__vector_1
                0x00001042       0x5a PNE EXT INT/hal/drivers/ext_int_megarf.o
                0x00001042                __vector_1
 .text.__vector_2
                0x0000109c       0x5a PNE EXT INT/hal/drivers/ext_int_megarf.o
                0x0000109c                __vector_2
 .text.__vector_3
                0x000010f6       0x5a PNE EXT INT/hal/drivers/ext_int_megarf.o
                0x000010f6                __vector_3
 .text.__vector_4
                0x00001150       0x5a PNE EXT INT/hal/drivers/ext_int_megarf.o
                0x00001150                __vector_4
 .text.__vector_5
                0x000011aa       0x5a PNE EXT INT/hal/drivers/ext_int_megarf.o
                0x000011aa                __vector_5
 .text.__vector_6
                0x00001204       0x5a PNE EXT INT/hal/drivers/ext_int_megarf.o
                0x00001204                __vector_6
 .text.__vector_7
                0x0000125e       0x5a PNE EXT INT/hal/drivers/ext_int_megarf.o
                0x0000125e                __vector_7
 .text.__vector_8
                0x000012b8       0x5a PNE EXT INT/hal/drivers/ext_int_megarf.o
                0x000012b8                __vector_8
 .text.__vector_9
                0x00001312       0x5a PNE EXT INT/hal/drivers/ext_int_megarf.o
                0x00001312                __vector_9
 .text.__vector_10
                0x0000136c       0x5a PNE EXT INT/hal/drivers/ext_int_megarf.o
                0x0000136c                __vector_10
 .text.ext_int_pcint_clear_flag
                0x000013c6        0xc PNE EXT INT/hal/drivers/ext_int_megarf.o
                0x000013c6                ext_int_pcint_clear_flag
 .text.ext_int_pcint_enable
                0x000013d2       0x3e PNE EXT INT/hal/drivers/ext_int_megarf.o
                0x000013d2                ext_int_pcint_enable
 .text.ext_int_pcint_disable
                0x00001410       0x2c PNE EXT INT/hal/drivers/ext_int_megarf.o
                0x00001410                ext_int_pcint_disable
 .text.ext_int_pcint_init
                0x0000143c       0x2c PNE EXT INT/hal/drivers/ext_int_megarf.o
                0x0000143c                ext_int_pcint_init
 .text.ext_int_set_interrupt_callback
                0x00001468       0x90 PNE EXT INT/hal/drivers/ext_int_megarf.o
                0x00001468                ext_int_set_interrupt_callback
 .text.gpio_set
                0x000014f8       0x88 PNE GPIO/hal/drivers/gpio.o
                0x000014f8                gpio_set
 .text.gpio_clr
                0x00001580       0x92 PNE GPIO/hal/drivers/gpio.o
                0x00001580                gpio_clr
 .text.gpio_toggle
                0x00001612       0x88 PNE GPIO/hal/drivers/gpio.o
                0x00001612                gpio_toggle
 .text.gpio_in  0x0000169a       0xbc PNE GPIO/hal/drivers/gpio.o
                0x0000169a                gpio_in
 .text.gpio_out
                0x00001756       0x88 PNE GPIO/hal/drivers/gpio.o
                0x00001756                gpio_out
 .text.gpio_pullup
                0x000017de       0x88 PNE GPIO/hal/drivers/gpio.o
                0x000017de                gpio_pullup
 .text.gpio_read
                0x00001866       0x78 PNE GPIO/hal/drivers/gpio.o
                0x00001866                gpio_read
 .text.HAL_Init
                0x000018de       0x2a LwMesh/hal/atmega256rfr2/src/hal.o
                0x000018de                HAL_Init
 .text.HAL_Delay
                0x00001908        0x6 LwMesh/hal/atmega256rfr2/src/hal.o
                0x00001908                HAL_Delay
 .text.HAL_TimerInit
                0x0000190e       0x2a LwMesh/hal/atmega256rfr2/src/halTimer.o
                0x0000190e                HAL_TimerInit
 .text.HAL_TimerDelay
                0x00001938       0x44 LwMesh/hal/atmega256rfr2/src/halTimer.o
                0x00001938                HAL_TimerDelay
 .text.__vector_42
                0x0000197c       0x22 LwMesh/hal/atmega256rfr2/src/halTimer.o
                0x0000197c                __vector_42
 .text.NWK_Init
                0x0000199e       0x36 LwMesh/nwk/src/nwk.o
                0x0000199e                NWK_Init
 .text.NWK_SetAddr
                0x000019d4        0xe LwMesh/nwk/src/nwk.o
                0x000019d4                NWK_SetAddr
 .text.NWK_SetPanId
                0x000019e2        0xe LwMesh/nwk/src/nwk.o
                0x000019e2                NWK_SetPanId
 .text.NWK_OpenEndpoint
                0x000019f0       0x12 LwMesh/nwk/src/nwk.o
                0x000019f0                NWK_OpenEndpoint
 .text.NWK_TaskHandler
                0x00001a02        0xe LwMesh/nwk/src/nwk.o
                0x00001a02                NWK_TaskHandler
 .text.nwkDataReqTxConf
                0x00001a10       0x46 LwMesh/nwk/src/nwkDataReq.o
 .text.nwkDataReqInit
                0x00001a56        0xa LwMesh/nwk/src/nwkDataReq.o
                0x00001a56                nwkDataReqInit
 .text.NWK_DataReq
                0x00001a60       0x48 LwMesh/nwk/src/nwkDataReq.o
                0x00001a60                NWK_DataReq
 .text.nwkDataReqTaskHandler
                0x00001aa8      0x158 LwMesh/nwk/src/nwkDataReq.o
                0x00001aa8                nwkDataReqTaskHandler
 .text.nwkFrameInit
                0x00001c00       0x16 LwMesh/nwk/src/nwkFrame.o
                0x00001c00                nwkFrameInit
 .text.nwkFrameAlloc
                0x00001c16       0x72 LwMesh/nwk/src/nwkFrame.o
                0x00001c16                nwkFrameAlloc
 .text.nwkFrameFree
                0x00001c88       0x14 LwMesh/nwk/src/nwkFrame.o
                0x00001c88                nwkFrameFree
 .text.nwkFrameNext
                0x00001c9c       0x44 LwMesh/nwk/src/nwkFrame.o
                0x00001c9c                nwkFrameNext
 .text.nwkFrameCommandInit
                0x00001ce0       0x28 LwMesh/nwk/src/nwkFrame.o
                0x00001ce0                nwkFrameCommandInit
 .text.nwkRouteInit
                0x00001d08       0x3e LwMesh/nwk/src/nwkRoute.o
                0x00001d08                nwkRouteInit
 .text.NWK_RouteFindEntry
                0x00001d46       0x64 LwMesh/nwk/src/nwkRoute.o
                0x00001d46                NWK_RouteFindEntry
 .text.NWK_RouteNewEntry
                0x00001daa       0x52 LwMesh/nwk/src/nwkRoute.o
                0x00001daa                NWK_RouteNewEntry
 .text.NWK_RouteFreeEntry
                0x00001dfc       0x14 LwMesh/nwk/src/nwkRoute.o
                0x00001dfc                NWK_RouteFreeEntry
 .text.NWK_RouteNextHop
                0x00001e10       0x14 LwMesh/nwk/src/nwkRoute.o
                0x00001e10                NWK_RouteNextHop
 .text.nwkRouteUpdateEntry
                0x00001e24       0x48 LwMesh/nwk/src/nwkRoute.o
                0x00001e24                nwkRouteUpdateEntry
 .text.nwkRouteRemove
                0x00001e6c        0xa LwMesh/nwk/src/nwkRoute.o
                0x00001e6c                nwkRouteRemove
 .text.nwkRouteFrameReceived
                0x00001e76        0x2 LwMesh/nwk/src/nwkRoute.o
                0x00001e76                nwkRouteFrameReceived
 .text.nwkRouteFrameSent
                0x00001e78       0x8e LwMesh/nwk/src/nwkRoute.o
                0x00001e78                nwkRouteFrameSent
 .text.nwkRoutePrepareTx
                0x00001f06       0x46 LwMesh/nwk/src/nwkRoute.o
                0x00001f06                nwkRoutePrepareTx
 .text.nwkRouteFrame
                0x00001f4c       0x98 LwMesh/nwk/src/nwkRoute.o
                0x00001f4c                nwkRouteFrame
 .text.nwkRouteErrorReceived
                0x00001fe4       0x22 LwMesh/nwk/src/nwkRoute.o
                0x00001fe4                nwkRouteErrorReceived
 .text.nwkRouteDiscoveryFindEntry
                0x00002006       0x7a LwMesh/nwk/src/nwkRouteDiscovery.o
 .text.nwkRouteDiscoveryNewEntry
                0x00002080       0x7a LwMesh/nwk/src/nwkRouteDiscovery.o
 .text.nwkRouteDiscoveryTimerHandler
                0x000020fa      0x13e LwMesh/nwk/src/nwkRouteDiscovery.o
 .text.nwkRouteDiscoverySendRequest
                0x00002238       0x78 LwMesh/nwk/src/nwkRouteDiscovery.o
 .text.nwkRouteDiscoverySendReply
                0x000022b0       0x7e LwMesh/nwk/src/nwkRouteDiscovery.o
 .text.nwkRouteDiscoveryInit
                0x0000232e       0x38 LwMesh/nwk/src/nwkRouteDiscovery.o
                0x0000232e                nwkRouteDiscoveryInit
 .text.nwkRouteDiscoveryRequest
                0x00002366       0x6e LwMesh/nwk/src/nwkRouteDiscovery.o
                0x00002366                nwkRouteDiscoveryRequest
 .text.nwkRouteDiscoveryRequestReceived
                0x000023d4      0x110 LwMesh/nwk/src/nwkRouteDiscovery.o
                0x000023d4                nwkRouteDiscoveryRequestReceived
 .text.nwkRouteDiscoveryReplyReceived
                0x000024e4       0xba LwMesh/nwk/src/nwkRouteDiscovery.o
                0x000024e4                nwkRouteDiscoveryReplyReceived
 .text.nwkRxServiceDataInd
                0x0000259e       0x3e LwMesh/nwk/src/nwkRx.o
 .text.nwkRxDuplicateRejectionTimerHandler
                0x000025dc       0x2e LwMesh/nwk/src/nwkRx.o
 .text.nwkRxInit
                0x0000260a       0x3a LwMesh/nwk/src/nwkRx.o
                0x0000260a                nwkRxInit
 .text.PHY_DataInd
                0x00002644       0x56 LwMesh/nwk/src/nwkRx.o
                0x00002644                PHY_DataInd
 .text.nwkRxDecryptConf
                0x0000269a       0x14 LwMesh/nwk/src/nwkRx.o
                0x0000269a                nwkRxDecryptConf
 .text.nwkRxTaskHandler
                0x000026ae      0x4ae LwMesh/nwk/src/nwkRx.o
                0x000026ae                nwkRxTaskHandler
 .text.nwkSecurityInit
                0x00002b5c        0xe LwMesh/nwk/src/nwkSecurity.o
                0x00002b5c                nwkSecurityInit
 .text.NWK_SetSecurityKey
                0x00002b6a       0x12 LwMesh/nwk/src/nwkSecurity.o
                0x00002b6a                NWK_SetSecurityKey
 .text.nwkSecurityProcess
                0x00002b7c       0x1e LwMesh/nwk/src/nwkSecurity.o
                0x00002b7c                nwkSecurityProcess
 .text.SYS_EncryptConf
                0x00002b9a       0x7c LwMesh/nwk/src/nwkSecurity.o
                0x00002b9a                SYS_EncryptConf
 .text.nwkSecurityTaskHandler
                0x00002c16      0x1e0 LwMesh/nwk/src/nwkSecurity.o
                0x00002c16                nwkSecurityTaskHandler
 .text.nwkTxDelayTimerHandler
                0x00002df6       0x5a LwMesh/nwk/src/nwkTx.o
 .text.nwkTxAckWaitTimerHandler
                0x00002e50       0x66 LwMesh/nwk/src/nwkTx.o
 .text.nwkTxInit
                0x00002eb6       0x46 LwMesh/nwk/src/nwkTx.o
                0x00002eb6                nwkTxInit
 .text.nwkTxFrame
                0x00002efc       0xac LwMesh/nwk/src/nwkTx.o
                0x00002efc                nwkTxFrame
 .text.nwkTxBroadcastFrame
                0x00002fa8       0x8c LwMesh/nwk/src/nwkTx.o
                0x00002fa8                nwkTxBroadcastFrame
 .text.nwkTxAckReceived
                0x00003034       0x4a LwMesh/nwk/src/nwkTx.o
                0x00003034                nwkTxAckReceived
 .text.nwkTxConfirm
                0x0000307e        0xe LwMesh/nwk/src/nwkTx.o
                0x0000307e                nwkTxConfirm
 .text.nwkTxEncryptConf
                0x0000308c        0x8 LwMesh/nwk/src/nwkTx.o
                0x0000308c                nwkTxEncryptConf
 .text.PHY_DataConf
                0x00003094       0x46 LwMesh/nwk/src/nwkTx.o
                0x00003094                PHY_DataConf
 .text.nwkTxTaskHandler
                0x000030da      0x148 LwMesh/nwk/src/nwkTx.o
                0x000030da                nwkTxTaskHandler
 .text.phySetChannel
                0x00003222       0x3c LwMesh/phy/atmegarfr2/src/phy.o
 .text.phyTrxSetState
                0x0000325e       0x24 LwMesh/phy/atmegarfr2/src/phy.o
 .text.phySetRxState
                0x00003282       0x18 LwMesh/phy/atmegarfr2/src/phy.o
 .text.PHY_SetRxState
                0x0000329a        0x8 LwMesh/phy/atmegarfr2/src/phy.o
                0x0000329a                PHY_SetRxState
 .text.PHY_SetChannel
                0x000032a2        0x8 LwMesh/phy/atmegarfr2/src/phy.o
                0x000032a2                PHY_SetChannel
 .text.PHY_SetPanId
                0x000032aa       0x24 LwMesh/phy/atmegarfr2/src/phy.o
                0x000032aa                PHY_SetPanId
 .text.PHY_SetShortAddr
                0x000032ce       0x24 LwMesh/phy/atmegarfr2/src/phy.o
                0x000032ce                PHY_SetShortAddr
 .text.PHY_DataReq
                0x000032f2       0x54 LwMesh/phy/atmegarfr2/src/phy.o
                0x000032f2                PHY_DataReq
 .text.PHY_RandomReq
                0x00003346       0x68 LwMesh/phy/atmegarfr2/src/phy.o
                0x00003346                PHY_RandomReq
 .text.PHY_Init
                0x000033ae       0x34 LwMesh/phy/atmegarfr2/src/phy.o
                0x000033ae                PHY_Init
 .text.PHY_EncryptReq
                0x000033e2       0x5e LwMesh/phy/atmegarfr2/src/phy.o
                0x000033e2                PHY_EncryptReq
 .text.PHY_TaskHandler
                0x00003440       0xf6 LwMesh/phy/atmegarfr2/src/phy.o
                0x00003440                PHY_TaskHandler
 .text.SYS_Init
                0x00003536       0x12 LwMesh/sys/src/sys.o
                0x00003536                SYS_Init
 .text.SYS_TaskHandler
                0x00003548        0xa LwMesh/sys/src/sys.o
                0x00003548                SYS_TaskHandler
 .text.SYS_EncryptReq
                0x00003552        0x6 LwMesh/sys/src/sysEncrypt.o
                0x00003552                SYS_EncryptReq
 .text.placeTimer
                0x00003558       0xc8 LwMesh/sys/src/sysTimer.o
 .text.SYS_TimerInit
                0x00003620        0xa LwMesh/sys/src/sysTimer.o
                0x00003620                SYS_TimerInit
 .text.SYS_TimerStop
                0x0000362a       0x7a LwMesh/sys/src/sysTimer.o
                0x0000362a                SYS_TimerStop
 .text.SYS_TimerStarted
                0x000036a4       0x34 LwMesh/sys/src/sysTimer.o
                0x000036a4                SYS_TimerStarted
 .text.SYS_TimerStart
                0x000036d8       0x16 LwMesh/sys/src/sysTimer.o
                0x000036d8                SYS_TimerStart
 .text.SYS_TimerTaskHandler
                0x000036ee       0xd6 LwMesh/sys/src/sysTimer.o
                0x000036ee                SYS_TimerTaskHandler
 .text.errorTimerStatusHandler
                0x000037c4       0x1c PNEWELS.o
 .text.appLEDIntervalTimerHandler
                0x000037e0        0x8 PNEWELS.o
 .text.appWPSActivationTimerHandler
                0x000037e8       0x4e PNEWELS.o
 .text.appWPSRequestTimerHandler
                0x00003836        0xa PNEWELS.o
 .text.errorTimerWpsHandler
                0x00003840       0x10 PNEWELS.o
 .text.appLEDTimerHandler
                0x00003850      0x10c PNEWELS.o
 .text.PNEWELSGpioInit
                0x0000395c      0x260 PNEWELS.o
                0x0000395c                PNEWELSGpioInit
 .text.pneOperationMode
                0x00003bbc      0x6c2 PNEWELS.o
                0x00003bbc                pneOperationMode
 .text.pneOutgoingData
                0x0000427e       0x26 PNEWELS.o
                0x0000427e                pneOutgoingData
 .text.manual_btn_handler
                0x000042a4       0x3c PNEWELS.o
                0x000042a4                manual_btn_handler
 .text.manual_btn_isr
                0x000042e0        0xa PNEWELS.o
 .text.pneGetStatus
                0x000042ea      0x250 PNEWELS.o
                0x000042ea                pneGetStatus
 .text.PNEWELSTaskHandler
                0x0000453a        0x8 PNEWELS.o
                0x0000453a                PNEWELSTaskHandler
 .text.pneIncomingData
                0x00004542      0x934 PNEWELS.o
                0x00004542                pneIncomingData
 .text.getUID   0x00004e76       0x34 PNEWELS.o
                0x00004e76                getUID
 .text.PNEWELSAppInit
                0x00004eaa      0x18e PNEWELS.o
                0x00004eaa                PNEWELSAppInit
 .text.systemFlag_check
                0x00005038       0x2c PNEWELSFactoryInit.o
                0x00005038                systemFlag_check
 .text.write_factory_default
                0x00005064       0x18 PNEWELSFactoryInit.o
                0x00005064                write_factory_default
 .text.factory_initialization
                0x0000507c       0x8a PNEWELSFactoryInit.o
                0x0000507c                factory_initialization
 .text.rf_init  0x00005106       0x38 PNEWELSRFInit.o
                0x00005106                rf_init
 .text.pne_delayms
                0x0000513e       0x28 pne_appDelay.o
                0x0000513e                pne_delayms
 .text.pne_APP_TwiInit
                0x00005166       0x54 pne_appTwi.o
                0x00005166                pne_APP_TwiInit
 .text.pne_APP_TwiSend
                0x000051ba       0xae pne_appTwi.o
                0x000051ba                pne_APP_TwiSend
 .text.pne_APP_TwiReceive
                0x00005268       0xb0 pne_appTwi.o
                0x00005268                pne_APP_TwiReceive
 .text.PNEWELSE2promWrite
                0x00005318       0x56 pne_appTwi.o
                0x00005318                PNEWELSE2promWrite
 .text.PNEWELSE2promRead
                0x0000536e       0x58 pne_appTwi.o
                0x0000536e                PNEWELSE2promRead
 .text.PNEWELSTemperatureRead
                0x000053c6       0x5c pne_appTwi.o
                0x000053c6                PNEWELSTemperatureRead
 .text.clre2prom
                0x00005422       0x38 pne_appTwi.o
                0x00005422                clre2prom
 .text.memoryCounter_init
                0x0000545a       0x2c pne_appTwi.o
                0x0000545a                memoryCounter_init
 .text.memoryCounter_save
                0x00005486        0x8 pne_appTwi.o
                0x00005486                memoryCounter_save
 .text.store    0x0000548e      0x974 pne_appTwi.o
                0x0000548e                store
 .text.send_usart_char
                0x00005e02       0x30 PNE_Factory.o
                0x00005e02                send_usart_char
 .text.pnewels_get_usart
                0x00005e32       0x78 PNE_Factory.o
                0x00005e32                pnewels_get_usart
 .text.int_to_ascii
                0x00005eaa       0x38 PNE_Factory.o
                0x00005eaa                int_to_ascii
 .text.optionSelect
                0x00005ee2       0x50 PNE_Factory.o
                0x00005ee2                optionSelect
 .text.configSelect
                0x00005f32       0x38 PNE_Factory.o
                0x00005f32                configSelect
 .text.send_usart_const_char
                0x00005f6a       0x30 PNE_Factory.o
                0x00005f6a                send_usart_const_char
 .text.send_operation_info
                0x00005f9a       0x14 PNE_Factory.o
                0x00005f9a                send_operation_info
 .text.config_read_input
                0x00005fae      0x10c PNE_Factory.o
                0x00005fae                config_read_input
 .text.pneConfiguration
                0x000060ba       0xa2 PNE_Factory.o
                0x000060ba                pneConfiguration
 .text.resetSelect
                0x0000615c       0x46 PNE_Factory.o
                0x0000615c                resetSelect
 .text.testMode
                0x000061a2      0xc0a PNE_Factory.o
                0x000061a2                testMode
 .text.dump_eeprom
                0x00006dac       0x56 PNE_Factory.o
                0x00006dac                dump_eeprom
 .text.readE2prom
                0x00006e02        0xe PNE_Factory.o
                0x00006e02                readE2prom
 .text.pneDisplayInfo
                0x00006e10      0x196 PNE_Factory.o
                0x00006e10                pneDisplayInfo
 .text.resetFlag
                0x00006fa6      0x108 PNE_Factory.o
                0x00006fa6                resetFlag
 .text.dump_log_file
                0x000070ae       0x5c PNE_Factory.o
                0x000070ae                dump_log_file
 .text.erase_memory
                0x0000710a        0xc PNE_Factory.o
                0x0000710a                erase_memory
 .text.writeE2prom
                0x00007116       0x1c PNE_Factory.o
                0x00007116                writeE2prom
 .text.battery_config
                0x00007132       0xf0 PNE_Factory.o
                0x00007132                battery_config
 .text.batterySelect
                0x00007222       0x3a PNE_Factory.o
                0x00007222                batterySelect
 .text.factory_mode
                0x0000725c      0x112 PNE_Factory.o
                0x0000725c                factory_mode
 .text.packet_data
                0x0000736e      0x224 pne_rf_processor.o
                0x0000736e                packet_data
 .text.reboot_to_rf
                0x00007592        0x2 pne_rf_processor.o
                0x00007592                reboot_to_rf
 .text.WPS_pairing
                0x00007594       0x48 pne_rf_processor.o
                0x00007594                WPS_pairing
 .text.send_to_rf
                0x000075dc      0x148 pne_rf_processor.o
                0x000075dc                send_to_rf
 .text.status_send_to_rf
                0x00007724       0x4c pne_rf_processor.o
                0x00007724                status_send_to_rf
 .text.emergency_on_to_rf
                0x00007770       0x14 pne_rf_processor.o
                0x00007770                emergency_on_to_rf
 .text.emergency_off_to_rf
                0x00007784       0x12 pne_rf_processor.o
                0x00007784                emergency_off_to_rf
 .text.eeprom_to_rf
                0x00007796       0x56 pne_rf_processor.o
                0x00007796                eeprom_to_rf
 .text.eeprom_byte_to_rf
                0x000077ec       0x68 pne_rf_processor.o
                0x000077ec                eeprom_byte_to_rf
 .text.error_to_rf
                0x00007854      0x106 pne_rf_processor.o
                0x00007854                error_to_rf
 .text.pend_to_rf
                0x0000795a       0x26 pne_rf_processor.o
                0x0000795a                pend_to_rf
 .text.time_to_rf
                0x00007980       0x10 pne_rf_processor.o
                0x00007980                time_to_rf
 .text.clr_rom_to_rf
                0x00007990       0x12 pne_rf_processor.o
                0x00007990                clr_rom_to_rf
 .text.info_to_rf
                0x000079a2       0x48 pne_rf_processor.o
                0x000079a2                info_to_rf
 .text.change_id_to_rf
                0x000079ea       0x68 pne_rf_processor.o
                0x000079ea                change_id_to_rf
 .text.write_to_rf
                0x00007a52       0x56 pne_rf_processor.o
                0x00007a52                write_to_rf
 .text.battery_threshold_to_rf
                0x00007aa8       0x2c pne_rf_processor.o
                0x00007aa8                battery_threshold_to_rf
 .text.last_1_log
                0x00007ad4       0x98 pne_rf_processor.o
                0x00007ad4                last_1_log
 .text.last_2_log
                0x00007b6c       0x98 pne_rf_processor.o
                0x00007b6c                last_2_log
 .text.test_completed
                0x00007c04       0xe6 pne_rf_processor.o
                0x00007c04                test_completed
 .text.dump_log_to_rf
                0x00007cea       0x58 pne_rf_processor.o
                0x00007cea                dump_log_to_rf
 .text.stress_test
                0x00007d42       0x4a pne_rf_processor.o
                0x00007d42                stress_test
 .text.request_to_RF
                0x00007d8c       0x24 pne_rf_processor.o
                0x00007d8c                request_to_RF
 .text.sos_to_RF
                0x00007db0       0x24 pne_rf_processor.o
                0x00007db0                sos_to_RF
 .text.WPS_OK_Alert
                0x00007dd4        0x8 pne_rf_processor.o
                0x00007dd4                WPS_OK_Alert
 .text.crc_verify
                0x00007ddc       0x58 pne_rf_processor.o
                0x00007ddc                crc_verify
 .text.ascii_to_hex
                0x00007e34       0x26 pne_rf_processor.o
                0x00007e34                ascii_to_hex
 .text.fatal_error_to_rf
                0x00007e5a       0x5c pne_rf_processor.o
                0x00007e5a                fatal_error_to_rf
 .text.__vector_23
                0x00007eb6       0x5c UserApp/appPNEWELS_time/src/appPNEWELSTime2.o
                0x00007eb6                __vector_23
 .text.__vector_15
                0x00007f12       0x4a UserApp/appPNEWELS_time/src/appPNEWELSTime2.o
                0x00007f12                __vector_15
 .text.timer2_init
                0x00007f5c       0x44 UserApp/appPNEWELS_time/src/appPNEWELSTime2.o
                0x00007f5c                timer2_init
 .text.set_timestamp
                0x00007fa0       0x12 UserApp/appPNEWELS_time/src/appPNEWELSTime2.o
                0x00007fa0                set_timestamp
 .text.get_timestamp
                0x00007fb2       0x12 UserApp/appPNEWELS_time/src/appPNEWELSTime2.o
                0x00007fb2                get_timestamp
 .text.pneBatteryAverage_init
                0x00007fc4       0x54 UserApp/battery/appBattery.o
                0x00007fc4                pneBatteryAverage_init
 .text.pneBatteryAverage
                0x00008018       0x72 UserApp/battery/appBattery.o
                0x00008018                pneBatteryAverage
 .text.reflect  0x0000808a       0x7e UserApp/crc/crc.o
 .text.crcInit  0x00008108       0x3a UserApp/crc/crc.o
                0x00008108                crcInit
 .text.crcFast  0x00008142       0x6e UserApp/crc/crc.o
                0x00008142                crcFast
 .text.md5_process
                0x000081b0     0x231c UserApp/signature/pnesign.o
 .text.md5_starts
                0x0000a4cc       0x54 UserApp/signature/pnesign.o
                0x0000a4cc                md5_starts
 .text.md5_update
                0x0000a520      0x116 UserApp/signature/pnesign.o
                0x0000a520                md5_update
 .text.md5_finish
                0x0000a636      0x188 UserApp/signature/pnesign.o
                0x0000a636                md5_finish
 .text.md5      0x0000a7be       0x72 UserApp/signature/pnesign.o
                0x0000a7be                md5
 .text.md5_hmac_starts
                0x0000a830      0x120 UserApp/signature/pnesign.o
                0x0000a830                md5_hmac_starts
 .text.md5_hmac_finish
                0x0000a950       0x7a UserApp/signature/pnesign.o
                0x0000a950                md5_hmac_finish
 .text.md5_hmac
                0x0000a9ca       0x72 UserApp/signature/pnesign.o
                0x0000a9ca                md5_hmac
 .text.pnesign  0x0000aa3c       0x5e UserApp/signature/pnesign.o
                0x0000aa3c                pnesign
 .text.libgcc.div
                0x0000aa9a       0x26 h:/program files (x86)/atmel/studio/7.0/toolchain/avr8/avr8-gnu-toolchain/bin/../lib/gcc/avr/4.9.2/avr6\libgcc.a(_divmodhi4.o)
                0x0000aa9a                _div
                0x0000aa9a                __divmodhi4
 .text.libgcc.div
                0x0000aac0       0x44 h:/program files (x86)/atmel/studio/7.0/toolchain/avr8/avr8-gnu-toolchain/bin/../lib/gcc/avr/4.9.2/avr6\libgcc.a(_udivmodsi4.o)
                0x0000aac0                __udivmodsi4
 .text.libgcc   0x0000ab04       0x10 h:/program files (x86)/atmel/studio/7.0/toolchain/avr8/avr8-gnu-toolchain/bin/../lib/gcc/avr/4.9.2/avr6\libgcc.a(_tablejump2.o)
                0x0000ab04                __tablejump2__
 .text.libgcc.mul
                0x0000ab14       0x1e h:/program files (x86)/atmel/studio/7.0/toolchain/avr8/avr8-gnu-toolchain/bin/../lib/gcc/avr/4.9.2/avr6\libgcc.a(_umulhisi3.o)
                0x0000ab14                __umulhisi3
 .text.libgcc.mul
                0x0000ab32        0xc h:/program files (x86)/atmel/studio/7.0/toolchain/avr8/avr8-gnu-toolchain/bin/../lib/gcc/avr/4.9.2/avr6\libgcc.a(_usmulhisi3.o)
                0x0000ab32                __usmulhisi3
                0x0000ab34                __usmulhisi3_tail
 .text.libgcc.mul
                0x0000ab3e        0xc h:/program files (x86)/atmel/studio/7.0/toolchain/avr8/avr8-gnu-toolchain/bin/../lib/gcc/avr/4.9.2/avr6\libgcc.a(_mulshisi3.o)
                0x0000ab3e                __mulshisi3
                0x0000ab42                __mulohisi3
 .text.libgcc.div
                0x0000ab4a       0x28 h:/program files (x86)/atmel/studio/7.0/toolchain/avr8/avr8-gnu-toolchain/bin/../lib/gcc/avr/4.9.2/avr6\libgcc.a(_udivmodhi4.o)
                0x0000ab4a                __udivmodhi4
 .text.libgcc.mul
                0x0000ab72       0x14 h:/program files (x86)/atmel/studio/7.0/toolchain/avr8/avr8-gnu-toolchain/bin/../lib/gcc/avr/4.9.2/avr6\libgcc.a(_muluhisi3.o)
                0x0000ab72                __muluhisi3
 .text.avr-libc
                0x0000ab86       0xaa h:/program files (x86)/atmel/studio/7.0/toolchain/avr8/avr8-gnu-toolchain/bin/../lib/gcc/avr/4.9.2/../../../../avr/lib/avr6\libc.a(rand.o)
                0x0000ac12                rand_r
                0x0000ac14                rand
                0x0000ac1a                srand
 .text.avr-libc
                0x0000ac30       0x1a h:/program files (x86)/atmel/studio/7.0/toolchain/avr8/avr8-gnu-toolchain/bin/../lib/gcc/avr/4.9.2/../../../../avr/lib/avr6\libc.a(memcmp.o)
                0x0000ac30                memcmp
 .text.avr-libc
                0x0000ac4a       0x12 h:/program files (x86)/atmel/studio/7.0/toolchain/avr8/avr8-gnu-toolchain/bin/../lib/gcc/avr/4.9.2/../../../../avr/lib/avr6\libc.a(memcpy.o)
                0x0000ac4a                memcpy
 .text.avr-libc
                0x0000ac5c        0xe h:/program files (x86)/atmel/studio/7.0/toolchain/avr8/avr8-gnu-toolchain/bin/../lib/gcc/avr/4.9.2/../../../../avr/lib/avr6\libc.a(memset.o)
                0x0000ac5c                memset
 .text.libgcc.div
                0x0000ac6a       0x28 h:/program files (x86)/atmel/studio/7.0/toolchain/avr8/avr8-gnu-toolchain/bin/../lib/gcc/avr/4.9.2/avr6\libgcc.a(_divmodsi4.o)
                0x0000ac6a                __divmodsi4
 .text.libgcc.div
                0x0000ac92       0x10 h:/program files (x86)/atmel/studio/7.0/toolchain/avr8/avr8-gnu-toolchain/bin/../lib/gcc/avr/4.9.2/avr6\libgcc.a(_negsi2.o)
                0x0000ac92                __negsi2
                0x0000aca2                . = ALIGN (0x2)
 *(.fini9)
 .fini9         0x0000aca2        0x0 h:/program files (x86)/atmel/studio/7.0/toolchain/avr8/avr8-gnu-toolchain/bin/../lib/gcc/avr/4.9.2/avr6\libgcc.a(_exit.o)
                0x0000aca2                _exit
                0x0000aca2                exit
 *(.fini9)
 *(.fini8)
 *(.fini8)
 *(.fini7)
 *(.fini7)
 *(.fini6)
 *(.fini6)
 *(.fini5)
 *(.fini5)
 *(.fini4)
 *(.fini4)
 *(.fini3)
 *(.fini3)
 *(.fini2)
 *(.fini2)
 *(.fini1)
 *(.fini1)
 *(.fini0)
 .fini0         0x0000aca2        0x4 h:/program files (x86)/atmel/studio/7.0/toolchain/avr8/avr8-gnu-toolchain/bin/../lib/gcc/avr/4.9.2/avr6\libgcc.a(_exit.o)
 *(.fini0)
                0x0000aca6                _etext = .

.data           0x00800200      0x7b6 load address 0x0000aca6
                0x00800200                PROVIDE (__data_start, .)
 *(.data)
 .data          0x00800200        0x4 h:/program files (x86)/atmel/studio/7.0/toolchain/avr8/avr8-gnu-toolchain/bin/../lib/gcc/avr/4.9.2/../../../../avr/lib/avr6\libc.a(rand.o)
 *(.data*)
 .data.USART_SERIAL_OPTIONS.3369
                0x00800204        0x7 PNEWELS.o
 *(.rodata)
 *(.rodata*)
 .rodata.str1.1
                0x0080020b       0x1d appIb.o
 .rodata.str1.1
                0x00800228       0x11 appNwk.o
 .rodata.str1.1
                0x00800239        0x7 appVerify.o
 .rodata.str1.1
                0x00800240      0x100 PNEWELS.o
                                0x105 (size before relaxing)
 .rodata.str1.1
                0x00800340      0x520 PNE_Factory.o
                                0x548 (size before relaxing)
 .rodata.batteryMAX_display
                0x00800860       0x16 PNE_Factory.o
 .rodata.batteryLOW_display
                0x00800876       0x16 PNE_Factory.o
 .rodata.devicePAN_display
                0x0080088c        0xe PNE_Factory.o
 .rodata.deviceCH_display
                0x0080089a        0xf PNE_Factory.o
 .rodata.deviceADDR_display
                0x008008a9        0xf PNE_Factory.o
 .rodata.str1.1
                0x008008b8       0xbd pne_rf_processor.o
                                0x11e (size before relaxing)
 .rodata.md5_padding
                0x00800975       0x40 UserApp/signature/pnesign.o
 *(.gnu.linkonce.d*)
                0x008009b6                . = ALIGN (0x2)
 *fill*         0x008009b5        0x1 
                0x008009b6                _edata = .
                0x008009b6                PROVIDE (__data_end, .)

.bss            0x008009b6     0x20fd
                0x008009b6                PROVIDE (__bss_start, .)
 *(.bss)
 *(.bss*)
 .bss.appNwkBuffer
                0x008009b6      0xa14 appNwk.o
 .bss.twi_mode  0x008013ca        0x1 ASF TWI/twi_megarf.o
 .bss.twi_master_busy
                0x008013cb        0x1 ASF TWI/twi_megarf.o
 .bss.slave_transfer
                0x008013cc        0x7 ASF TWI/twi_megarf.o
 .bss.master_transfer
                0x008013d3        0x8 ASF TWI/twi_megarf.o
 .bss.appUpdateTimer
                0x008013db        0xd device.o
 .bss.ext_int_pcint1_callback
                0x008013e8        0x2 PNE EXT INT/hal/drivers/ext_int_megarf.o
 .bss.ext_int_pcint0_callback
                0x008013ea        0x2 PNE EXT INT/hal/drivers/ext_int_megarf.o
 .bss.ext_int_int7_callback
                0x008013ec        0x2 PNE EXT INT/hal/drivers/ext_int_megarf.o
 .bss.ext_int_int6_callback
                0x008013ee        0x2 PNE EXT INT/hal/drivers/ext_int_megarf.o
 .bss.ext_int_int5_callback
                0x008013f0        0x2 PNE EXT INT/hal/drivers/ext_int_megarf.o
 .bss.ext_int_int4_callback
                0x008013f2        0x2 PNE EXT INT/hal/drivers/ext_int_megarf.o
 .bss.ext_int_int3_callback
                0x008013f4        0x2 PNE EXT INT/hal/drivers/ext_int_megarf.o
 .bss.ext_int_int2_callback
                0x008013f6        0x2 PNE EXT INT/hal/drivers/ext_int_megarf.o
 .bss.ext_int_int1_callback
                0x008013f8        0x2 PNE EXT INT/hal/drivers/ext_int_megarf.o
 .bss.ext_int_int0_callback
                0x008013fa        0x2 PNE EXT INT/hal/drivers/ext_int_megarf.o
 .bss.nwkDataReqQueue
                0x008013fc        0x2 LwMesh/nwk/src/nwkDataReq.o
 .bss.nwkFrameFrames
                0x008013fe      0xab4 LwMesh/nwk/src/nwkFrame.o
 .bss.nwkRouteTable
                0x00801eb2      0x6f9 LwMesh/nwk/src/nwkRoute.o
 .bss.nwkRouteDiscoveryTimer
                0x008025ab        0xd LwMesh/nwk/src/nwkRouteDiscovery.o
 .bss.nwkRouteDiscoveryTable
                0x008025b8       0x37 LwMesh/nwk/src/nwkRouteDiscovery.o
 .bss.nwkRxDuplicateRejectionTimer
                0x008025ef        0xd LwMesh/nwk/src/nwkRx.o
 .bss.nwkRxAckControl
                0x008025fc        0x1 LwMesh/nwk/src/nwkRx.o
 .bss.nwkRxDuplicateRejectionTable
                0x008025fd       0x32 LwMesh/nwk/src/nwkRx.o
 .bss.nwkSecurityVector
                0x0080262f       0x10 LwMesh/nwk/src/nwkSecurity.o
 .bss.nwkSecurityEncrypt
                0x0080263f        0x1 LwMesh/nwk/src/nwkSecurity.o
 .bss.nwkSecurityOffset
                0x00802640        0x1 LwMesh/nwk/src/nwkSecurity.o
 .bss.nwkSecuritySize
                0x00802641        0x1 LwMesh/nwk/src/nwkSecurity.o
 .bss.nwkSecurityActiveFrame
                0x00802642        0x2 LwMesh/nwk/src/nwkSecurity.o
 .bss.nwkSecurityActiveFrames
                0x00802644        0x1 LwMesh/nwk/src/nwkSecurity.o
 .bss.nwkTxDelayTimer
                0x00802645        0xd LwMesh/nwk/src/nwkTx.o
 .bss.nwkTxAckWaitTimer
                0x00802652        0xd LwMesh/nwk/src/nwkTx.o
 .bss.nwkTxPhyActiveFrame
                0x0080265f        0x2 LwMesh/nwk/src/nwkTx.o
 .bss.phyBand   0x00802661        0x1 LwMesh/phy/atmegarfr2/src/phy.o
 .bss.phyChannel
                0x00802662        0x1 LwMesh/phy/atmegarfr2/src/phy.o
 .bss.phyRxState
                0x00802663        0x1 LwMesh/phy/atmegarfr2/src/phy.o
 .bss.phyRxBuffer
                0x00802664       0x80 LwMesh/phy/atmegarfr2/src/phy.o
 .bss.phyState  0x008026e4        0x1 LwMesh/phy/atmegarfr2/src/phy.o
 .bss.timers    0x008026e5        0x2 LwMesh/sys/src/sysTimer.o
 .bss.UID       0x008026e7       0x10 PNEWELS.o
                0x008026e7                UID
 .bss.data_to_rf
                0x008026f7       0x64 pne_rf_processor.o
                0x008026f7                data_to_rf
 .bss.data_pack_3
                0x0080275b        0x1 pne_rf_processor.o
                0x0080275b                data_pack_3
 .bss.data_pack_2
                0x0080275c        0x1 pne_rf_processor.o
                0x0080275c                data_pack_2
 .bss.data_pack_1
                0x0080275d        0x1 pne_rf_processor.o
                0x0080275d                data_pack_1
 .bss.count     0x0080275e        0x1 UserApp/appPNEWELS_time/src/appPNEWELSTime2.o
                0x0080275e                count
 .bss.timestamp_internal
                0x0080275f        0x4 UserApp/appPNEWELS_time/src/appPNEWELSTime2.o
                0x0080275f                timestamp_internal
 *(COMMON)
 COMMON         0x00802763      0x10d appIb.o
                0x00802763                batt_max
                0x00802764                LED_flag
                0x00802765                INPUT_LED_DRV1
                0x00802768                reset_cache
                0x00802769                PNEWELS_Buffer
                0x00802791                wps_send_flag
                0x00802792                data_update_flag
                0x00802793                OUT_LED_CH0
                0x00802796                error_timer_wps
                0x008027a3                WPS_BTN
                0x008027a6                TEMP_ALRT
                0x008027a9                factory_command
                0x008027aa                flag
                0x008027ab                config_state
                0x008027ac                button
                0x008027ad                battery_option_flag
                0x008027ae                reset_option_flag
                0x008027af                INPUT_LED_CH2
                0x008027b2                STATUS_LED_1
                0x008027b5                wps_flag
                0x008027b6                EMER_LIGHT_EN
                0x008027b9                reboot_countdown
                0x008027bb                error_count_wps
                0x008027bc                INPUT_LED_DRV2
                0x008027bf                operation_seq
                0x008027c0                option_select
                0x008027c1                error_timer_status
                0x008027ce                count_usart
                0x008027cf                debouncing_delay
                0x008027d0                countdown
                0x008027d2                initialize_flag
                0x008027d3                error_count_status
                0x008027d4                STATUS_LED_2
                0x008027d7                appLEDIntervalTimer
                0x008027e4                configuration_flag
                0x008027e5                address_low
                0x008027e6                CHARGING_DISABLE
                0x008027e9                address_high
                0x008027ea                rf_flag
                0x008027eb                commamd
                0x008027f8                status_report_flag
                0x008027f9                FACTORY_BTN
                0x008027fc                installation_flag
                0x008027fd                appLEDTimer
                0x0080280a                MANUAL_BTN
                0x0080280d                INPUT_LED_DRV0
                0x00802810                config_waiting_input
                0x00802811                appIb
                0x0080283b                reset_state
                0x0080283c                battery_low_once
                0x0080283d                usart_state
                0x0080283e                appWPSActivationTimer
                0x0080284b                WPS_STATUS
                0x0080284c                VCHARGE_STAT
                0x0080284f                appWPSRequestTimer
                0x0080285c                INPUT_LED_CH1
                0x0080285f                do_once
                0x00802860                batt_low
                0x00802861                AC_STAT
                0x00802864                factory_state
                0x00802865                device_flag
                0x00802866                battery_state
                0x00802867                OUT_LED_CH1
                0x0080286a                interrupt_flag
                0x0080286b                battery_cache
                0x0080286c                config_command
                0x0080286d                OUT_LED_CH2
 COMMON         0x00802870        0x3 ASF USART/hal/drivers/usart_megarf.o
                0x00802870                current_state_emergency_light
                0x00802871                memory_address_incr
 COMMON         0x00802873        0x1 LwMesh/hal/atmega256rfr2/src/halTimer.o
                0x00802873                halTimerIrqCount
 COMMON         0x00802874       0x38 LwMesh/nwk/src/nwk.o
                0x00802874                nwkIb
 COMMON         0x008028ac        0x7 PNEWELS.o
                0x008028ac                battery_average
                0x008028b1                signatureVerify
                0x008028b2                battery_counter
 COMMON         0x008028b3      0x200 UserApp/crc/crc.o
                0x008028b3                crcTable
                0x00802ab3                PROVIDE (__bss_end, .)
                0x0000aca6                __data_load_start = LOADADDR (.data)
                0x0000b45c                __data_load_end = (__data_load_start + SIZEOF (.data))

.noinit         0x00802ab3        0x0
                [!provide]                PROVIDE (__noinit_start, .)
 *(.noinit*)
                [!provide]                PROVIDE (__noinit_end, .)
                0x00802ab3                _end = .
                [!provide]                PROVIDE (__heap_start, .)

.eeprom         0x00810000        0x0
 *(.eeprom*)
                0x00810000                __eeprom_end = .

.fuse           0x00820000        0x3
 *(.fuse)
 .fuse          0x00820000        0x3 device.o
                0x00820000                __fuse
 *(.lfuse)
 *(.hfuse)
 *(.efuse)

.lock
 *(.lock*)

.signature
 *(.signature*)

.user_signatures
 *(.user_signatures*)

.stab
 *(.stab)

.stabstr
 *(.stabstr)

.stab.excl
 *(.stab.excl)

.stab.exclstr
 *(.stab.exclstr)

.stab.index
 *(.stab.index)

.stab.indexstr
 *(.stab.indexstr)

.comment        0x00000000       0x60
 *(.comment)
 .comment       0x00000000       0x30 appEeprom.o
                                 0x31 (size before relaxing)
 .comment       0x00000030       0x31 appIb.o
 .comment       0x00000030       0x31 appNwk.o
 .comment       0x00000030       0x31 appVerify.o
 .comment       0x00000030       0x30 ASF TWI/twi_megarf.o
                                 0x31 (size before relaxing)
 .comment       0x00000060       0x31 ASF USART/hal/drivers/usart_megarf.o
 .comment       0x00000060       0x31 device.o
 .comment       0x00000060       0x31 PNE EXT INT/hal/drivers/ext_int_megarf.o
 .comment       0x00000060       0x31 PNE GPIO/hal/drivers/gpio.o
 .comment       0x00000060       0x31 LwMesh/hal/atmega256rfr2/src/hal.o
 .comment       0x00000060       0x31 LwMesh/hal/atmega256rfr2/src/halTimer.o
 .comment       0x00000060       0x31 LwMesh/nwk/src/nwk.o
 .comment       0x00000060       0x31 LwMesh/nwk/src/nwkDataReq.o
 .comment       0x00000060       0x31 LwMesh/nwk/src/nwkFrame.o
 .comment       0x00000060       0x31 LwMesh/nwk/src/nwkRoute.o
 .comment       0x00000060       0x31 LwMesh/nwk/src/nwkRouteDiscovery.o
 .comment       0x00000060       0x31 LwMesh/nwk/src/nwkRx.o
 .comment       0x00000060       0x31 LwMesh/nwk/src/nwkSecurity.o
 .comment       0x00000060       0x31 LwMesh/nwk/src/nwkTx.o
 .comment       0x00000060       0x31 LwMesh/phy/atmegarfr2/src/phy.o
 .comment       0x00000060       0x31 LwMesh/sys/src/sys.o
 .comment       0x00000060       0x31 LwMesh/sys/src/sysEncrypt.o
 .comment       0x00000060       0x31 LwMesh/sys/src/sysTimer.o
 .comment       0x00000060       0x31 PNEWELS.o
 .comment       0x00000060       0x31 PNEWELSFactoryInit.o
 .comment       0x00000060       0x31 PNEWELSRFInit.o
 .comment       0x00000060       0x31 pne_appDelay.o
 .comment       0x00000060       0x31 pne_appTwi.o
 .comment       0x00000060       0x31 PNE_Factory.o
 .comment       0x00000060       0x31 pne_rf_processor.o
 .comment       0x00000060       0x31 UserApp/appPNEWELS_time/src/appPNEWELSTime2.o
 .comment       0x00000060       0x31 UserApp/battery/appBattery.o
 .comment       0x00000060       0x31 UserApp/crc/crc.o
 .comment       0x00000060       0x31 UserApp/signature/pnesign.o
 .comment       0x00000060       0x31 h:/program files (x86)/atmel/studio/7.0/toolchain/avr8/avr8-gnu-toolchain/bin/../lib/gcc/avr/4.9.2/../../../../avr/lib/avr6\libc.a(rand.o)

.note.gnu.avr.deviceinfo
                0x00000000       0x44
 .note.gnu.avr.deviceinfo
                0x00000000       0x44 H:/Program Files (x86)/Atmel/Studio/7.0/Packs/atmel/ATmega_DFP/1.0.106/gcc/dev/atmega2564rfr2/avr6/crtatmega2564rfr2.o

.note.gnu.build-id
 *(.note.gnu.build-id)

.debug
 *(.debug)

.line
 *(.line)

.debug_srcinfo
 *(.debug_srcinfo)

.debug_sfnames
 *(.debug_sfnames)

.debug_aranges  0x00000000      0xb80
 *(.debug_aranges)
 .debug_aranges
                0x00000000       0x38 appEeprom.o
 .debug_aranges
                0x00000038       0x38 appIb.o
 .debug_aranges
                0x00000070       0x48 appNwk.o
 .debug_aranges
                0x000000b8       0x28 appVerify.o
 .debug_aranges
                0x000000e0       0x70 ASF TWI/twi_megarf.o
 .debug_aranges
                0x00000150       0x48 ASF USART/hal/drivers/usart_megarf.o
 .debug_aranges
                0x00000198       0x30 device.o
 .debug_aranges
                0x000001c8       0xb8 PNE EXT INT/hal/drivers/ext_int_megarf.o
 .debug_aranges
                0x00000280       0x58 PNE GPIO/hal/drivers/gpio.o
 .debug_aranges
                0x000002d8       0x28 LwMesh/hal/atmega256rfr2/src/hal.o
 .debug_aranges
                0x00000300       0x30 LwMesh/hal/atmega256rfr2/src/halTimer.o
 .debug_aranges
                0x00000330       0x70 LwMesh/nwk/src/nwk.o
 .debug_aranges
                0x000003a0       0x38 LwMesh/nwk/src/nwkDataReq.o
 .debug_aranges
                0x000003d8       0x40 LwMesh/nwk/src/nwkFrame.o
 .debug_aranges
                0x00000418       0x80 LwMesh/nwk/src/nwkRoute.o
 .debug_aranges
                0x00000498       0x60 LwMesh/nwk/src/nwkRouteDiscovery.o
 .debug_aranges
                0x000004f8       0x50 LwMesh/nwk/src/nwkRx.o
 .debug_aranges
                0x00000548       0x40 LwMesh/nwk/src/nwkSecurity.o
 .debug_aranges
                0x00000588       0x68 LwMesh/nwk/src/nwkTx.o
 .debug_aranges
                0x000005f0       0x98 LwMesh/phy/atmegarfr2/src/phy.o
 .debug_aranges
                0x00000688       0x28 LwMesh/sys/src/sys.o
 .debug_aranges
                0x000006b0       0x20 LwMesh/sys/src/sysEncrypt.o
 .debug_aranges
                0x000006d0       0x48 LwMesh/sys/src/sysTimer.o
 .debug_aranges
                0x00000718       0xa0 PNEWELS.o
 .debug_aranges
                0x000007b8       0x30 PNEWELSFactoryInit.o
 .debug_aranges
                0x000007e8       0x20 PNEWELSRFInit.o
 .debug_aranges
                0x00000808       0x20 pne_appDelay.o
 .debug_aranges
                0x00000828       0x68 pne_appTwi.o
 .debug_aranges
                0x00000890       0xc8 PNE_Factory.o
 .debug_aranges
                0x00000958      0x108 pne_rf_processor.o
 .debug_aranges
                0x00000a60       0x50 UserApp/appPNEWELS_time/src/appPNEWELSTime2.o
 .debug_aranges
                0x00000ab0       0x28 UserApp/battery/appBattery.o
 .debug_aranges
                0x00000ad8       0x38 UserApp/crc/crc.o
 .debug_aranges
                0x00000b10       0x70 UserApp/signature/pnesign.o

.debug_pubnames
 *(.debug_pubnames)

.debug_info     0x00000000    0x17fb5
 *(.debug_info .gnu.linkonce.wi.*)
 .debug_info    0x00000000      0x230 appEeprom.o
 .debug_info    0x00000230      0xfea appIb.o
 .debug_info    0x0000121a      0xdcb appNwk.o
 .debug_info    0x00001fe5      0x65d appVerify.o
 .debug_info    0x00002642      0xad8 ASF TWI/twi_megarf.o
 .debug_info    0x0000311a      0xbe3 ASF USART/hal/drivers/usart_megarf.o
 .debug_info    0x00003cfd      0x9f6 device.o
 .debug_info    0x000046f3      0x674 PNE EXT INT/hal/drivers/ext_int_megarf.o
 .debug_info    0x00004d67      0x3b9 PNE GPIO/hal/drivers/gpio.o
 .debug_info    0x00005120      0x128 LwMesh/hal/atmega256rfr2/src/hal.o
 .debug_info    0x00005248       0xe4 LwMesh/hal/atmega256rfr2/src/halTimer.o
 .debug_info    0x0000532c      0x53f LwMesh/nwk/src/nwk.o
 .debug_info    0x0000586b      0x7ea LwMesh/nwk/src/nwkDataReq.o
 .debug_info    0x00006055      0x5b7 LwMesh/nwk/src/nwkFrame.o
 .debug_info    0x0000660c      0xab6 LwMesh/nwk/src/nwkRoute.o
 .debug_info    0x000070c2      0xd7a LwMesh/nwk/src/nwkRouteDiscovery.o
 .debug_info    0x00007e3c      0xdb5 LwMesh/nwk/src/nwkRx.o
 .debug_info    0x00008bf1      0x789 LwMesh/nwk/src/nwkSecurity.o
 .debug_info    0x0000937a      0xb08 LwMesh/nwk/src/nwkTx.o
 .debug_info    0x00009e82      0x95a LwMesh/phy/atmegarfr2/src/phy.o
 .debug_info    0x0000a7dc      0x165 LwMesh/sys/src/sys.o
 .debug_info    0x0000a941      0x12d LwMesh/sys/src/sysEncrypt.o
 .debug_info    0x0000aa6e      0x341 LwMesh/sys/src/sysTimer.o
 .debug_info    0x0000adaf     0x2db6 PNEWELS.o
 .debug_info    0x0000db65      0xf57 PNEWELSFactoryInit.o
 .debug_info    0x0000eabc      0xd44 PNEWELSRFInit.o
 .debug_info    0x0000f800       0xbc pne_appDelay.o
 .debug_info    0x0000f8bc     0x1c0f pne_appTwi.o
 .debug_info    0x000114cb     0x2b18 PNE_Factory.o
 .debug_info    0x00013fe3     0x244a pne_rf_processor.o
 .debug_info    0x0001642d      0x2cd UserApp/appPNEWELS_time/src/appPNEWELSTime2.o
 .debug_info    0x000166fa      0x726 UserApp/battery/appBattery.o
 .debug_info    0x00016e20      0x23d UserApp/crc/crc.o
 .debug_info    0x0001705d      0xf58 UserApp/signature/pnesign.o

.debug_abbrev   0x00000000     0x446b
 *(.debug_abbrev)
 .debug_abbrev  0x00000000      0x10c appEeprom.o
 .debug_abbrev  0x0000010c      0x1aa appIb.o
 .debug_abbrev  0x000002b6      0x22c appNwk.o
 .debug_abbrev  0x000004e2      0x13d appVerify.o
 .debug_abbrev  0x0000061f      0x2ce ASF TWI/twi_megarf.o
 .debug_abbrev  0x000008ed      0x201 ASF USART/hal/drivers/usart_megarf.o
 .debug_abbrev  0x00000aee      0x1ee device.o
 .debug_abbrev  0x00000cdc      0x209 PNE EXT INT/hal/drivers/ext_int_megarf.o
 .debug_abbrev  0x00000ee5      0x106 PNE GPIO/hal/drivers/gpio.o
 .debug_abbrev  0x00000feb       0xda LwMesh/hal/atmega256rfr2/src/hal.o
 .debug_abbrev  0x000010c5       0xaa LwMesh/hal/atmega256rfr2/src/halTimer.o
 .debug_abbrev  0x0000116f      0x1c7 LwMesh/nwk/src/nwk.o
 .debug_abbrev  0x00001336      0x2bd LwMesh/nwk/src/nwkDataReq.o
 .debug_abbrev  0x000015f3      0x192 LwMesh/nwk/src/nwkFrame.o
 .debug_abbrev  0x00001785      0x341 LwMesh/nwk/src/nwkRoute.o
 .debug_abbrev  0x00001ac6      0x3b9 LwMesh/nwk/src/nwkRouteDiscovery.o
 .debug_abbrev  0x00001e7f      0x3d4 LwMesh/nwk/src/nwkRx.o
 .debug_abbrev  0x00002253      0x2bf LwMesh/nwk/src/nwkSecurity.o
 .debug_abbrev  0x00002512      0x38e LwMesh/nwk/src/nwkTx.o
 .debug_abbrev  0x000028a0      0x292 LwMesh/phy/atmegarfr2/src/phy.o
 .debug_abbrev  0x00002b32       0x80 LwMesh/sys/src/sys.o
 .debug_abbrev  0x00002bb2       0xda LwMesh/sys/src/sysEncrypt.o
 .debug_abbrev  0x00002c8c      0x199 LwMesh/sys/src/sysTimer.o
 .debug_abbrev  0x00002e25      0x35e PNEWELS.o
 .debug_abbrev  0x00003183      0x1ac PNEWELSFactoryInit.o
 .debug_abbrev  0x0000332f      0x151 PNEWELSRFInit.o
 .debug_abbrev  0x00003480       0x87 pne_appDelay.o
 .debug_abbrev  0x00003507      0x292 pne_appTwi.o
 .debug_abbrev  0x00003799      0x325 PNE_Factory.o
 .debug_abbrev  0x00003abe      0x33f pne_rf_processor.o
 .debug_abbrev  0x00003dfd      0x17e UserApp/appPNEWELS_time/src/appPNEWELSTime2.o
 .debug_abbrev  0x00003f7b      0x115 UserApp/battery/appBattery.o
 .debug_abbrev  0x00004090      0x11c UserApp/crc/crc.o
 .debug_abbrev  0x000041ac      0x2bf UserApp/signature/pnesign.o

.debug_line     0x00000000     0x932a
 *(.debug_line .debug_line.* .debug_line_end)
 .debug_line    0x00000000      0x171 appEeprom.o
 .debug_line    0x00000171      0x2f4 appIb.o
 .debug_line    0x00000465      0x391 appNwk.o
 .debug_line    0x000007f6      0x113 appVerify.o
 .debug_line    0x00000909      0x5c6 ASF TWI/twi_megarf.o
 .debug_line    0x00000ecf      0x327 ASF USART/hal/drivers/usart_megarf.o
 .debug_line    0x000011f6      0x262 device.o
 .debug_line    0x00001458      0x43c PNE EXT INT/hal/drivers/ext_int_megarf.o
 .debug_line    0x00001894      0x32d PNE GPIO/hal/drivers/gpio.o
 .debug_line    0x00001bc1      0x187 LwMesh/hal/atmega256rfr2/src/hal.o
 .debug_line    0x00001d48      0x12e LwMesh/hal/atmega256rfr2/src/halTimer.o
 .debug_line    0x00001e76      0x2f4 LwMesh/nwk/src/nwk.o
 .debug_line    0x0000216a      0x263 LwMesh/nwk/src/nwkDataReq.o
 .debug_line    0x000023cd      0x1dc LwMesh/nwk/src/nwkFrame.o
 .debug_line    0x000025a9      0x460 LwMesh/nwk/src/nwkRoute.o
 .debug_line    0x00002a09      0x544 LwMesh/nwk/src/nwkRouteDiscovery.o
 .debug_line    0x00002f4d      0x534 LwMesh/nwk/src/nwkRx.o
 .debug_line    0x00003481      0x2b2 LwMesh/nwk/src/nwkSecurity.o
 .debug_line    0x00003733      0x51a LwMesh/nwk/src/nwkTx.o
 .debug_line    0x00003c4d      0x4e6 LwMesh/phy/atmegarfr2/src/phy.o
 .debug_line    0x00004133      0x180 LwMesh/sys/src/sys.o
 .debug_line    0x000042b3      0x112 LwMesh/sys/src/sysEncrypt.o
 .debug_line    0x000043c5      0x2be LwMesh/sys/src/sysTimer.o
 .debug_line    0x00004683     0x151d PNEWELS.o
 .debug_line    0x00005ba0      0x209 PNEWELSFactoryInit.o
 .debug_line    0x00005da9      0x14b PNEWELSRFInit.o
 .debug_line    0x00005ef4       0xba pne_appDelay.o
 .debug_line    0x00005fae      0x8a2 pne_appTwi.o
 .debug_line    0x00006850     0x13ca PNE_Factory.o
 .debug_line    0x00007c1a      0xa6d pne_rf_processor.o
 .debug_line    0x00008687      0x2e2 UserApp/appPNEWELS_time/src/appPNEWELSTime2.o
 .debug_line    0x00008969      0x1e3 UserApp/battery/appBattery.o
 .debug_line    0x00008b4c      0x16a UserApp/crc/crc.o
 .debug_line    0x00008cb6      0x674 UserApp/signature/pnesign.o

.debug_frame    0x00000000     0x23f0
 *(.debug_frame)
 .debug_frame   0x00000000       0x9c appEeprom.o
 .debug_frame   0x0000009c       0xa8 appIb.o
 .debug_frame   0x00000144       0x8c appNwk.o
 .debug_frame   0x000001d0       0x40 appVerify.o
 .debug_frame   0x00000210      0x10c ASF TWI/twi_megarf.o
 .debug_frame   0x0000031c      0x158 ASF USART/hal/drivers/usart_megarf.o
 .debug_frame   0x00000474       0x44 device.o
 .debug_frame   0x000004b8      0x448 PNE EXT INT/hal/drivers/ext_int_megarf.o
 .debug_frame   0x00000900       0x94 PNE GPIO/hal/drivers/gpio.o
 .debug_frame   0x00000994       0x34 LwMesh/hal/atmega256rfr2/src/hal.o
 .debug_frame   0x000009c8       0x54 LwMesh/hal/atmega256rfr2/src/halTimer.o
 .debug_frame   0x00000a1c       0xd4 LwMesh/nwk/src/nwk.o
 .debug_frame   0x00000af0       0x68 LwMesh/nwk/src/nwkDataReq.o
 .debug_frame   0x00000b58       0x64 LwMesh/nwk/src/nwkFrame.o
 .debug_frame   0x00000bbc      0x16c LwMesh/nwk/src/nwkRoute.o
 .debug_frame   0x00000d28      0x1dc LwMesh/nwk/src/nwkRouteDiscovery.o
 .debug_frame   0x00000f04       0xf0 LwMesh/nwk/src/nwkRx.o
 .debug_frame   0x00000ff4       0x84 LwMesh/nwk/src/nwkSecurity.o
 .debug_frame   0x00001078      0x154 LwMesh/nwk/src/nwkTx.o
 .debug_frame   0x000011cc      0x188 LwMesh/phy/atmegarfr2/src/phy.o
 .debug_frame   0x00001354       0x34 LwMesh/sys/src/sys.o
 .debug_frame   0x00001388       0x24 LwMesh/sys/src/sysEncrypt.o
 .debug_frame   0x000013ac       0xc0 LwMesh/sys/src/sysTimer.o
 .debug_frame   0x0000146c      0x1d4 PNEWELS.o
 .debug_frame   0x00001640       0x4c PNEWELSFactoryInit.o
 .debug_frame   0x0000168c       0x34 PNEWELSRFInit.o
 .debug_frame   0x000016c0       0x24 pne_appDelay.o
 .debug_frame   0x000016e4      0x1ec pne_appTwi.o
 .debug_frame   0x000018d0      0x26c PNE_Factory.o
 .debug_frame   0x00001b3c      0x3d4 pne_rf_processor.o
 .debug_frame   0x00001f10      0x124 UserApp/appPNEWELS_time/src/appPNEWELSTime2.o
 .debug_frame   0x00002034       0x48 UserApp/battery/appBattery.o
 .debug_frame   0x0000207c       0xc8 UserApp/crc/crc.o
 .debug_frame   0x00002144      0x2ac UserApp/signature/pnesign.o

.debug_str      0x00000000     0x46b1
 *(.debug_str)
 .debug_str     0x00000000      0x1b9 appEeprom.o
                                0x1ff (size before relaxing)
 .debug_str     0x000001b9      0xc22 appIb.o
                                0xe27 (size before relaxing)
 .debug_str     0x00000ddb      0x261 appNwk.o
                                0xaaf (size before relaxing)
 .debug_str     0x0000103c       0x64 appVerify.o
                                0x763 (size before relaxing)
 .debug_str     0x000010a0      0x6d6 ASF TWI/twi_megarf.o
                                0x860 (size before relaxing)
 .debug_str     0x00001776      0x432 ASF USART/hal/drivers/usart_megarf.o
                                0xc56 (size before relaxing)
 .debug_str     0x00001ba8      0x10f device.o
                                0x908 (size before relaxing)
 .debug_str     0x00001cb7      0x2ea PNE EXT INT/hal/drivers/ext_int_megarf.o
                                0x576 (size before relaxing)
 .debug_str     0x00001fa1       0x66 PNE GPIO/hal/drivers/gpio.o
                                0x305 (size before relaxing)
 .debug_str     0x00002007       0x6b LwMesh/hal/atmega256rfr2/src/hal.o
                                0x1cd (size before relaxing)
 .debug_str     0x00002072       0x48 LwMesh/hal/atmega256rfr2/src/halTimer.o
                                0x1c7 (size before relaxing)
 .debug_str     0x000020ba      0x18a LwMesh/nwk/src/nwk.o
                                0x3b6 (size before relaxing)
 .debug_str     0x00002244      0x202 LwMesh/nwk/src/nwkDataReq.o
                                0x5a8 (size before relaxing)
 .debug_str     0x00002446       0x62 LwMesh/nwk/src/nwkFrame.o
                                0x447 (size before relaxing)
 .debug_str     0x000024a8      0x202 LwMesh/nwk/src/nwkRoute.o
                                0x61c (size before relaxing)
 .debug_str     0x000026aa      0x211 LwMesh/nwk/src/nwkRouteDiscovery.o
                                0x781 (size before relaxing)
 .debug_str     0x000028bb      0x2d8 LwMesh/nwk/src/nwkRx.o
                                0x7e5 (size before relaxing)
 .debug_str     0x00002b93      0x1aa LwMesh/nwk/src/nwkSecurity.o
                                0x54c (size before relaxing)
 .debug_str     0x00002d3d      0x1bb LwMesh/nwk/src/nwkTx.o
                                0x735 (size before relaxing)
 .debug_str     0x00002ef8      0x555 LwMesh/phy/atmegarfr2/src/phy.o
                                0x803 (size before relaxing)
 .debug_str     0x0000344d       0x3b LwMesh/sys/src/sys.o
                                0x21c (size before relaxing)
 .debug_str     0x00003488       0x1f LwMesh/sys/src/sysEncrypt.o
                                0x1d0 (size before relaxing)
 .debug_str     0x000034a7       0x56 LwMesh/sys/src/sysTimer.o
                                0x284 (size before relaxing)
 .debug_str     0x000034fd      0x960 PNEWELS.o
                               0x1a63 (size before relaxing)
 .debug_str     0x00003e5d       0x3a PNEWELSFactoryInit.o
                                0xe75 (size before relaxing)
 .debug_str     0x00003e97       0x30 PNEWELSRFInit.o
                                0xddc (size before relaxing)
 .debug_str     0x00003ec7       0x2b pne_appDelay.o
                                0x191 (size before relaxing)
 .debug_str     0x00003ef2      0x232 pne_appTwi.o
                               0x13a2 (size before relaxing)
 .debug_str     0x00004124      0x223 PNE_Factory.o
                               0x15ca (size before relaxing)
 .debug_str     0x00004347      0x102 pne_rf_processor.o
                               0x129f (size before relaxing)
 .debug_str     0x00004449       0xef UserApp/appPNEWELS_time/src/appPNEWELSTime2.o
                                0x2b2 (size before relaxing)
 .debug_str     0x00004538       0x20 UserApp/battery/appBattery.o
                                0xa6e (size before relaxing)
 .debug_str     0x00004558       0x59 UserApp/crc/crc.o
                                0x1a1 (size before relaxing)
 .debug_str     0x000045b1      0x100 UserApp/signature/pnesign.o
                                0x86f (size before relaxing)

.debug_loc      0x00000000     0xb729
 *(.debug_loc)
 .debug_loc     0x00000000      0x27b appEeprom.o
 .debug_loc     0x0000027b      0x125 appIb.o
 .debug_loc     0x000003a0      0x19b appNwk.o
 .debug_loc     0x0000053b       0xed appVerify.o
 .debug_loc     0x00000628      0x386 ASF TWI/twi_megarf.o
 .debug_loc     0x000009ae      0x7a6 ASF USART/hal/drivers/usart_megarf.o
 .debug_loc     0x00001154       0x26 device.o
 .debug_loc     0x0000117a      0x9e7 PNE EXT INT/hal/drivers/ext_int_megarf.o
 .debug_loc     0x00001b61      0x103 PNE GPIO/hal/drivers/gpio.o
 .debug_loc     0x00001c64       0x21 LwMesh/hal/atmega256rfr2/src/hal.o
 .debug_loc     0x00001c85       0x62 LwMesh/hal/atmega256rfr2/src/halTimer.o
 .debug_loc     0x00001ce7      0x14d LwMesh/nwk/src/nwk.o
 .debug_loc     0x00001e34      0x137 LwMesh/nwk/src/nwkDataReq.o
 .debug_loc     0x00001f6b       0xe2 LwMesh/nwk/src/nwkFrame.o
 .debug_loc     0x0000204d      0x737 LwMesh/nwk/src/nwkRoute.o
 .debug_loc     0x00002784      0xa4b LwMesh/nwk/src/nwkRouteDiscovery.o
 .debug_loc     0x000031cf      0x5d2 LwMesh/nwk/src/nwkRx.o
 .debug_loc     0x000037a1      0x1d1 LwMesh/nwk/src/nwkSecurity.o
 .debug_loc     0x00003972      0x671 LwMesh/nwk/src/nwkTx.o
 .debug_loc     0x00003fe3      0x4f6 LwMesh/phy/atmegarfr2/src/phy.o
 .debug_loc     0x000044d9       0x4c LwMesh/sys/src/sysEncrypt.o
 .debug_loc     0x00004525      0x42e LwMesh/sys/src/sysTimer.o
 .debug_loc     0x00004953      0xa97 PNEWELS.o
 .debug_loc     0x000053ea       0xa5 PNEWELSFactoryInit.o
 .debug_loc     0x0000548f      0x137 PNEWELSRFInit.o
 .debug_loc     0x000055c6       0x4c pne_appDelay.o
 .debug_loc     0x00005612     0x1062 pne_appTwi.o
 .debug_loc     0x00006674     0x1322 PNE_Factory.o
 .debug_loc     0x00007996     0x1217 pne_rf_processor.o
 .debug_loc     0x00008bad      0x3bd UserApp/appPNEWELS_time/src/appPNEWELSTime2.o
 .debug_loc     0x00008f6a       0x70 UserApp/battery/appBattery.o
 .debug_loc     0x00008fda      0x508 UserApp/crc/crc.o
 .debug_loc     0x000094e2     0x2247 UserApp/signature/pnesign.o

.debug_macinfo
 *(.debug_macinfo)

.debug_weaknames
 *(.debug_weaknames)

.debug_funcnames
 *(.debug_funcnames)

.debug_typenames
 *(.debug_typenames)

.debug_varnames
 *(.debug_varnames)

.debug_pubtypes
 *(.debug_pubtypes)

.debug_ranges   0x00000000      0xb28
 *(.debug_ranges)
 .debug_ranges  0x00000000       0x28 appEeprom.o
 .debug_ranges  0x00000028       0x28 appIb.o
 .debug_ranges  0x00000050       0x38 appNwk.o
 .debug_ranges  0x00000088       0x18 appVerify.o
 .debug_ranges  0x000000a0       0x60 ASF TWI/twi_megarf.o
 .debug_ranges  0x00000100       0x38 ASF USART/hal/drivers/usart_megarf.o
 .debug_ranges  0x00000138       0x20 device.o
 .debug_ranges  0x00000158       0xa8 PNE EXT INT/hal/drivers/ext_int_megarf.o
 .debug_ranges  0x00000200       0x48 PNE GPIO/hal/drivers/gpio.o
 .debug_ranges  0x00000248       0x18 LwMesh/hal/atmega256rfr2/src/hal.o
 .debug_ranges  0x00000260       0x20 LwMesh/hal/atmega256rfr2/src/halTimer.o
 .debug_ranges  0x00000280       0x60 LwMesh/nwk/src/nwk.o
 .debug_ranges  0x000002e0       0x28 LwMesh/nwk/src/nwkDataReq.o
 .debug_ranges  0x00000308       0x30 LwMesh/nwk/src/nwkFrame.o
 .debug_ranges  0x00000338       0x70 LwMesh/nwk/src/nwkRoute.o
 .debug_ranges  0x000003a8       0x68 LwMesh/nwk/src/nwkRouteDiscovery.o
 .debug_ranges  0x00000410       0x78 LwMesh/nwk/src/nwkRx.o
 .debug_ranges  0x00000488       0x48 LwMesh/nwk/src/nwkSecurity.o
 .debug_ranges  0x000004d0       0x70 LwMesh/nwk/src/nwkTx.o
 .debug_ranges  0x00000540       0x88 LwMesh/phy/atmegarfr2/src/phy.o
 .debug_ranges  0x000005c8       0x18 LwMesh/sys/src/sys.o
 .debug_ranges  0x000005e0       0x10 LwMesh/sys/src/sysEncrypt.o
 .debug_ranges  0x000005f0       0x70 LwMesh/sys/src/sysTimer.o
 .debug_ranges  0x00000660      0x108 PNEWELS.o
 .debug_ranges  0x00000768       0x20 PNEWELSFactoryInit.o
 .debug_ranges  0x00000788       0x10 PNEWELSRFInit.o
 .debug_ranges  0x00000798       0x10 pne_appDelay.o
 .debug_ranges  0x000007a8       0x58 pne_appTwi.o
 .debug_ranges  0x00000800       0xe8 PNE_Factory.o
 .debug_ranges  0x000008e8      0x110 pne_rf_processor.o
 .debug_ranges  0x000009f8       0x90 UserApp/appPNEWELS_time/src/appPNEWELSTime2.o
 .debug_ranges  0x00000a88       0x18 UserApp/battery/appBattery.o
 .debug_ranges  0x00000aa0       0x28 UserApp/crc/crc.o
 .debug_ranges  0x00000ac8       0x60 UserApp/signature/pnesign.o

.debug_macro
 *(.debug_macro)
OUTPUT(PNEWELS.elf elf32-avr)
LOAD linker stubs
